BL51 BANKED LINKER/LOCATER V5.11                                                        06/29/2011  15:31:04  PAGE 1


BL51 BANKED LINKER/LOCATER V5.11, INVOKED BY:
C:\KEIL\C51\BIN\BL51.EXE COMMON {.\LIB_RFD\ZigBeePRO_RFD_LIB_MAIN_V22.LIB}, BANK0 {.\LIB_RFD\ZigBeePRO_RFD_LIB_SEC_V22.L
>> IB}, BANK0 {.\LIB_RFD\ZigBeePRO_RFD_LIB_NWK_V22.LIB}, BANK0 {.\LIB_RFD\ZigBeePRO_RFD_LIB_MAC_V22.LIB}, BANK0 {.\LIB_R
>> FD\ZigBeePRO_RFD_LIB_APS_V22.LIB}, BANK1 {.\HEX\UART.obj}, BANK1 {.\HEX\PHY.obj}, BANK1 {.\HEX\FLASH.obj}, BANK1 {.\H
>> EX\WDT.obj}, BANK1 {.\HEX\TIMER.obj}, BANK1 {.\HEX\ADC.obj}, BANK1 {.\HEX\SECURITY.obj}, BANK1 {.\HEX\UTIL_SYS.obj}, 
>> BANK1 {.\HEX\UTIL_APP.obj}, COMMON {.\HEX\ISR_USER.obj}, COMMON {.\HEX\Z_USER_ADC.obj}, BANK3 {.\HEX\REBOOT.obj} TO .
>> \HEX\ZigBeePRO_DK_ADC_RFD BANKAREA (0X8000, 0XFFFF) PRINT (.\LST\ZigBeePRO_DK_ADC_RFD.m51) CODE (0X0000-0XFFFF) XDATA
>>  (0X0000-0X1FFF)


MEMORY MODEL: LARGE


INPUT MODULES INCLUDED:
  .\HEX\UART.obj (UART)
  .\HEX\PHY.obj (PHY)
  .\HEX\FLASH.obj (FLASH)
  .\HEX\WDT.obj (WDT)
  .\HEX\TIMER.obj (TIMER)
  .\HEX\ADC.obj (ADC)
  .\HEX\SECURITY.obj (SECURITY)
  .\HEX\UTIL_SYS.obj (UTIL_SYS)
  .\HEX\UTIL_APP.obj (UTIL_APP)
  .\HEX\ISR_USER.obj (ISR_USER)
  .\HEX\Z_USER_ADC.obj (Z_USER_ADC)
  .\HEX\REBOOT.obj (REBOOT)
  .\LIB_RFD\ZigBeePRO_RFD_LIB_MAIN_V22.LIB (MAIN)
  .\LIB_RFD\ZigBeePRO_RFD_LIB_MAIN_V22.LIB (RPMEMCPY)
  .\LIB_RFD\ZigBeePRO_RFD_LIB_MAIN_V22.LIB (?C_STARTUP)
  .\LIB_RFD\ZigBeePRO_RFD_LIB_MAIN_V22.LIB (?BANK?SWITCHING)
  .\LIB_RFD\ZigBeePRO_RFD_LIB_SEC_V22.LIB (ZSEC)
  .\LIB_RFD\ZigBeePRO_RFD_LIB_NWK_V22.LIB (ZNWK)
  .\LIB_RFD\ZigBeePRO_RFD_LIB_NWK_V22.LIB (ZNWK_MAC_IND)
  .\LIB_RFD\ZigBeePRO_RFD_LIB_MAC_V22.LIB (ZMAC)
  .\LIB_RFD\ZigBeePRO_RFD_LIB_APS_V22.LIB (ZAPS)
  .\LIB_RFD\ZigBeePRO_RFD_LIB_APS_V22.LIB (ZAPS_NWK_IND)
  .\LIB_RFD\ZigBeePRO_RFD_LIB_MAIN_V22.LIB (ZSEC_SW)
  C:\KEIL\C51\LIB\C51L.LIB (?C_INIT)
  C:\KEIL\C51\LIB\C51L.LIB (?C?COPY)
  C:\KEIL\C51\LIB\C51L.LIB (?C?CLDPTR)
  C:\KEIL\C51\LIB\C51L.LIB (?C?CLDOPTR)
  C:\KEIL\C51\LIB\C51L.LIB (?C?CILDPTR)
  C:\KEIL\C51\LIB\C51L.LIB (?C?CILDOPTR)
  C:\KEIL\C51\LIB\C51L.LIB (?C?CSTPTR)
  C:\KEIL\C51\LIB\C51L.LIB (?C?CSTOPTR)
  C:\KEIL\C51\LIB\C51L.LIB (?C?IMUL)
  C:\KEIL\C51\LIB\C51L.LIB (?C?UIDIV)
  C:\KEIL\C51\LIB\C51L.LIB (?C?IILDX)
  C:\KEIL\C51\LIB\C51L.LIB (?C?ILDPTR)
  C:\KEIL\C51\LIB\C51L.LIB (?C?ILDOPTR)
  C:\KEIL\C51\LIB\C51L.LIB (?C?ISTPTR)
  C:\KEIL\C51\LIB\C51L.LIB (?C?ISTOPTR)
  C:\KEIL\C51\LIB\C51L.LIB (?C?LADD)
  C:\KEIL\C51\LIB\C51L.LIB (?C?LMUL)
  C:\KEIL\C51\LIB\C51L.LIB (?C?ULDIV)
  C:\KEIL\C51\LIB\C51L.LIB (?C?LAND)
  C:\KEIL\C51\LIB\C51L.LIB (?C?LOR)
  C:\KEIL\C51\LIB\C51L.LIB (?C?LXOR)
BL51 BANKED LINKER/LOCATER V5.11                                                      06/29/2011  15:31:04  PAGE 2


  C:\KEIL\C51\LIB\C51L.LIB (?C?ULCMP)
  C:\KEIL\C51\LIB\C51L.LIB (?C?ULSHR)
  C:\KEIL\C51\LIB\C51L.LIB (?C?LSHL)
  C:\KEIL\C51\LIB\C51L.LIB (?C?LLDPTR)
  C:\KEIL\C51\LIB\C51L.LIB (?C?LLDOPTR)
  C:\KEIL\C51\LIB\C51L.LIB (?C?LSTPTR)
  C:\KEIL\C51\LIB\C51L.LIB (?C?LSTOPTR)
  C:\KEIL\C51\LIB\C51L.LIB (?C?LLDXDATA)
  C:\KEIL\C51\LIB\C51L.LIB (?C?LLDXDATA0)
  C:\KEIL\C51\LIB\C51L.LIB (?C?LLDOPTR0)
  C:\KEIL\C51\LIB\C51L.LIB (?C?LSTXDATA)
  C:\KEIL\C51\LIB\C51L.LIB (?C?LSTKXDATA)
  C:\KEIL\C51\LIB\C51L.LIB (?C?LSTKOPTR)
  C:\KEIL\C51\LIB\C51L.LIB (?C?OFFXADD)
  C:\KEIL\C51\LIB\C51L.LIB (?C?PLDXDATA)
  C:\KEIL\C51\LIB\C51L.LIB (?C?PSTXDATA)
  C:\KEIL\C51\LIB\C51L.LIB (?C?PLDOPTR)
  C:\KEIL\C51\LIB\C51L.LIB (?C?PSTOPTR)
  C:\KEIL\C51\LIB\C51L.LIB (?C?CCASE)
  C:\KEIL\C51\LIB\C51L.LIB (?C?ICASE)
  C:\KEIL\C51\LIB\C51L.LIB (?C?LCASE)
  C:\KEIL\C51\LIB\C51L.LIB (?C_XBP)
  C:\KEIL\C51\LIB\C51L.LIB (RAND)
  C:\KEIL\C51\LIB\C51L.LIB (TOINT)
  C:\KEIL\C51\LIB\C51L.LIB (TOUPPER)
  C:\KEIL\C51\LIB\C51L.LIB (?C?MEMCMP)
  C:\KEIL\C51\LIB\C51L.LIB (?C?MEMSET)
  C:\KEIL\C51\LIB\C51L.LIB (VSPRINTF)
  C:\KEIL\C51\LIB\C51L.LIB (?C?LLDIDATA)
  C:\KEIL\C51\LIB\C51L.LIB (?C?LLDPDATA)
  C:\KEIL\C51\LIB\C51L.LIB (?C?LLDCODE)
  C:\KEIL\C51\LIB\C51L.LIB (?C?LLDIDATA0)
  C:\KEIL\C51\LIB\C51L.LIB (?C?LLDPDATA0)
  C:\KEIL\C51\LIB\C51L.LIB (?C?LLDCODE0)
  C:\KEIL\C51\LIB\C51L.LIB (?C?LSTIDATA)
  C:\KEIL\C51\LIB\C51L.LIB (?C?LSTPDATA)
  C:\KEIL\C51\LIB\C51L.LIB (?C?LSTKIDATA)
  C:\KEIL\C51\LIB\C51L.LIB (?C?LSTKPDATA)
  C:\KEIL\C51\LIB\C51L.LIB (?C?PLDIDATA)
  C:\KEIL\C51\LIB\C51L.LIB (?C?PSTIDATA)
  C:\KEIL\C51\LIB\C51L.LIB (?C?PLDPDATA)
  C:\KEIL\C51\LIB\C51L.LIB (?C?PSTPDATA)
  C:\KEIL\C51\LIB\C51L.LIB (?C?PLDCODE)
  C:\KEIL\C51\LIB\C51L.LIB (PRINTF)
  C:\KEIL\C51\LIB\C51L.LIB (?C?PLDIXDATA)
  C:\KEIL\C51\LIB\C51L.LIB (PUTCHAR)


LINK MAP OF MODULE:  .\HEX\ZigBeePRO_DK_ADC_RFD (UART)


            TYPE    BASE      LENGTH    RELOCATION   SEGMENT NAME
            -----------------------------------------------------

            * * * * * * *   D A T A   M E M O R Y   * * * * * * *
            REG     0000H     0008H     ABSOLUTE     "REG BANK 0"
            DATA    0008H     0005H     UNIT         _DATA_GROUP_
BL51 BANKED LINKER/LOCATER V5.11                                                      06/29/2011  15:31:04  PAGE 3


            DATA    000DH     0002H     UNIT         ?C?LIB_DATA
            DATA    000FH     0001H     UNIT         ?BANK?DATA
                    0010H     0010H                  *** GAP ***
            BIT     0020H.0   0001H.1   UNIT         _BIT_GROUP_
            BIT     0021H.1   0000H.6   UNIT         ?BI?ZMAC
                    0021H.7   0000H.1                *** GAP ***
            IDATA   0022H     0001H     UNIT         ?STACK

            * * * * * * *  X D A T A   M E M O R Y  * * * * * * *
            XDATA   0000H     08D8H     UNIT         ?XD?Z_USER_ADC
            XDATA   08D8H     0507H     UNIT         _XDATA_GROUP_
            XDATA   0DDFH     017EH     UNIT         ?XD?ZMAC
            XDATA   0F5DH     0162H     UNIT         ?XD?ZNWK
            XDATA   10BFH     015DH     UNIT         ?XD?ZAPS
            XDATA   121CH     0105H     UNIT         ?XD?UART
            XDATA   1321H     0083H     UNIT         ?XD?ZSEC
            XDATA   13A4H     003EH     UNIT         ?XD?MAIN
            XDATA   13E2H     0025H     UNIT         ?XD?ZAPS_NWK_IND
            XDATA   1407H     001EH     UNIT         ?XD?ZNWK_MAC_IND
            XDATA   1425H     0015H     UNIT         ?XD?ISR_USER
            XDATA   143AH     0010H     UNIT         ?XD?_ZSCANF_DECIMAL?UTIL_APP
            XDATA   144AH     000BH     UNIT         ?XD?_ZHAL_FLASH_READ?FLASH
            XDATA   1455H     000AH     UNIT         ?XD?_ZHAL_FLASH_PAGE_WRITE_EXTEND?FLASH
            XDATA   145FH     000AH     UNIT         ?XD?_ZHAL_TIMER3_SET?TIMER
            XDATA   1469H     000AH     UNIT         ?XD?_ZZDP_SEND_NWKUPDATEREQ_EDSCAN?Z_USER_ADC
            XDATA   1473H     000AH     UNIT         ?XD?_ZZDP_SEND_NWKUPDATEREQ_NWKMANAGER?Z_USER_ADC
            XDATA   147DH     0008H     UNIT         ?XD?_ZSYS_ADC_CALIB_GET?ADC
            XDATA   1485H     0005H     UNIT         ?XD?_ZZDP_SEND_NWKADDRREQ?Z_USER_ADC
            XDATA   148AH     0005H     UNIT         ?XD?_ZZDP_SEND_NWKUPDATEREQ_CHANGECHANNEL?Z_USER_ADC
            XDATA   148FH     0004H     UNIT         ?XD?RAND?RAND
            XDATA   1493H     0003H     UNIT         ?XD?_CHECK_16BYTE_NULL?UTIL_SYS
            XDATA   1496H     0003H     UNIT         ?XD?_DISPLAY_RRECT?UTIL_APP
            XDATA   1499H     0003H     UNIT         ?XD?_ZUSER_NWK_JOIN_IND?Z_USER_ADC
            XDATA   149CH     0002H     UNIT         ?XD?_ZHAL_PORT1_INOUT_SET?PHY
            XDATA   149EH     0002H     UNIT         ?XD?_ZHAL_PORT3_INOUT_SET?PHY
            XDATA   14A0H     0002H     UNIT         ?XD?PHY
            XDATA   14A2H     0002H     UNIT         ?XD?_ZZDP_SEND_IEEEADDRREQ?Z_USER_ADC
            XDATA   14A4H     0001H     UNIT         ?XD?FLASH

            * * * * * * *   C O D E   M E M O R Y   * * * * * * *
            CODE    0000H     0003H     ABSOLUTE     
            CODE    0003H     0003H     ABSOLUTE     
            CODE    0006H     0005H     UNIT         ?PR?_ZUSER_ALLOCATE_NWKADDR?Z_USER_ADC
            CODE    000BH     0003H     ABSOLUTE     
            CODE    000EH     0004H     UNIT         ?PR?TIMER3_ISR?ISR_USER
            CODE    0012H     0001H     UNIT         ?PR?VOICE_ISR?ISR_USER
            CODE    0013H     0003H     ABSOLUTE     
            CODE    0016H     0003H     UNIT         ?PR?_ZUSER_OOB_RF_ISR?Z_USER_ADC
            CODE    0019H     0001H     UNIT         ?PR?ZUSER_HW_INIT?Z_USER_ADC
            CODE    001AH     0001H     UNIT         ?PR?_ZUSER_INTPR_DATA_IND?Z_USER_ADC
            CODE    001BH     0003H     ABSOLUTE     
                    001EH     0005H                  *** GAP ***
            CODE    0023H     0003H     ABSOLUTE     
            CODE    0026H     0014H     UNIT         ?PR?ISR_USER
                    003AH     0001H                  *** GAP ***
            CODE    003BH     0003H     ABSOLUTE     
                    003EH     0005H                  *** GAP ***
BL51 BANKED LINKER/LOCATER V5.11                                                      06/29/2011  15:31:04  PAGE 4


            CODE    0043H     0003H     ABSOLUTE     
                    0046H     0005H                  *** GAP ***
            CODE    004BH     0003H     ABSOLUTE     
                    004EH     0005H                  *** GAP ***
            CODE    0053H     0003H     ABSOLUTE     
                    0056H     0005H                  *** GAP ***
            CODE    005BH     0003H     ABSOLUTE     
                    005EH     0005H                  *** GAP ***
            CODE    0063H     0003H     ABSOLUTE     
                    0066H     0005H                  *** GAP ***
            CODE    006BH     0003H     ABSOLUTE     
                    006EH     0005H                  *** GAP ***
            CODE    0073H     0003H     ABSOLUTE     
            CODE    0076H     099DH     UNIT         ?C?LIB_CODE
            CODE    0A13H     0501H     UNIT         ?PR?Z_USER_ADC
            CODE    0F14H     00DAH     UNIT         ?PR?UART1_ISR?ISR_USER
            CODE    0FEEH     0011H     UNIT         ?PR?_TOUPPER?TOUPPER
                    0FFFH     0001H                  *** GAP ***
            CODE    1000H     0200H     ABSOLUTE     
            CODE    1200H     0631H     UNIT         ?CO?Z_USER_ADC
            CODE    1831H     0477H     UNIT         ?PR?_ZUSER_OOB_MNGT_IND?Z_USER_ADC
            CODE    1CA8H     0365H     UNIT         ?PR?PRINTF?PRINTF
            CODE    200DH     02BDH     UNIT         ?PR?_ZSYS_JOIN_PROCESS?Z_USER_ADC
            CODE    22CAH     02BCH     UNIT         ?PR?_PSDU_PARSER_FOR_MAC_HEAD_LOWQ?MAIN
            CODE    2586H     029AH     UNIT         ?PR?ZUSER_MAIN?Z_USER_ADC
            CODE    2820H     0267H     UNIT         ?PR?MAIN?MAIN
            CODE    2A87H     0244H     UNIT         ?PR?_ZZDP_CALLBACK_FOR_NWKUPDATEREQ?Z_USER_ADC
            CODE    2CCBH     023AH     UNIT         ?PR?RF_ISR?MAIN
            CODE    2F05H     0224H     UNIT         ?PR?_ZZDP_APS_DATA_IND?Z_USER_ADC
            CODE    3129H     00BFH     UNIT         ?PR?_ZOTA_PAGE_READ?Z_USER_ADC
            CODE    31E8H     0016H     UNIT         ?PR?AES_ISR?ISR_USER
                    31FEH     0002H                  *** GAP ***
            CODE    3200H     01CCH     PAGE         ?BANK?SWITCH
            CODE    33CCH     01CBH     UNIT         ?CO?UTIL_APP
            CODE    3597H     01AFH     UNIT         ?PR?ZUSER_INIT?Z_USER_ADC
            CODE    3746H     01A5H     UNIT         ?PR?_ZSEC_SW_MAKECCMBLOCK?ZSEC_SW
            CODE    38EBH     01A2H     UNIT         ?PR?_ZSEC_SW_CCMMODEDECRYPT?ZSEC_SW
            CODE    3A8DH     017EH     UNIT         ?PR?_ZZDP_CALLBACK_FOR_IEEEADDRREQ?Z_USER_ADC
            CODE    3C0BH     016FH     UNIT         ?PR?ZSYS_RX_PACKET_GET?MAIN
            CODE    3D7AH     016AH     UNIT         ?PR?_ZSEC_SW_CCMMODEENCRYPT?ZSEC_SW
            CODE    3EE4H     0161H     UNIT         ?PR?ZSYS_ALLOCATE_MEMORY?Z_USER_ADC
            CODE    4045H     0151H     UNIT         ?PR?_ZZDP_CALLBACK_FOR_NWKADDRREQ?Z_USER_ADC
            CODE    4196H     0141H     UNIT         ?PR?_ZZDP_CALLBACK_FOR_SIMPDESCREQ?Z_USER_ADC
            CODE    42D7H     0126H     UNIT         ?PR?_ZSEC_SW_MAKEKEYSTREAM?ZSEC_SW
            CODE    43FDH     0118H     UNIT         ?PR?_ZZDP_CALLBACK_FOR_NODEDESCREQ?Z_USER_ADC
            CODE    4515H     0117H     UNIT         ?PR?MAIN
            CODE    462CH     0114H     UNIT         ?C_C51STARTUP
            CODE    4740H     010CH     UNIT         ?PR?_ZSEC_SW_GETCIPHERANDMIC?ZSEC_SW
            CODE    484CH     00FAH     UNIT         ?C_INITSEG
            CODE    4946H     00F4H     UNIT         ?PR?ZSEC_SW
            CODE    4A3AH     00A3H     UNIT         ?PR?_ZSEC_SW_ENCRYPTCCMBLOCK?ZSEC_SW
            CODE    4ADDH     009AH     UNIT         ?PR?_ZZDP_CALLBACK_FOR_ACTIVEEPREQ?Z_USER_ADC
            CODE    4B77H     0096H     UNIT         ?PR?_ZOTA_PAGE_PROGRAM?Z_USER_ADC
            CODE    4C0DH     0095H     UNIT         ?PR?_ZUSER_OOB_DATA_IND?Z_USER_ADC
            CODE    4CA2H     0091H     UNIT         ?PR?_ZZDP_CALLBACK_FOR_DEVICEANNOUNCE?Z_USER_ADC
            CODE    4D33H     0091H     UNIT         ?PR?ZSYS_RECEIVER_RESUME?MAIN
            CODE    4DC4H     008FH     UNIT         ?PR?_ZZDP_SEND_NWKUPDATEREQ_CHANGECHANNEL?Z_USER_ADC
BL51 BANKED LINKER/LOCATER V5.11                                                      06/29/2011  15:31:04  PAGE 5


            CODE    4E53H     008DH     UNIT         ?PR?TIMER0_ISR?MAIN
            CODE    4EE0H     0089H     UNIT         ?PR?_ZUSER_NWK_JOIN_IND?Z_USER_ADC
            CODE    4F69H     007CH     UNIT         ?PR?_ZSYS_SET_Q_TIMER?MAIN
            CODE    4FE5H     0075H     UNIT         ?PR?INITIALIZE_ZDO_DESCRIPTOR?Z_USER_ADC
            CODE    505AH     0074H     UNIT         ?PR?_ZUSER_APS_ACK_RX_IND?Z_USER_ADC
            CODE    50CEH     0072H     UNIT         ?PR?ZUSER_RESET_NIB?Z_USER_ADC
            CODE    5140H     006FH     UNIT         ?PR?_ZSYS_GET_Q_TIMER?MAIN
            CODE    51AFH     006DH     UNIT         RADIOPUSE_MEMCPY
            CODE    521CH     0069H     UNIT         ?PR?_ZUSER_NWK_NWKADDRUPDATE_IND?Z_USER_ADC
            CODE    5285H     0069H     UNIT         ?PR?_ZSEC_SW_BUFFERSWAP?ZSEC_SW
            CODE    52EEH     0066H     UNIT         ?PR?TIMER1_ISR?ISR_USER
            CODE    5354H     0062H     UNIT         ?PR?SPI_ISR?ISR_USER
            CODE    53B6H     005EH     UNIT         ?PR?_ZZDP_SEND_NWKUPDATEREQ_NWKMANAGER?Z_USER_ADC
            CODE    5414H     0056H     UNIT         ?PR?_ZSEC_SW_AES?ZSEC_SW
            CODE    546AH     0053H     UNIT         ?PR?_PSDU_PARSER_FOR_PACKET_CHECK_LOWQ?MAIN
            CODE    54BDH     0051H     UNIT         ?PR?_ZUSER_APS_ACK_TX_IND?Z_USER_ADC
            CODE    550EH     004EH     UNIT         ?PR?ZSYS_SEND_DEVICE_ANNOUNCE?Z_USER_ADC
            CODE    555CH     004EH     UNIT         ?PR?_ZUSER_APS_DATA_IND?Z_USER_ADC
            CODE    55AAH     004DH     UNIT         ?PR?_ZZDP_SEND_NWKUPDATEREQ_EDSCAN?Z_USER_ADC
            CODE    55F7H     004DH     UNIT         ?PR?RAND?RAND
            CODE    5644H     004CH     UNIT         ?PR?REMOVEWARNING_ZDP_SEND?Z_USER_ADC
            CODE    5690H     004AH     UNIT         ?PR?_VSPRINTF?VSPRINTF
            CODE    56DAH     0044H     UNIT         ?PR?_ZZDP_SEND_IEEEADDRREQ?Z_USER_ADC
            CODE    571EH     003EH     UNIT         ?PR?_ZSYS_GET_USERTIMER?ISR_USER
            CODE    575CH     003EH     UNIT         ?PR?_ZZDP_SEND_NWKADDRREQ?Z_USER_ADC
            CODE    579AH     003DH     UNIT         ?PR?ZOTA_FLASH_ERASE?Z_USER_ADC
            CODE    57D7H     0038H     UNIT         ?PR?_ZUSER_NWK_STATUS_IND?Z_USER_ADC
            CODE    580FH     0035H     UNIT         ?PR?_ZSYS_SET_USERTIMER?ISR_USER
            CODE    5844H     0035H     UNIT         ?PR?_ZSYS_GET_V_TIMER?MAIN
            CODE    5879H     0035H     UNIT         ?PR?TIMER2_ISR?MAIN
            CODE    58AEH     0035H     UNIT         ?PR?_DECREASETIMESTAMP?MAIN
            CODE    58E3H     002CH     UNIT         ?PR?_ZSYS_SET_V_TIMER?MAIN
            CODE    590FH     002BH     UNIT         ?PR?_ZZDP_SEND_SIMPDESCREQ?Z_USER_ADC
            CODE    593AH     0028H     UNIT         ?PR?_ZZDP_CALLBACK_FOR_NWKADDRRSP?Z_USER_ADC
            CODE    5962H     0028H     UNIT         ?PR?_ZZDP_CALLBACK_FOR_IEEEADDRRSP?Z_USER_ADC
            CODE    598AH     0028H     UNIT         ?PR?ZSYS_RECEIVER_STOP?MAIN
            CODE    59B2H     0027H     UNIT         ?PR?_ZZDP_SEND_ACTIVEEPREQ?Z_USER_ADC
            CODE    59D9H     0027H     UNIT         ?PR?_ZUSER_NWK_LEAVE_IND?Z_USER_ADC
            CODE    5A00H     0027H     UNIT         ?PR?PUTCHAR?PUTCHAR
            CODE    5A27H     0024H     UNIT         ?PR?UART0_ISR?ISR_USER
            CODE    5A4BH     0024H     UNIT         ?PR?_ZZDP_SEND_NODEDESCREQ?Z_USER_ADC
            CODE    5A6FH     0020H     UNIT         ?PR?ZSYS_RX_PACKET_CLR?MAIN
            CODE    5A8FH     001DH     UNIT         ?PR?TOINT?TOINT
            CODE    5AACH     001CH     UNIT         ?PR?RTC_ISR?ISR_USER
            CODE    5AC8H     001BH     UNIT         ?PR?ZSYS_GET_NWK_TIMESTAMP?MAIN
            CODE    5AE3H     0013H     UNIT         ?PR?EXT0_ISR?ISR_USER
            CODE    5AF6H     0013H     UNIT         ?PR?EXT1_ISR?ISR_USER
            CODE    5B09H     000DH     UNIT         ?BANK?SELECT
            CODE    5B16H     000BH     UNIT         ?PR?_ZUSER_APS_ESTABLISH_KEY_IND?Z_USER_ADC
            CODE    5B21H     000BH     UNIT         ?PR?_ZUSER_APS_TRANSPORT_KEY_IND?Z_USER_ADC
            CODE    5B2CH     000BH     UNIT         ?PR?_ZUSER_APS_REQUEST_KEY_IND?Z_USER_ADC
            CODE    5B37H     000BH     UNIT         ?PR?_ZUSER_APS_SWITCH_KEY_IND?Z_USER_ADC
            CODE    5B42H     000BH     UNIT         ?PR?_ZUSER_APS_UPDATE_DEVICE_IND?Z_USER_ADC
            CODE    5B4DH     000BH     UNIT         ?PR?_ZUSER_APS_REMOVE_DEVICE_IND?Z_USER_ADC
            CODE    5B58H     000BH     UNIT         ?PR?_ZUSER_APS_CON?Z_USER_ADC
            CODE    5B63H     000BH     UNIT         ?PR?_ZUSER_NWK_CON?Z_USER_ADC

BL51 BANKED LINKER/LOCATER V5.11                                                      06/29/2011  15:31:04  PAGE 6


            * * * * * * *   C O D E   B A N K   0   * * * * * * *
                    0000H     8000H                  *** GAP ***
            BANK0   8000H     069BH     UNIT         ?PR?_ZNWK_DATA_IND?ZAPS_NWK_IND
            BANK0   869BH     05BBH     UNIT         ?PR?_ZMAC_DATA_IND?ZNWK_MAC_IND
            BANK0   8C56H     0482H     UNIT         ?PR?ZNWK
            BANK0   90D8H     033DH     UNIT         ?PR?ZMAC
            BANK0   9415H     0314H     UNIT         ?PR?_ZMAC_BEA_NOTI_IND?ZNWK_MAC_IND
            BANK0   9729H     02FEH     UNIT         ?PR?_ZMAC_SET_REQ?ZMAC
            BANK0   9A27H     02DCH     UNIT         ?PR?ZAPS
            BANK0   9D03H     02D2H     UNIT         ?PR?_ZNWK_JOIN_REQ_REJOIN2?ZNWK
            BANK0   9FD5H     02B5H     UNIT         ?PR?_ZNWK_GET_REQ?ZNWK
            BANK0   A28AH     02A2H     UNIT         ?PR?_ZMAC_GET_REQ?ZMAC
            BANK0   A52CH     028CH     UNIT         ?PR?_ZNWK_SET_REQ?ZNWK
            BANK0   A7B8H     0227H     UNIT         ?PR?_ZNWK_NET_DISC_REQ?ZNWK
            BANK0   A9DFH     020CH     UNIT         ?PR?_ZMAC_ASSO_REQ?ZMAC
            BANK0   ABEBH     020AH     UNIT         ?PR?_MAKEBEACONNOTIFYINDICATE?ZMAC
            BANK0   ADF5H     0205H     UNIT         ?PR?MAKEBEACONFRAME?ZMAC
            BANK0   AFFAH     01FDH     UNIT         ?PR?_ZSEC_OUTGOING_NWK_APS_SW?ZSEC
            BANK0   B1F7H     01F2H     UNIT         ?PR?_ZSEC_INCOMING_NWK_APS_SW?ZSEC
            BANK0   B3E9H     01E1H     UNIT         ?PR?_ZAPS_DATA_REQ?ZAPS
            BANK0   B5CAH     01D2H     UNIT         ?PR?_ZNWK_DATA_REQ_ZED?ZNWK
            BANK0   B79CH     01CFH     UNIT         ?PR?_ZNWK_JOIN_REQ_REJOIN0?ZNWK
            BANK0   B96BH     01C7H     UNIT         ?PR?_SELECT_BEST_PARENT?ZNWK
            BANK0   BB32H     01B0H     UNIT         ?PR?_MAKEDATAREQCMDFRAME?ZMAC
            BANK0   BCE2H     01AEH     UNIT         ?PR?ZNWK_MAC_IND
            BANK0   BE90H     01ADH     UNIT         ?PR?_APSLIB_PARSING_NSDU?ZAPS_NWK_IND
            BANK0   C03DH     01ACH     UNIT         ?PR?_MAKEMCPSDATAFRAME?ZMAC
            BANK0   C1E9H     01A6H     UNIT         ?PR?_ZAPS_SET_CONFIG_REQ?ZAPS
            BANK0   C38FH     0187H     UNIT         ?PR?_APSLIB_TRANSMIT_DATA?ZAPS
            BANK0   C516H     0182H     UNIT         ?PR?_ZMAC_SCAN_REQ_ORPHAN?ZMAC
            BANK0   C698H     0181H     UNIT         ?PR?_ZAPS_TRANSPORT_KEY_REQ?ZAPS
            BANK0   C819H     017DH     UNIT         ?PR?_ZNWK_SET_TABLE_REQ?ZNWK
            BANK0   C996H     017AH     UNIT         ?PR?ZAPS_NWK_IND
            BANK0   CB10H     0175H     UNIT         ?PR?_ZMAC_SCAN_REQ_ACTIVE?ZMAC
            BANK0   CC85H     0132H     UNIT         ?PR?_NWKLIB_TRANSMIT?ZNWK
            BANK0   CDB7H     0127H     UNIT         ?PR?_ZNWK_JOIN_REQ_REJOIN1?ZNWK
            BANK0   CEDEH     0125H     UNIT         ?PR?_ZMAC_SCAN_REQ_ED?ZMAC
            BANK0   D003H     0110H     UNIT         ?PR?_NWKLIB_DELETENT?ZNWK
            BANK0   D113H     0100H     UNIT         ?PR?_MAKEDATAINDICATE?ZMAC
            BANK0   D213H     00FAH     UNIT         ?PR?_NWKLIB_ADDNT?ZNWK
            BANK0   D30DH     00FAH     UNIT         ?PR?_NWKLIB_DEVMGMT_UPDATEIEEEADDR?ZNWK
            BANK0   D407H     00EFH     UNIT         ?PR?_ZMAC_SCAN_REQ?ZMAC
            BANK0   D4F6H     00EFH     UNIT         ?PR?_ZAPS_ADD_GROUP_REQ?ZAPS
            BANK0   D5E5H     00EEH     UNIT         ?PR?_ZAPS_GET_REQ?ZAPS
            BANK0   D6D3H     00EDH     UNIT         ?PR?RESET_MAC_PIB?ZMAC
            BANK0   D7C0H     00EAH     UNIT         ?PR?_NWKLIB_BTT_MANAGER?ZNWK
            BANK0   D8AAH     00E6H     UNIT         ?PR?_ZNWK_LEAVE_REQ?ZNWK
            BANK0   D990H     00E2H     UNIT         ?PR?_ZNWK_PROC_REJ_RSP?ZNWK_MAC_IND
            BANK0   DA72H     00E1H     UNIT         ?PR?ZSEC
            BANK0   DB53H     00E0H     UNIT         ?PR?_NWKLIB_PARSING_MSDU?ZNWK_MAC_IND
            BANK0   DC33H     00DDH     UNIT         ?PR?_ZAPS_SET_REQ?ZAPS
            BANK0   DD10H     00D3H     UNIT         ?PR?_APSLIB_FINDBT_ENTRY?ZAPS
            BANK0   DDE3H     00D1H     UNIT         ?PR?_APSLIB_MAKE_HEADER?ZAPS
            BANK0   DEB4H     00CEH     UNIT         ?PR?_ZMAC_POLL_REQ?ZMAC
            BANK0   DF82H     00CBH     UNIT         ?PR?_MAKEASSOREQCMDFRAME?ZMAC
            BANK0   E04DH     00CBH     UNIT         ?PR?_MAKEBEACONINFORMATION?ZMAC
            BANK0   E118H     00C9H     UNIT         ?PR?_DELETE_NT_OTHEREPID_DEVICE?ZNWK
BL51 BANKED LINKER/LOCATER V5.11                                                      06/29/2011  15:31:04  PAGE 7


            BANK0   E1E1H     00C2H     UNIT         ?PR?_NWKLIB_FINDNT_EXPANDNWKADDR?ZNWK
            BANK0   E2A3H     00C0H     UNIT         ?PR?_ZMAC_BEA_NOTI_IND_RUNTIME?ZNWK_MAC_IND
            BANK0   E363H     00BCH     UNIT         ?PR?_APSLIB_TRANSMIT_CMD?ZAPS
            BANK0   E41FH     00B6H     UNIT         ?PR?_ZNWK_JOIN_REQ?ZNWK
            BANK0   E4D5H     00B3H     UNIT         ?PR?_ZNWK_GET_TABLE_REQ?ZNWK
            BANK0   E588H     00ABH     UNIT         ?PR?ZMAC_P2M_PARSER?ZMAC
            BANK0   E633H     00A6H     UNIT         ?PR?_MACLIB_TRANSMITOPERATE?ZMAC
            BANK0   E6D9H     00A3H     UNIT         ?PR?APSLIB_REMOVEWARNING?ZAPS
            BANK0   E77CH     00A0H     UNIT         ?PR?ZNWK_INIT_NIB?ZNWK
            BANK0   E81CH     009CH     UNIT         ?PR?_APSLIB_ACKTRANSMIT?ZAPS_NWK_IND
            BANK0   E8B8H     009AH     UNIT         ?PR?_NWKLIB_DEVMGMT_ADDNT?ZNWK
            BANK0   E952H     009AH     UNIT         ?PR?_ZAPS_SET_TABLE_REQ?ZAPS
            BANK0   E9ECH     0099H     UNIT         ?PR?_ZSEC_SETNWKSECMATERIAL?ZSEC
            BANK0   EA85H     0099H     UNIT         ?PR?_ZAPS_REMOVE_ALL_GROUP_REQ?ZAPS
            BANK0   EB1EH     0096H     UNIT         ?PR?NWKLIB_MAKE_HEADER_V2?ZNWK
            BANK0   EBB4H     008EH     UNIT         ?PR?_NWKLIB_FILL_HEADER_V2?ZNWK
            BANK0   EC42H     0085H     UNIT         ?PR?_ZNWK_PROC_LEAVE?ZNWK_MAC_IND
            BANK0   ECC7H     0085H     UNIT         ?PR?_MACLIB_GET_FRAMECONTROL?ZMAC
            BANK0   ED4CH     0081H     UNIT         ?PR?_CHECK_CHANNELMASK?ZNWK
            BANK0   EDCDH     007DH     UNIT         ?PR?_ZNWK_JOIN_REQ_REJOIN3?ZNWK
            BANK0   EE4AH     0079H     UNIT         ?PR?_APSLIB_BINDCOUNTCHECK?ZAPS
            BANK0   EEC3H     0078H     UNIT         ?PR?_ZAPS_GET_TABLE_REQ?ZAPS
            BANK0   EF3BH     0076H     UNIT         ?PR?_ZAPS_REMOVE_GROUP_REQ?ZAPS
            BANK0   EFB1H     0074H     UNIT         ?PR?_DESCRIPTOR_COMPARE?ZNWK
            BANK0   F025H     0072H     UNIT         ?PR?_ZAPS_BIND_REQ?ZAPS
            BANK0   F097H     006DH     UNIT         ?PR?_ZAPS_REQUEST_KEY_REQ?ZAPS
            BANK0   F104H     006CH     UNIT         ?PR?_NWKLIB_DELETENAM?ZNWK
            BANK0   F170H     006BH     UNIT         ?PR?NWKLIB_REMOVEWARNING?ZNWK
            BANK0   F1DBH     006AH     UNIT         ?PR?_APSLIB_FINDBT_CLUSTERANDEP?ZAPS
            BANK0   F245H     0067H     UNIT         ?PR?_APSLIB_FINDGT_GROUPADDR_EP?ZAPS
            BANK0   F2ACH     0062H     UNIT         ?PR?ZNWK_INIT_PARAMETER?ZNWK
            BANK0   F30EH     0061H     UNIT         ?PR?_MACLIB_TX_MACFRAME?ZMAC
            BANK0   F36FH     0060H     UNIT         ?PR?_ZSEC_INCREMENT_4BYTE_ARRAY?ZSEC
            BANK0   F3CFH     0060H     UNIT         ?PR?_ZNWK_DATA_REQ?ZNWK
            BANK0   F42FH     005EH     UNIT         ?PR?_ZSEC_FINDNWKSECMATERIAL_WITHKEYSEQ?ZSEC
            BANK0   F48DH     005EH     UNIT         ?PR?ZAPS_INIT_AIB?ZAPS
            BANK0   F4EBH     005DH     UNIT         ?PR?_ZNWK_PROC_NWK_UPDATE?ZNWK_MAC_IND
            BANK0   F548H     005CH     UNIT         ?PR?_NWKLIB_FINDNT_IEEEADDR?ZNWK
            BANK0   F5A4H     005BH     UNIT         ?PR?_NWKLIB_DEVMGMT_GETIEEEADDR?ZNWK
            BANK0   F5FFH     0059H     UNIT         ?PR?MACLIB_REMOVEWARNING?ZMAC
            BANK0   F658H     0059H     UNIT         ?PR?_ZAPS_UPDATE_DEVICE_REQ?ZAPS
            BANK0   F6B1H     0057H     UNIT         ?PR?_NWKLIB_CHECK_PANIDCONFLICTION?ZNWK_MAC_IND
            BANK0   F708H     0056H     UNIT         ?PR?_NWKLIB_FINDNAM_IEEEADDR?ZNWK
            BANK0   F75EH     0056H     UNIT         ?PR?_ZNWK_PROC_NWK_STA?ZNWK_MAC_IND
            BANK0   F7B4H     0054H     UNIT         ?PR?_ZMAC_DATA_REQ?ZMAC
            BANK0   F808H     0052H     UNIT         ?PR?_NWKLIB_FINDGID_GROUP?ZNWK
            BANK0   F85AH     0050H     UNIT         ?PR?RESET_MAC_PARAMETER?ZMAC
            BANK0   F8AAH     0050H     UNIT         ?PR?_APSLIB_TXMODEGET?ZAPS
            BANK0   F8FAH     004EH     UNIT         ?PR?_ZNWK_ED_SCAN_REQ?ZNWK
            BANK0   F948H     004CH     UNIT         ?PR?_MACLIB_SYMBOL2MS?ZMAC
            BANK0   F994H     004BH     UNIT         ?PR?_ZNWK_RESET_REQ?ZNWK
            BANK0   F9DFH     004BH     UNIT         ?PR?_APSLIB_DELETEBT?ZAPS
            BANK0   FA2AH     004AH     UNIT         ?PR?_NWKLIB_UPDATENT_RELATION?ZNWK
            BANK0   FA74H     004AH     UNIT         ?PR?_NWKLIB_FILL_MAC_V2?ZNWK
            BANK0   FABEH     0049H     UNIT         ?PR?_ZAPS_UNBIND_REQ?ZAPS
            BANK0   FB07H     0048H     UNIT         ?PR?_ZNWK_SYNC_REQ?ZNWK
            BANK0   FB4FH     0045H     UNIT         ?PR?ZSEC_INIT_SIB?ZSEC
BL51 BANKED LINKER/LOCATER V5.11                                                      06/29/2011  15:31:04  PAGE 8


            BANK0   FB94H     0042H     UNIT         ?PR?_NWKLIB_FINDNAM_NWKADDR?ZNWK
            BANK0   FBD6H     003CH     UNIT         ?PR?_NWKLIB_FINDNT_NWKADDR?ZNWK
            BANK0   FC12H     003BH     UNIT         ?PR?_NWKLIB_DEVMGMT_GETNWKADDR?ZNWK
            BANK0   FC4DH     0036H     UNIT         ?PR?ZMAC_MCU_INIT?ZMAC
            BANK0   FC83H     0033H     UNIT         ?PR?_MACLIB_TX_BEACON?ZMAC
            BANK0   FCB6H     0032H     UNIT         ?PR?MAKEORPNOTICMDFRAME?ZMAC
            BANK0   FCE8H     0030H     UNIT         ?PR?_NWKLIB_SET_CONFLICTADDR?ZNWK
            BANK0   FD18H     002DH     UNIT         ?PR?_NWKLIB_DEVMGMT_DELETENWKADDR?ZNWK
            BANK0   FD45H     002CH     UNIT         ?PR?NWKLIB_FINDGID_EMPTY?ZNWK
            BANK0   FD71H     002BH     UNIT         ?PR?_NWKLIB_DEVMGMT_DELETEIEEEADDR?ZNWK
            BANK0   FD9CH     002AH     UNIT         ?PR?NWKLIB_FINDNAM_EMPTY?ZNWK
            BANK0   FDC6H     0029H     UNIT         ?PR?_ZAPS_SWITCH_KEY_REQ?ZAPS
            BANK0   FDEFH     0027H     UNIT         ?PR?NWKLIB_FINDNT_EMPTY?ZNWK
            BANK0   FE16H     0027H     UNIT         ?PR?APSLIB_FINDBT_EMPTY?ZAPS
            BANK0   FE3DH     0026H     UNIT         ?PR?MAKEBEACONREQCMDFRAME?ZMAC
            BANK0   FE63H     0023H     UNIT         ?PR?_APSLIB_TRANSMIT?ZAPS
            BANK0   FE86H     0022H     UNIT         ?PR?NWKLIB_INIT_MEMORY_SIZE?ZNWK
            BANK0   FEA8H     0022H     UNIT         ?PR?_DESCRIPTOR_UPDATE?ZNWK
            BANK0   FECAH     0021H     UNIT         ?PR?NWKLIB_FILL_ADDNT_DEFAULT?ZNWK
            BANK0   FEEBH     0021H     UNIT         ?PR?_ZMAC_RESET_REQ?ZMAC
            BANK0   FF0CH     0020H     UNIT         ?PR?_ZAPS_REMOVE_DEVICE_REQ?ZAPS
            BANK0   FF2CH     0015H     UNIT         ?PR?_ZMAC_GTS_REQ?ZMAC
            BANK0   FF41H     000BH     UNIT         ?PR?_ZMAC_RX_ENA_REQ?ZMAC
            BANK0   FF4CH     000BH     UNIT         ?PR?_ZMAC_SYNC_REQ?ZMAC
            BANK0   FF57H     0003H     UNIT         ?PR?_ZAPS_ESTABLISH_KEY_REQ?ZAPS

            * * * * * * *   C O D E   B A N K   1   * * * * * * *
                    0000H     8000H                  *** GAP ***
            BANK1   8000H     01D0H     UNIT         ?PR?_ZHAL_MODEM_INIT_CHIP92?PHY
            BANK1   81D0H     01BBH     UNIT         ?PR?_DISPLAY_NT?UTIL_APP
            BANK1   838BH     019DH     UNIT         ?PR?_ZHAL_FLASH_PAGE_WRITE_EXTEND?FLASH
            BANK1   8528H     0166H     UNIT         ?PR?_ZHAL_UART1_SET?UART
            BANK1   868EH     0156H     UNIT         ?PR?_ZSCANF_DECIMAL?UTIL_APP
            BANK1   87E4H     0129H     UNIT         ?PR?_DISPLAY_NAM?UTIL_APP
            BANK1   890DH     0118H     UNIT         ?PR?_ZHAL_CHANNEL_SET_CHIP92_XTAL16?PHY
            BANK1   8A25H     010CH     UNIT         ?PR?_ZHAL_CHANNEL_SET_CHIP92_XTAL19?PHY
            BANK1   8B31H     00F1H     UNIT         ?PR?_ZHAL_TXPOWER_SET_CHIP92?PHY
            BANK1   8C22H     00EAH     UNIT         ?PR?_DISPLAY_RRECT?UTIL_APP
            BANK1   8D0CH     00DEH     UNIT         ?PR?UTIL_APP
            BANK1   8DEAH     00DAH     UNIT         ?PR?_DISPLAY_RT?UTIL_APP
            BANK1   8EC4H     00C2H     UNIT         ?PR?_ZSCANF?UTIL_APP
            BANK1   8F86H     00B3H     UNIT         ?PR?_ZHAL_TIMER3_SET?TIMER
            BANK1   9039H     00B2H     UNIT         ?PR?_ZSYS_ADC_CALIB_GET?ADC
            BANK1   90EBH     00AAH     UNIT         ?PR?ZHAL_SEND_TXFIFO?PHY
            BANK1   9195H     009DH     UNIT         ?PR?_ZHAL_TIMER0_SET?TIMER
            BANK1   9232H     009DH     UNIT         ?PR?_DISPLAY_GT?UTIL_APP
            BANK1   92CFH     0097H     UNIT         ?PR?_ZHAL_TIMER1_SET?TIMER
            BANK1   9366H     0091H     UNIT         ?PR?_ZPRINTF?UTIL_APP
            BANK1   93F7H     0089H     UNIT         ?PR?DISPLAY_MYINFO?UTIL_APP
            BANK1   9480H     0086H     UNIT         ?PR?_ZHAL_PORT0_INOUT_SET?PHY
            BANK1   9506H     0086H     UNIT         ?PR?_ZHAL_PORT1_INOUT_SET?PHY
            BANK1   958CH     0086H     UNIT         ?PR?_ZHAL_PORT3_INOUT_SET?PHY
            BANK1   9612H     0080H     UNIT         ?PR?_ZHAL_FLASH_READ?FLASH
            BANK1   9692H     007BH     UNIT         ?PR?PHY
            BANK1   970DH     0071H     UNIT         ?PR?_SWAP_BUFFER_4B?UTIL_SYS
            BANK1   977EH     006DH     UNIT         ?PR?_ZHAL_SEC_SAES?SECURITY
            BANK1   97EBH     005EH     UNIT         ?PR?_ZHAL_SEND_ACK?PHY
BL51 BANKED LINKER/LOCATER V5.11                                                      06/29/2011  15:31:04  PAGE 9


            BANK1   9849H     005EH     UNIT         ?PR?_DISPLAY_BUFFER?UTIL_APP
            BANK1   98A7H     0053H     UNIT         ?PR?_ZHAL_TIMER2_SET?TIMER
            BANK1   98FAH     0053H     UNIT         ?PR?TIMER
            BANK1   994DH     0053H     UNIT         ?PR?REMOVEWARNING_UTIL_APP?UTIL_APP
            BANK1   99A0H     0052H     UNIT         ?PR?FLASH
            BANK1   99F2H     004FH     UNIT         ?PR?_ZSYS_UART1_PUT?UART
            BANK1   9A41H     004FH     UNIT         ?PR?REMOVEWARNING_UTIL_SYS?UTIL_SYS
            BANK1   9A90H     0047H     UNIT         ?PR?_ZHAL_ADC_SET?ADC
            BANK1   9AD7H     0041H     UNIT         ?PR?_ZSYS_UART1_GET?UART
            BANK1   9B18H     0041H     UNIT         ?PR?_ZSYS_LQI_TO_COST?UTIL_SYS
            BANK1   9B59H     0041H     UNIT         ?PR?_ZSYS_HIB_COPY?UTIL_APP
            BANK1   9B9AH     003BH     UNIT         ?PR?_CHECK_8BYTE_NULL?UTIL_SYS
            BANK1   9BD5H     0038H     UNIT         ?PR?_ZHAL_FLASH_PAGE_ERASE?FLASH
            BANK1   9C0DH     0037H     UNIT         ?PR?ZHAL_3V_LOGIC_INIT?PHY
            BANK1   9C44H     0037H     UNIT         ?PR?ZHAL_ED_LEVEL_GET?PHY
            BANK1   9C7BH     0037H     UNIT         ?PR?_ZHAL_DATARATE_SET_ISR?PHY
            BANK1   9CB2H     0035H     UNIT         ?PR?_ZSYS_DBM_TO_LQI?UTIL_APP
            BANK1   9CE7H     0033H     UNIT         ?PR?_ZSYS_ADC_GET?ADC
            BANK1   9D1AH     0033H     UNIT         ?PR?_ZHAL_SEC_KEY_SET?SECURITY
            BANK1   9D4DH     002DH     UNIT         ?PR?_ZSYS_WDT_SET?WDT
            BANK1   9D7AH     002AH     UNIT         ?PR?UART
            BANK1   9DA4H     002AH     UNIT         ?PR?_ZHAL_CLOCK_PLL_SET?PHY
            BANK1   9DCEH     0029H     UNIT         ?PR?UTIL_SYS
            BANK1   9DF7H     0027H     UNIT         ?PR?_SWAP_BUFFER_2B?UTIL_SYS
            BANK1   9E1EH     0021H     UNIT         ?PR?_CHECK_8BYTE_BROADCAST?UTIL_SYS
            BANK1   9E3FH     0020H     UNIT         ?PR?_ZHAL_REGULATOR_SET?PHY
            BANK1   9E5FH     001FH     UNIT         ?PR?_CHECK_16BYTE_NULL?UTIL_SYS
            BANK1   9E7EH     001EH     UNIT         ?PR?_ZHAL_HW_INIT?PHY
            BANK1   9E9CH     001BH     UNIT         ?PR?_ZSYS_RANDOM_GEN_GET?UTIL_SYS
            BANK1   9EB7H     001AH     UNIT         ?PR?_ZHAL_EXT0_INT_SET?PHY
            BANK1   9ED1H     001AH     UNIT         ?PR?_ZHAL_EXT1_INT_SET?PHY
            BANK1   9EEBH     001AH     UNIT         ?PR?_ZSYS_LQI_TO_DBM?UTIL_APP
            BANK1   9F05H     0018H     UNIT         ?PR?ZHAL_MAC_INIT?PHY
            BANK1   9F1DH     0018H     UNIT         ?PR?ADC
            BANK1   9F35H     0015H     UNIT         ?PR?_ZHAL_RF_INT_SET?PHY
            BANK1   9F4AH     0013H     UNIT         ?PR?ZSYS_UART1_TX_WORKING?UART
            BANK1   9F5DH     0013H     UNIT         ?PR?_ZHAL_WDT_SET?WDT
            BANK1   9F70H     0013H     UNIT         ?PR?_ZSYS_SET_SHORT_ADDR?UTIL_SYS
            BANK1   9F83H     0013H     UNIT         ?PR?_ZSYS_SET_PAN_ID?UTIL_SYS
            BANK1   9F96H     0012H     UNIT         ?PR?ZHAL_FLASH_WRITE_UNPROTECTED?FLASH
            BANK1   9FA8H     0010H     UNIT         ?PR?_ZHAL_COORDINATOR_SET?PHY
            BANK1   9FB8H     000FH     UNIT         ?PR?ZHAL_FLASH_REG_INIT?FLASH
            BANK1   9FC7H     000FH     UNIT         ?PR?_ZSYS_WDT_RESET?WDT
            BANK1   9FD6H     000EH     UNIT         ?PR?ZSYS_UART1_RXLEN?UART
            BANK1   9FE4H     000EH     UNIT         ?PR?ZSYS_UART1_TXLEN?UART
            BANK1   9FF2H     000DH     UNIT         ?PR?_ZHAL_CLOCK_16MHZ_SET?PHY
            BANK1   9FFFH     000DH     UNIT         ?PR?_ZHAL_CHANNEL_SET?PHY
            BANK1   A00CH     000DH     UNIT         ?PR?_ZHAL_MODEM_INIT?PHY
            BANK1   A019H     000DH     UNIT         ?PR?_ZHAL_IEEE_ADDR_SET?PHY
            BANK1   A026H     000DH     UNIT         ?PR?_ZSYS_SET_EPID?UTIL_SYS
            BANK1   A033H     000BH     UNIT         ?PR?ZHAL_FLASH_WRITE_PROTECTED?FLASH
            BANK1   A03EH     000BH     UNIT         ?PR?ZHAL_ADC_GET?ADC
            BANK1   A049H     0009H     UNIT         ?PR?_ZHAL_PAN_ID_SET?PHY
            BANK1   A052H     0009H     UNIT         ?PR?_ZHAL_SHORT_ADDR_SET?PHY
            BANK1   A05BH     0009H     UNIT         ?PR?ZSYS_GET_SHORT_ADDR?UTIL_SYS
            BANK1   A064H     0009H     UNIT         ?PR?ZSYS_GET_PAN_ID?UTIL_SYS
            BANK1   A06DH     0008H     UNIT         ?PR?_ZSYS_SET_CHANNEL?UTIL_SYS
BL51 BANKED LINKER/LOCATER V5.11                                                      06/29/2011  15:31:04  PAGE 10


            BANK1   A075H     0006H     UNIT         ?PR?_ZHAL_MAC_CTRL_SET?PHY
            BANK1   A07BH     0006H     UNIT         ?PR?_ZHAL_SYSTEM_INTERRUPT?PHY
            BANK1   A081H     0006H     UNIT         ?PR?ZSYS_GET_CHANNEL?UTIL_SYS
            BANK1   A087H     0004H     UNIT         ?PR?ZHAL_WDT_RESTART?WDT
            BANK1   A08BH     0003H     UNIT         ?PR?_ZHAL_TXPOWER_SET?PHY
            BANK1   A08EH     0003H     UNIT         ?PR?_ZSYS_RANDOM_GEN_SEED?UTIL_SYS

            * * * * * * *   C O D E   B A N K   3   * * * * * * *
                    0000H     8000H                  *** GAP ***
            BANK3   8000H     0281H     UNIT         ?PR?ZOTA_REBOOT?REBOOT
            BANK3   8281H     00B8H     UNIT         ?PR?_ZOTA_SPI_SET?REBOOT
            BANK3   8339H     0044H     UNIT         ?PR?REBOOT
            BANK3   837DH     0034H     UNIT         ?PR?_ZOTA_SPI_MASTER_POLLING?REBOOT
            BANK3   83B1H     000EH     UNIT         ?PR?ZOTA_SPI_OFF?REBOOT
            BANK3   83BFH     0009H     UNIT         ?PR?ZOTA_SPI_ON?REBOOT
            BANK3   83C8H     0007H     UNIT         ?PR?_TMPADD?REBOOT



OVERLAY MAP OF MODULE:   .\HEX\ZigBeePRO_DK_ADC_RFD (UART)


SEGMENT                                             BIT_GROUP          DATA_GROUP          XDATA_GROUP
  +--> CALLED SEGMENT                            START    LENGTH     START    LENGTH     START    LENGTH
--------------------------------------------------------------------------------------------------------
?PR?TIMER1_ISR?ISR_USER                          -----    -----      -----    -----      -----    -----
  +--> ?PR?ISR_USER

*** NEW ROOT ***************************************************

?PR?UART0_ISR?ISR_USER                           -----    -----      -----    -----      08D8H    0001H

*** NEW ROOT ***************************************************

?PR?UART1_ISR?ISR_USER                           -----    -----      -----    -----      -----    -----
  +--> ?PR?ISR_USER

*** NEW ROOT ***************************************************

?PR?TIMER0_ISR?MAIN                              -----    -----      -----    -----      -----    -----
  +--> ?PR?MAIN
  +--> ?PR?ZHAL_WDT_RESTART?WDT

?PR?MAIN                                         -----    -----      -----    -----      -----    -----
  +--> ?PR?ZSYS_GET_NWK_TIMESTAMP?MAIN

*** NEW ROOT ***************************************************

?PR?TIMER2_ISR?MAIN                              -----    -----      -----    -----      -----    -----
  +--> ?PR?MAIN

*** NEW ROOT ***************************************************

?PR?RF_ISR?MAIN                                  -----    -----      -----    -----      -----    -----
  +--> ?PR?MAIN
  +--> ?PR?_ZHAL_DATARATE_SET_ISR?PHY
  +--> ?PR?_ZHAL_SEND_ACK?PHY
BL51 BANKED LINKER/LOCATER V5.11                                                      06/29/2011  15:31:04  PAGE 11


  +--> ?PR?_PSDU_PARSER_FOR_MAC_HEAD_LOWQ?MAIN
  +--> ?PR?_PSDU_PARSER_FOR_PACKET_CHECK_LOW...
  +--> ?PR?_ZUSER_OOB_RF_ISR?Z_USER_ADC

?PR?_PSDU_PARSER_FOR_MAC_HEAD_LOWQ?MAIN          -----    -----      -----    -----      08D9H    0006H
  +--> ?PR?MAIN

?PR?_PSDU_PARSER_FOR_PACKET_CHECK_LOW...         -----    -----      -----    -----      -----    -----
  +--> ?PR?MAIN

*** NEW ROOT ***************************************************

?C_C51STARTUP                                    -----    -----      -----    -----      -----    -----
  +--> ?PR?MAIN?MAIN
  +--> ?C_INITSEG

?PR?MAIN?MAIN                                    -----    -----      -----    -----      08DFH    0009H
  +--> ?PR?_ZSYS_WDT_SET?WDT
  +--> ?PR?ZHAL_3V_LOGIC_INIT?PHY
  +--> ?PR?_ZHAL_HW_INIT?PHY
  +--> ?PR?ZUSER_HW_INIT?Z_USER_ADC
  +--> ?PR?_ZHAL_TIMER0_SET?TIMER
  +--> ?PR?_ZHAL_TIMER2_SET?TIMER
  +--> ?PR?_ZHAL_SYSTEM_INTERRUPT?PHY
  +--> ?PR?_ZHAL_MODEM_INIT?PHY
  +--> ?PR?_ZSYS_WDT_RESET?WDT
  +--> ?PR?ZHAL_MAC_INIT?PHY
  +--> ?PR?NWKLIB_INIT_MEMORY_SIZE?ZNWK
  +--> ?PR?ZAPS_INIT_AIB?ZAPS
  +--> ?PR?NWKLIB_REMOVEWARNING?ZNWK
  +--> ?PR?APSLIB_REMOVEWARNING?ZAPS
  +--> ?PR?MACLIB_REMOVEWARNING?ZMAC
  +--> ?PR?_ZNWK_RESET_REQ?ZNWK
  +--> ?PR?ZSYS_RECEIVER_STOP?MAIN
  +--> ?PR?ZSYS_RECEIVER_RESUME?MAIN
  +--> ?PR?_ZHAL_RF_INT_SET?PHY
  +--> ?PR?ZUSER_INIT?Z_USER_ADC
  +--> ?PR?ZSYS_GET_NWK_TIMESTAMP?MAIN
  +--> ?PR?MAIN
  +--> ?PR?_DECREASETIMESTAMP?MAIN
  +--> ?PR?_ZSYS_SET_PAN_ID?UTIL_SYS
  +--> ?PR?_ZUSER_NWK_STATUS_IND?Z_USER_ADC
  +--> ?PR?_ZSYS_SET_CHANNEL?UTIL_SYS
  +--> ?PR?ZUSER_MAIN?Z_USER_ADC
  +--> ?PR?_MACLIB_TX_BEACON?ZMAC
  +--> ?PR?ZSYS_RX_PACKET_GET?MAIN
  +--> ?PR?_MACLIB_GET_FRAMECONTROL?ZMAC
  +--> ?PR?ZMAC_P2M_PARSER?ZMAC
  +--> ?PR?ZSYS_RX_PACKET_CLR?MAIN

?PR?_ZSYS_WDT_SET?WDT                            -----    -----      -----    -----      -----    -----
  +--> ?PR?_ZHAL_WDT_SET?WDT

?PR?_ZHAL_HW_INIT?PHY                            -----    -----      -----    -----      -----    -----
  +--> ?PR?_ZHAL_CLOCK_PLL_SET?PHY
  +--> ?PR?_ZHAL_REGULATOR_SET?PHY

BL51 BANKED LINKER/LOCATER V5.11                                                      06/29/2011  15:31:04  PAGE 12


?PR?_ZHAL_TIMER0_SET?TIMER                       -----    -----      -----    -----      08E8H    000AH
  +--> ?PR?TIMER

?PR?_ZHAL_TIMER2_SET?TIMER                       -----    -----      -----    -----      08E8H    0007H

?PR?_ZHAL_MODEM_INIT?PHY                         -----    -----      -----    -----      -----    -----
  +--> ?PR?_ZHAL_MODEM_INIT_CHIP92?PHY

?PR?_ZHAL_MODEM_INIT_CHIP92?PHY                  -----    -----      -----    -----      08E8H    0003H
  +--> ?PR?PHY

?PR?ZAPS_INIT_AIB?ZAPS                           -----    -----      -----    -----      -----    -----
  +--> ?PR?ZSEC_INIT_SIB?ZSEC

?PR?NWKLIB_REMOVEWARNING?ZNWK                    -----    -----      -----    -----      -----    -----
  +--> ?PR?_ZNWK_RESET_REQ?ZNWK
  +--> ?PR?ZNWK
  +--> ?PR?_ZNWK_NET_DISC_REQ?ZNWK
  +--> ?PR?_ZNWK_JOIN_REQ?ZNWK
  +--> ?PR?_ZNWK_DATA_REQ?ZNWK
  +--> ?PR?_ZNWK_SET_REQ?ZNWK
  +--> ?PR?_ZNWK_GET_REQ?ZNWK
  +--> ?PR?_ZNWK_SET_TABLE_REQ?ZNWK
  +--> ?PR?_ZNWK_GET_TABLE_REQ?ZNWK
  +--> ?PR?_ZNWK_LEAVE_REQ?ZNWK
  +--> ?PR?_ZNWK_SYNC_REQ?ZNWK
  +--> ?PR?_ZNWK_ED_SCAN_REQ?ZNWK

?PR?_ZNWK_RESET_REQ?ZNWK                         -----    -----      -----    -----      08F1H    0006H
  +--> ?PR?_NWKLIB_DELETENT?ZNWK
  +--> ?PR?ZNWK_INIT_NIB?ZNWK
  +--> ?PR?ZNWK_INIT_PARAMETER?ZNWK
  +--> ?PR?ZNWK
  +--> ?PR?_ZMAC_RESET_REQ?ZMAC
  +--> ?PR?ZSYS_ALLOCATE_MEMORY?Z_USER_ADC
  +--> ?PR?ZUSER_RESET_NIB?Z_USER_ADC

?PR?_NWKLIB_DELETENT?ZNWK                        -----    -----      -----    -----      09D5H    0004H
  +--> ?PR?ZNWK

?PR?ZNWK_INIT_NIB?ZNWK                           -----    -----      -----    -----      -----    -----
  +--> ?PR?ZNWK

?PR?ZNWK_INIT_PARAMETER?ZNWK                     -----    -----      -----    -----      08F7H    0001H
  +--> ?PR?ZNWK

?PR?_ZMAC_RESET_REQ?ZMAC                         -----    -----      -----    -----      098CH    0006H
  +--> ?PR?RESET_MAC_PARAMETER?ZMAC
  +--> ?PR?ZMAC
  +--> ?PR?RESET_MAC_PIB?ZMAC
  +--> ?PR?ZMAC_MCU_INIT?ZMAC

?PR?RESET_MAC_PARAMETER?ZMAC                     -----    -----      -----    -----      0992H    0001H
  +--> ?PR?ZMAC

?PR?RESET_MAC_PIB?ZMAC                           -----    -----      -----    -----      -----    -----
  +--> ?PR?ZMAC
BL51 BANKED LINKER/LOCATER V5.11                                                      06/29/2011  15:31:04  PAGE 13



?PR?ZMAC_MCU_INIT?ZMAC                           -----    -----      -----    -----      -----    -----
  +--> ?PR?_ZHAL_MAC_CTRL_SET?PHY
  +--> ?PR?_ZHAL_CHANNEL_SET?PHY
  +--> ?PR?ZMAC
  +--> ?PR?_ZHAL_PAN_ID_SET?PHY
  +--> ?PR?_ZHAL_TXPOWER_SET?PHY
  +--> ?PR?_ZHAL_SHORT_ADDR_SET?PHY
  +--> ?PR?_ZHAL_IEEE_ADDR_SET?PHY

?PR?_ZHAL_CHANNEL_SET?PHY                        -----    -----      -----    -----      -----    -----
  +--> ?PR?_ZHAL_CHANNEL_SET_CHIP92_XTAL19?PHY
  +--> ?PR?_ZHAL_CHANNEL_SET_CHIP92_XTAL16?PHY

?PR?_ZHAL_CHANNEL_SET_CHIP92_XTAL19?PHY          -----    -----      -----    -----      0A4AH    0003H
  +--> ?PR?PHY

?PR?_ZHAL_CHANNEL_SET_CHIP92_XTAL16?PHY          -----    -----      -----    -----      0A4AH    0004H
  +--> ?PR?PHY

?PR?_ZHAL_TXPOWER_SET?PHY                        -----    -----      -----    -----      -----    -----
  +--> ?PR?_ZHAL_TXPOWER_SET_CHIP92?PHY

?PR?_ZHAL_TXPOWER_SET_CHIP92?PHY                 -----    -----      -----    -----      -----    -----
  +--> ?PR?PHY

?PR?ZSYS_ALLOCATE_MEMORY?Z_USER_ADC              -----    -----      -----    -----      08F7H    0001H
  +--> ?PR?Z_USER_ADC

?PR?Z_USER_ADC                                   -----    -----      -----    -----      -----    -----
  +--> ?CO?Z_USER_ADC

?PR?ZUSER_RESET_NIB?Z_USER_ADC                   -----    -----      -----    -----      08F7H    0008H
  +--> ?PR?Z_USER_ADC
  +--> ?PR?_ZSYS_SET_EPID?UTIL_SYS

?PR?_ZNWK_NET_DISC_REQ?ZNWK                      -----    -----      -----    -----      08FFH    0014H
  +--> ?PR?_NWKLIB_DELETENT?ZNWK
  +--> ?PR?ZNWK
  +--> ?PR?_CHECK_CHANNELMASK?ZNWK
  +--> ?PR?_ZMAC_SCAN_REQ?ZMAC
  +--> ?PR?_DESCRIPTOR_COMPARE?ZNWK
  +--> ?PR?_DESCRIPTOR_UPDATE?ZNWK

?PR?_CHECK_CHANNELMASK?ZNWK                      -----    -----      -----    -----      0913H    000BH
  +--> ?PR?ZNWK

?PR?_ZMAC_SCAN_REQ?ZMAC                          -----    -----      -----    -----      09C0H    0008H
  +--> ?PR?ZMAC
  +--> ?PR?_ZSYS_WDT_SET?WDT
  +--> ?PR?_ZMAC_SCAN_REQ_ED?ZMAC
  +--> ?PR?_ZMAC_SCAN_REQ_ORPHAN?ZMAC
  +--> ?PR?_ZMAC_SCAN_REQ_ACTIVE?ZMAC

?PR?_ZMAC_SCAN_REQ_ED?ZMAC                       -----    -----      -----    -----      09C8H    000FH
  +--> ?PR?ZMAC
  +--> ?PR?_ZHAL_CHANNEL_SET?PHY
BL51 BANKED LINKER/LOCATER V5.11                                                      06/29/2011  15:31:04  PAGE 14


  +--> ?PR?_MACLIB_SYMBOL2MS?ZMAC
  +--> ?PR?_ZSYS_SET_V_TIMER?MAIN
  +--> ?PR?_ZSYS_GET_V_TIMER?MAIN
  +--> ?PR?ZHAL_ED_LEVEL_GET?PHY

?PR?_MACLIB_SYMBOL2MS?ZMAC                       -----    -----      -----    -----      0A4AH    0006H

?PR?_ZMAC_SCAN_REQ_ORPHAN?ZMAC                   -----    -----      -----    -----      09C8H    000EH
  +--> ?PR?ZMAC
  +--> ?PR?MAKEORPNOTICMDFRAME?ZMAC
  +--> ?PR?_ZHAL_CHANNEL_SET?PHY
  +--> ?PR?_MACLIB_TX_MACFRAME?ZMAC
  +--> ?PR?_MACLIB_SYMBOL2MS?ZMAC
  +--> ?PR?_ZSYS_SET_V_TIMER?MAIN
  +--> ?PR?_ZSYS_GET_V_TIMER?MAIN
  +--> ?PR?ZSYS_RX_PACKET_GET?MAIN
  +--> ?PR?_MACLIB_GET_FRAMECONTROL?ZMAC
  +--> ?PR?_ZHAL_PAN_ID_SET?PHY
  +--> ?PR?_ZHAL_SHORT_ADDR_SET?PHY
  +--> ?PR?ZSYS_RX_PACKET_CLR?MAIN

?PR?MAKEORPNOTICMDFRAME?ZMAC                     -----    -----      -----    -----      -----    -----
  +--> ?PR?ZMAC

?PR?_MACLIB_TX_MACFRAME?ZMAC                     -----    -----      -----    -----      0A4AH    0003H
  +--> ?PR?ZMAC
  +--> ?PR?_MACLIB_TRANSMITOPERATE?ZMAC

?PR?_MACLIB_TRANSMITOPERATE?ZMAC                 -----    -----      -----    -----      0A4DH    0009H
  +--> ?PR?ZHAL_SEND_TXFIFO?PHY
  +--> ?PR?RAND?RAND
  +--> ?PR?_ZSYS_GET_V_TIMER?MAIN
  +--> ?PR?_ZSYS_SET_V_TIMER?MAIN

?PR?ZSYS_RX_PACKET_GET?MAIN                      -----    -----      -----    -----      0A4AH    0002H
  +--> ?PR?MAIN

?PR?_MACLIB_GET_FRAMECONTROL?ZMAC                -----    -----      -----    -----      0A4AH    0003H
  +--> ?PR?ZMAC

?PR?ZSYS_RX_PACKET_CLR?MAIN                      -----    -----      -----    -----      -----    -----
  +--> ?PR?MAIN

?PR?_ZMAC_SCAN_REQ_ACTIVE?ZMAC                   -----    -----      -----    -----      09C8H    0082H
  +--> ?PR?_ZHAL_PAN_ID_SET?PHY
  +--> ?PR?ZMAC
  +--> ?PR?_ZHAL_CHANNEL_SET?PHY
  +--> ?PR?MAKEBEACONREQCMDFRAME?ZMAC
  +--> ?PR?_MACLIB_TX_MACFRAME?ZMAC
  +--> ?PR?_MACLIB_SYMBOL2MS?ZMAC
  +--> ?PR?_ZSYS_SET_V_TIMER?MAIN
  +--> ?PR?_ZSYS_GET_V_TIMER?MAIN
  +--> ?PR?ZSYS_RX_PACKET_GET?MAIN
  +--> ?PR?_MACLIB_GET_FRAMECONTROL?ZMAC
  +--> ?PR?_MAKEBEACONNOTIFYINDICATE?ZMAC
  +--> ?PR?_ZMAC_BEA_NOTI_IND?ZNWK_MAC_IND
  +--> ?PR?ZSYS_RX_PACKET_CLR?MAIN
BL51 BANKED LINKER/LOCATER V5.11                                                      06/29/2011  15:31:04  PAGE 15



?PR?MAKEBEACONREQCMDFRAME?ZMAC                   -----    -----      -----    -----      -----    -----
  +--> ?PR?ZMAC

?PR?_MAKEBEACONNOTIFYINDICATE?ZMAC               -----    -----      -----    -----      0A4AH    0008H
  +--> ?PR?ZMAC

?PR?_ZMAC_BEA_NOTI_IND?ZNWK_MAC_IND              -----    -----      -----    -----      0A4AH    000CH
  +--> ?PR?ZNWK_MAC_IND

?PR?_DESCRIPTOR_COMPARE?ZNWK                     -----    -----      -----    -----      0913H    0008H
  +--> ?PR?ZNWK

?PR?_DESCRIPTOR_UPDATE?ZNWK                      -----    -----      -----    -----      -----    -----
  +--> ?PR?ZNWK

?PR?_ZNWK_JOIN_REQ?ZNWK                          -----    -----      -----    -----      08FFH    0006H
  +--> ?PR?ZNWK
  +--> ?PR?_CHECK_CHANNELMASK?ZNWK
  +--> ?PR?_ZNWK_JOIN_REQ_REJOIN0?ZNWK
  +--> ?PR?_ZNWK_JOIN_REQ_REJOIN1?ZNWK
  +--> ?PR?_ZNWK_JOIN_REQ_REJOIN2?ZNWK
  +--> ?PR?_ZNWK_JOIN_REQ_REJOIN3?ZNWK

?PR?_ZNWK_JOIN_REQ_REJOIN0?ZNWK                  -----    -----      -----    -----      0905H    0008H
  +--> ?PR?ZNWK
  +--> ?PR?_CHECK_8BYTE_NULL?UTIL_SYS
  +--> ?PR?_CHECK_8BYTE_BROADCAST?UTIL_SYS
  +--> ?PR?_SELECT_BEST_PARENT?ZNWK
  +--> ?PR?_ZMAC_ASSO_REQ?ZMAC
  +--> ?PR?_ZSYS_SET_EPID?UTIL_SYS
  +--> ?PR?_NWKLIB_UPDATENT_RELATION?ZNWK
  +--> ?PR?_ZSYS_SET_Q_TIMER?MAIN
  +--> ?PR?_DELETE_NT_OTHEREPID_DEVICE?ZNWK

?PR?_CHECK_8BYTE_NULL?UTIL_SYS                   -----    -----      -----    -----      -----    -----
  +--> ?PR?UTIL_SYS

?PR?_CHECK_8BYTE_BROADCAST?UTIL_SYS              -----    -----      -----    -----      0912H    0003H
  +--> ?PR?UTIL_SYS

?PR?_SELECT_BEST_PARENT?ZNWK                     -----    -----      -----    -----      0912H    0010H
  +--> ?PR?ZNWK

?PR?_ZMAC_ASSO_REQ?ZMAC                          -----    -----      -----    -----      090DH    000EH
  +--> ?PR?ZMAC
  +--> ?PR?_ZHAL_CHANNEL_SET?PHY
  +--> ?PR?_ZHAL_PAN_ID_SET?PHY
  +--> ?PR?_MAKEASSOREQCMDFRAME?ZMAC
  +--> ?PR?_MACLIB_TX_MACFRAME?ZMAC
  +--> ?PR?_ZSYS_GET_V_TIMER?MAIN
  +--> ?PR?_MAKEDATAREQCMDFRAME?ZMAC
  +--> ?PR?ZSYS_RX_PACKET_GET?MAIN
  +--> ?PR?_MACLIB_GET_FRAMECONTROL?ZMAC
  +--> ?PR?_ZHAL_SHORT_ADDR_SET?PHY
  +--> ?PR?ZSYS_RX_PACKET_CLR?MAIN
  +--> ?PR?_ZSYS_SET_V_TIMER?MAIN
BL51 BANKED LINKER/LOCATER V5.11                                                      06/29/2011  15:31:04  PAGE 16



?PR?_MAKEASSOREQCMDFRAME?ZMAC                    -----    -----      -----    -----      091BH    0004H
  +--> ?PR?ZMAC

?PR?_MAKEDATAREQCMDFRAME?ZMAC                    -----    -----      -----    -----      091BH    0014H
  +--> ?PR?ZMAC

?PR?_NWKLIB_UPDATENT_RELATION?ZNWK               -----    -----      -----    -----      -----    -----
  +--> ?PR?ZNWK

?PR?_DELETE_NT_OTHEREPID_DEVICE?ZNWK             -----    -----      -----    -----      0912H    0024H
  +--> ?PR?ZNWK
  +--> ?PR?_NWKLIB_DELETENT?ZNWK
  +--> ?PR?_NWKLIB_DEVMGMT_ADDNT?ZNWK

?PR?_NWKLIB_DEVMGMT_ADDNT?ZNWK                   -----    -----      -----    -----      0936H    0004H
  +--> ?PR?_ZSYS_GET_Q_TIMER?MAIN
  +--> ?PR?ZNWK
  +--> ?PR?NWKLIB_FINDNT_EMPTY?ZNWK
  +--> ?PR?_NWKLIB_FINDNAM_NWKADDR?ZNWK
  +--> ?PR?_CHECK_8BYTE_NULL?UTIL_SYS
  +--> ?PR?_NWKLIB_DELETENAM?ZNWK
  +--> ?PR?_NWKLIB_ADDNT?ZNWK

?PR?NWKLIB_FINDNT_EMPTY?ZNWK                     -----    -----      -----    -----      -----    -----
  +--> ?PR?ZNWK

?PR?_NWKLIB_FINDNAM_NWKADDR?ZNWK                 -----    -----      -----    -----      09DCH    0002H
  +--> ?PR?ZNWK

?PR?_NWKLIB_DELETENAM?ZNWK                       -----    -----      -----    -----      09B4H    0002H
  +--> ?PR?ZNWK

?PR?_NWKLIB_ADDNT?ZNWK                           -----    -----      -----    -----      093AH    0009H
  +--> ?PR?ZNWK
  +--> ?PR?NWKLIB_FINDNT_EMPTY?ZNWK

?PR?_ZNWK_JOIN_REQ_REJOIN1?ZNWK                  -----    -----      -----    -----      0905H    0006H
  +--> ?PR?ZNWK
  +--> ?PR?_ZMAC_SCAN_REQ?ZMAC
  +--> ?PR?_NWKLIB_FINDNT_NWKADDR?ZNWK
  +--> ?PR?NWKLIB_FINDNT_EMPTY?ZNWK
  +--> ?PR?NWKLIB_FILL_ADDNT_DEFAULT?ZNWK
  +--> ?PR?_NWKLIB_DEVMGMT_ADDNT?ZNWK

?PR?_NWKLIB_FINDNT_NWKADDR?ZNWK                  -----    -----      -----    -----      09DCH    0002H
  +--> ?PR?ZNWK

?PR?_ZNWK_JOIN_REQ_REJOIN2?ZNWK                  -----    -----      -----    -----      0905H    000DH
  +--> ?PR?_CHECK_8BYTE_NULL?UTIL_SYS
  +--> ?PR?_CHECK_8BYTE_BROADCAST?UTIL_SYS
  +--> ?PR?_NWKLIB_DELETENT?ZNWK
  +--> ?PR?ZNWK
  +--> ?PR?_ZMAC_SCAN_REQ?ZMAC
  +--> ?PR?_SELECT_BEST_PARENT?ZNWK
  +--> ?PR?_ZSYS_RANDOM_GEN_GET?UTIL_SYS
  +--> ?PR?_NWKLIB_FINDNT_NWKADDR?ZNWK
BL51 BANKED LINKER/LOCATER V5.11                                                      06/29/2011  15:31:04  PAGE 17


  +--> ?PR?_ZSYS_SET_CHANNEL?UTIL_SYS
  +--> ?PR?_ZSYS_SET_PAN_ID?UTIL_SYS
  +--> ?PR?_ZSYS_SET_SHORT_ADDR?UTIL_SYS
  +--> ?PR?_NWKLIB_FILL_HEADER_V2?ZNWK
  +--> ?PR?NWKLIB_MAKE_HEADER_V2?ZNWK
  +--> ?PR?_NWKLIB_FILL_MAC_V2?ZNWK
  +--> ?PR?_NWKLIB_TRANSMIT?ZNWK
  +--> ?PR?_ZSYS_GET_Q_TIMER?MAIN
  +--> ?PR?_ZMAC_POLL_REQ?ZMAC
  +--> ?PR?_ZSYS_WDT_SET?WDT
  +--> ?PR?ZSYS_RX_PACKET_GET?MAIN
  +--> ?PR?_MACLIB_GET_FRAMECONTROL?ZMAC
  +--> ?PR?ZMAC_P2M_PARSER?ZMAC
  +--> ?PR?ZSYS_RX_PACKET_CLR?MAIN
  +--> ?PR?_ZSYS_SET_EPID?UTIL_SYS
  +--> ?PR?_NWKLIB_UPDATENT_RELATION?ZNWK
  +--> ?PR?_ZSYS_SET_Q_TIMER?MAIN
  +--> ?PR?_DELETE_NT_OTHEREPID_DEVICE?ZNWK
  +--> ?PR?_MACLIB_SYMBOL2MS?ZMAC

?PR?_ZSYS_RANDOM_GEN_GET?UTIL_SYS                -----    -----      -----    -----      0961H    0002H
  +--> ?PR?RAND?RAND

?PR?_ZSYS_SET_CHANNEL?UTIL_SYS                   -----    -----      -----    -----      -----    -----
  +--> ?PR?_ZHAL_CHANNEL_SET?PHY

?PR?_ZSYS_SET_PAN_ID?UTIL_SYS                    -----    -----      -----    -----      -----    -----
  +--> ?PR?_ZHAL_PAN_ID_SET?PHY

?PR?_ZSYS_SET_SHORT_ADDR?UTIL_SYS                -----    -----      -----    -----      -----    -----
  +--> ?PR?_ZHAL_SHORT_ADDR_SET?PHY

?PR?_NWKLIB_FILL_HEADER_V2?ZNWK                  -----    -----      -----    -----      09D5H    0002H
  +--> ?PR?ZNWK
  +--> ?PR?_NWKLIB_DEVMGMT_GETIEEEADDR?ZNWK

?PR?_NWKLIB_DEVMGMT_GETIEEEADDR?ZNWK             -----    -----      -----    -----      09D7H    0005H
  +--> ?PR?_NWKLIB_FINDNT_NWKADDR?ZNWK
  +--> ?PR?ZNWK
  +--> ?PR?_CHECK_8BYTE_NULL?UTIL_SYS
  +--> ?PR?_NWKLIB_FINDNAM_NWKADDR?ZNWK

?PR?NWKLIB_MAKE_HEADER_V2?ZNWK                   -----    -----      -----    -----      -----    -----
  +--> ?PR?ZNWK

?PR?_NWKLIB_FILL_MAC_V2?ZNWK                     -----    -----      -----    -----      -----    -----
  +--> ?PR?ZNWK

?PR?_NWKLIB_TRANSMIT?ZNWK                        -----    -----      -----    -----      09D5H    0008H
  +--> ?PR?ZNWK
  +--> ?PR?_ZSEC_FINDNWKSECMATERIAL_WITHKEYS...
  +--> ?PR?_ZSEC_OUTGOING_NWK_APS_SW?ZSEC
  +--> ?PR?_ZSEC_INCREMENT_4BYTE_ARRAY?ZSEC
  +--> ?PR?_ZMAC_DATA_REQ?ZMAC

?PR?_ZSEC_FINDNWKSECMATERIAL_WITHKEYS...         -----    -----      -----    -----      09DDH    0002H
  +--> ?PR?ZSEC
BL51 BANKED LINKER/LOCATER V5.11                                                      06/29/2011  15:31:04  PAGE 18



?PR?_ZSEC_OUTGOING_NWK_APS_SW?ZSEC               -----    -----      -----    -----      09DDH    00A7H
  +--> ?PR?ZSEC
  +--> ?PR?_ZSEC_SW_BUFFERSWAP?ZSEC_SW
  +--> ?PR?_ZHAL_SEC_KEY_SET?SECURITY
  +--> ?PR?_ZSEC_SW_CCMMODEENCRYPT?ZSEC_SW

?PR?_ZSEC_SW_BUFFERSWAP?ZSEC_SW                  -----    -----      -----    -----      0A84H    0016H
  +--> ?PR?ZSEC_SW

?PR?_ZHAL_SEC_KEY_SET?SECURITY                   -----    -----      -----    -----      0A84H    0004H

?PR?_ZSEC_SW_CCMMODEENCRYPT?ZSEC_SW              -----    -----      -----    -----      0A84H    0321H
  +--> ?PR?ZSEC_SW
  +--> ?PR?_ZSEC_SW_MAKECCMBLOCK?ZSEC_SW
  +--> ?PR?_ZSEC_SW_ENCRYPTCCMBLOCK?ZSEC_SW
  +--> ?PR?_ZSEC_SW_MAKEKEYSTREAM?ZSEC_SW
  +--> ?PR?_ZSEC_SW_GETCIPHERANDMIC?ZSEC_SW

?PR?_ZSEC_SW_MAKECCMBLOCK?ZSEC_SW                -----    -----      -----    -----      0DA5H    000FH
  +--> ?PR?ZSEC_SW

?PR?_ZSEC_SW_ENCRYPTCCMBLOCK?ZSEC_SW             -----    -----      -----    -----      0DA5H    001CH
  +--> ?PR?ZSEC_SW
  +--> ?PR?_ZSEC_SW_AES?ZSEC_SW

?PR?_ZSEC_SW_AES?ZSEC_SW                         -----    -----      -----    -----      0DC1H    0016H
  +--> ?PR?ZSEC_SW
  +--> ?PR?_ZHAL_SEC_SAES?SECURITY

?PR?_ZHAL_SEC_SAES?SECURITY                      -----    -----      -----    -----      0DD7H    0008H

?PR?_ZSEC_SW_MAKEKEYSTREAM?ZSEC_SW               -----    -----      -----    -----      0DA5H    000BH
  +--> ?PR?ZSEC_SW

?PR?_ZSEC_SW_GETCIPHERANDMIC?ZSEC_SW             -----    -----      -----    -----      0DA5H    0015H
  +--> ?PR?ZSEC_SW
  +--> ?PR?_ZSEC_SW_AES?ZSEC_SW

?PR?_ZSEC_INCREMENT_4BYTE_ARRAY?ZSEC             -----    -----      -----    -----      -----    -----
  +--> ?PR?ZSEC

?PR?_ZMAC_DATA_REQ?ZMAC                          -----    -----      -----    -----      09DDH    0007H
  +--> ?PR?ZMAC
  +--> ?PR?_MAKEMCPSDATAFRAME?ZMAC
  +--> ?PR?_MACLIB_TX_MACFRAME?ZMAC

?PR?_MAKEMCPSDATAFRAME?ZMAC                      -----    -----      -----    -----      09E4H    0007H
  +--> ?PR?ZMAC

?PR?_ZMAC_POLL_REQ?ZMAC                          -----    -----      -----    -----      0912H    0008H
  +--> ?PR?ZMAC
  +--> ?PR?_MAKEDATAREQCMDFRAME?ZMAC
  +--> ?PR?_MACLIB_TX_MACFRAME?ZMAC
  +--> ?PR?_MACLIB_SYMBOL2MS?ZMAC
  +--> ?PR?_ZSYS_SET_V_TIMER?MAIN
  +--> ?PR?_ZSYS_GET_V_TIMER?MAIN
BL51 BANKED LINKER/LOCATER V5.11                                                      06/29/2011  15:31:04  PAGE 19



?PR?ZMAC_P2M_PARSER?ZMAC                         -----    -----      -----    -----      0912H    004FH
  +--> ?PR?ZMAC
  +--> ?PR?_ZSYS_RANDOM_GEN_GET?UTIL_SYS
  +--> ?PR?_MAKEDATAINDICATE?ZMAC
  +--> ?PR?_ZUSER_OOB_DATA_IND?Z_USER_ADC
  +--> ?PR?_ZMAC_DATA_IND?ZNWK_MAC_IND
  +--> ?PR?_MAKEBEACONINFORMATION?ZMAC
  +--> ?PR?_ZMAC_BEA_NOTI_IND_RUNTIME?ZNWK_M...

?PR?_MAKEDATAINDICATE?ZMAC                       -----    -----      -----    -----      0961H    0003H
  +--> ?PR?ZMAC

?PR?_ZUSER_OOB_DATA_IND?Z_USER_ADC               -----    -----      -----    -----      0961H    0004H
  +--> ?PR?_ZSYS_WDT_SET?WDT
  +--> ?PR?_ZUSER_OOB_MNGT_IND?Z_USER_ADC
  +--> ?CO?Z_USER_ADC
  +--> ?PR?_ZPRINTF?UTIL_APP
  +--> ?PR?Z_USER_ADC
  +--> ?PR?_DISPLAY_BUFFER?UTIL_APP

?PR?_ZUSER_OOB_MNGT_IND?Z_USER_ADC               -----    -----      -----    -----      0965H    0003H
  +--> ?PR?Z_USER_ADC
  +--> ?PR?ZOTA_REBOOT?REBOOT
  +--> ?PR?_ZSYS_WDT_SET?WDT
  +--> ?PR?ZOTA_FLASH_ERASE?Z_USER_ADC
  +--> ?PR?_ZOTA_PAGE_PROGRAM?Z_USER_ADC
  +--> ?PR?_ZOTA_PAGE_READ?Z_USER_ADC
  +--> ?PR?_ZMAC_DATA_REQ?ZMAC

?PR?ZOTA_REBOOT?REBOOT                           -----    -----      -----    -----      0968H    0211H
  +--> ?PR?REBOOT
  +--> ?PR?ZOTA_SPI_OFF?REBOOT
  +--> ?PR?_TMPADD?REBOOT
  +--> ?PR?ZOTA_SPI_ON?REBOOT
  +--> ?PR?_ZOTA_SPI_MASTER_POLLING?REBOOT

?PR?ZOTA_SPI_OFF?REBOOT                          -----    -----      -----    -----      -----    -----
  +--> ?PR?_ZOTA_SPI_SET?REBOOT

?PR?ZOTA_SPI_ON?REBOOT                           -----    -----      -----    -----      -----    -----
  +--> ?PR?_ZOTA_SPI_SET?REBOOT

?PR?ZOTA_FLASH_ERASE?Z_USER_ADC                  -----    -----      -----    -----      0968H    0001H
  +--> ?PR?ZOTA_SPI_ON?REBOOT
  +--> ?PR?_ZOTA_SPI_MASTER_POLLING?REBOOT
  +--> ?PR?ZOTA_SPI_OFF?REBOOT

?PR?_ZOTA_PAGE_PROGRAM?Z_USER_ADC                -----    -----      -----    -----      0968H    000BH
  +--> ?PR?ZOTA_SPI_ON?REBOOT
  +--> ?PR?_ZOTA_SPI_MASTER_POLLING?REBOOT
  +--> ?PR?ZOTA_SPI_OFF?REBOOT
  +--> ?PR?Z_USER_ADC

?PR?_ZOTA_PAGE_READ?Z_USER_ADC                   -----    -----      -----    -----      0968H    000DH
  +--> ?PR?ZOTA_SPI_OFF?REBOOT
  +--> ?PR?ZOTA_SPI_ON?REBOOT
BL51 BANKED LINKER/LOCATER V5.11                                                      06/29/2011  15:31:04  PAGE 20


  +--> ?PR?Z_USER_ADC
  +--> ?PR?_ZOTA_SPI_MASTER_POLLING?REBOOT

?PR?_ZPRINTF?UTIL_APP                            -----    -----      -----    -----      09A9H    0070H
  +--> ?PR?UTIL_APP
  +--> ?PR?_ZSYS_WDT_SET?WDT
  +--> ?PR?_VSPRINTF?VSPRINTF
  +--> ?PR?_ZSYS_UART1_PUT?UART

?PR?UTIL_APP                                     -----    -----      -----    -----      -----    -----
  +--> ?CO?UTIL_APP

?PR?_VSPRINTF?VSPRINTF                           -----    -----      -----    -----      0A19H    0006H
  +--> ?PR?PRINTF?PRINTF

?PR?PRINTF?PRINTF                                0020H.0  0001H.1    0008H    0005H      0A1FH    0028H
  +--> ?PR?PUTCHAR?PUTCHAR

?PR?_ZSYS_UART1_PUT?UART                         -----    -----      -----    -----      -----    -----
  +--> ?PR?ZSYS_UART1_TXLEN?UART
  +--> ?PR?UART

?PR?ZSYS_UART1_TXLEN?UART                        -----    -----      -----    -----      -----    -----
  +--> ?PR?UART

?PR?_DISPLAY_BUFFER?UTIL_APP                     -----    -----      -----    -----      09A3H    0006H
  +--> ?CO?UTIL_APP
  +--> ?PR?_ZPRINTF?UTIL_APP
  +--> ?PR?UTIL_APP

?PR?_ZMAC_DATA_IND?ZNWK_MAC_IND                  -----    -----      -----    -----      0961H    0021H
  +--> ?PR?ZNWK_MAC_IND
  +--> ?PR?_ZUSER_INTPR_DATA_IND?Z_USER_ADC
  +--> ?PR?_NWKLIB_PARSING_MSDU?ZNWK_MAC_IND
  +--> ?PR?_ZSEC_FINDNWKSECMATERIAL_WITHKEYS...
  +--> ?PR?_ZSEC_INCOMING_NWK_APS_SW?ZSEC
  +--> ?PR?_NWKLIB_FINDNT_EXPANDNWKADDR?ZNWK
  +--> ?PR?_NWKLIB_BTT_MANAGER?ZNWK
  +--> ?PR?_ZNWK_PROC_NWK_STA?ZNWK_MAC_IND
  +--> ?PR?_ZNWK_PROC_LEAVE?ZNWK_MAC_IND
  +--> ?PR?_ZNWK_PROC_REJ_RSP?ZNWK_MAC_IND
  +--> ?PR?_ZNWK_PROC_NWK_UPDATE?ZNWK_MAC_IND
  +--> ?PR?_NWKLIB_FINDGID_GROUP?ZNWK
  +--> ?PR?_ZSYS_GET_V_TIMER?MAIN
  +--> ?PR?_ZNWK_DATA_IND?ZAPS_NWK_IND

?PR?_NWKLIB_PARSING_MSDU?ZNWK_MAC_IND            -----    -----      -----    -----      0982H    0007H
  +--> ?PR?ZNWK_MAC_IND

?PR?_ZSEC_INCOMING_NWK_APS_SW?ZSEC               -----    -----      -----    -----      0982H    00A8H
  +--> ?PR?ZSEC
  +--> ?PR?_ZSEC_SW_BUFFERSWAP?ZSEC_SW
  +--> ?PR?_ZHAL_SEC_KEY_SET?SECURITY
  +--> ?PR?_ZSEC_SW_CCMMODEDECRYPT?ZSEC_SW

?PR?_ZSEC_SW_CCMMODEDECRYPT?ZSEC_SW              -----    -----      -----    -----      0A2AH    0341H
  +--> ?PR?ZSEC_SW
BL51 BANKED LINKER/LOCATER V5.11                                                      06/29/2011  15:31:04  PAGE 21


  +--> ?PR?_ZSEC_SW_MAKECCMBLOCK?ZSEC_SW
  +--> ?PR?_ZSEC_SW_MAKEKEYSTREAM?ZSEC_SW
  +--> ?PR?_ZSEC_SW_GETCIPHERANDMIC?ZSEC_SW
  +--> ?PR?_ZSEC_SW_ENCRYPTCCMBLOCK?ZSEC_SW

?PR?_NWKLIB_FINDNT_EXPANDNWKADDR?ZNWK            -----    -----      -----    -----      09D5H    0007H
  +--> ?PR?ZNWK

?PR?_NWKLIB_BTT_MANAGER?ZNWK                     -----    -----      -----    -----      0982H    0007H
  +--> ?PR?ZNWK

?PR?_ZNWK_PROC_NWK_STA?ZNWK_MAC_IND              -----    -----      -----    -----      0982H    0009H
  +--> ?PR?ZNWK_MAC_IND
  +--> ?PR?_ZUSER_NWK_STATUS_IND?Z_USER_ADC

?PR?_ZUSER_NWK_STATUS_IND?Z_USER_ADC             -----    -----      -----    -----      098BH    0003H
  +--> ?CO?Z_USER_ADC
  +--> ?PR?_ZPRINTF?UTIL_APP
  +--> ?PR?Z_USER_ADC

?PR?_ZNWK_PROC_LEAVE?ZNWK_MAC_IND                -----    -----      -----    -----      0982H    000AH
  +--> ?PR?ZNWK_MAC_IND
  +--> ?PR?_NWKLIB_FINDNT_EXPANDNWKADDR?ZNWK
  +--> ?PR?_ZUSER_NWK_LEAVE_IND?Z_USER_ADC
  +--> ?PR?_ZMAC_RESET_REQ?ZMAC

?PR?_ZUSER_NWK_LEAVE_IND?Z_USER_ADC              -----    -----      -----    -----      098CH    0003H
  +--> ?CO?Z_USER_ADC
  +--> ?PR?_ZPRINTF?UTIL_APP
  +--> ?PR?_CHECK_8BYTE_NULL?UTIL_SYS
  +--> ?PR?_NWKLIB_DEVMGMT_DELETEIEEEADDR?ZNWK

?PR?_NWKLIB_DEVMGMT_DELETEIEEEADDR?ZNWK          -----    -----      -----    -----      09AFH    0003H
  +--> ?PR?_NWKLIB_FINDNT_IEEEADDR?ZNWK
  +--> ?PR?_NWKLIB_DELETENT?ZNWK
  +--> ?PR?_NWKLIB_FINDNAM_IEEEADDR?ZNWK
  +--> ?PR?_NWKLIB_DELETENAM?ZNWK

?PR?_NWKLIB_FINDNT_IEEEADDR?ZNWK                 -----    -----      -----    -----      09C4H    0004H
  +--> ?PR?ZNWK

?PR?_NWKLIB_FINDNAM_IEEEADDR?ZNWK                -----    -----      -----    -----      09C4H    0003H
  +--> ?PR?ZNWK

?PR?_ZNWK_PROC_REJ_RSP?ZNWK_MAC_IND              -----    -----      -----    -----      0982H    0007H
  +--> ?PR?ZNWK_MAC_IND
  +--> ?PR?_NWKLIB_FINDNT_NWKADDR?ZNWK
  +--> ?PR?_ZSYS_SET_SHORT_ADDR?UTIL_SYS
  +--> ?PR?_NWKLIB_FINDNT_EXPANDNWKADDR?ZNWK
  +--> ?PR?_ZUSER_NWK_NWKADDRUPDATE_IND?Z_US...

?PR?_ZUSER_NWK_NWKADDRUPDATE_IND?Z_US...         -----    -----      -----    -----      0989H    0004H
  +--> ?CO?Z_USER_ADC
  +--> ?PR?_ZPRINTF?UTIL_APP
  +--> ?PR?Z_USER_ADC
  +--> ?PR?ZSYS_SEND_DEVICE_ANNOUNCE?Z_USER_ADC

BL51 BANKED LINKER/LOCATER V5.11                                                      06/29/2011  15:31:04  PAGE 22


?PR?ZSYS_SEND_DEVICE_ANNOUNCE?Z_USER_ADC         -----    -----      -----    -----      -----    -----
  +--> ?PR?Z_USER_ADC
  +--> ?PR?_ZAPS_DATA_REQ?ZAPS

?PR?_ZAPS_DATA_REQ?ZAPS                          -----    -----      -----    -----      09A4H    0010H
  +--> ?PR?ZAPS
  +--> ?PR?_APSLIB_BINDCOUNTCHECK?ZAPS
  +--> ?PR?_APSLIB_FINDBT_CLUSTERANDEP?ZAPS
  +--> ?PR?_APSLIB_TXMODEGET?ZAPS
  +--> ?PR?_APSLIB_TRANSMIT_DATA?ZAPS

?PR?_APSLIB_BINDCOUNTCHECK?ZAPS                  -----    -----      -----    -----      09B4H    0005H
  +--> ?PR?ZAPS

?PR?_APSLIB_FINDBT_CLUSTERANDEP?ZAPS             -----    -----      -----    -----      09B4H    0003H
  +--> ?PR?ZAPS

?PR?_APSLIB_TXMODEGET?ZAPS                       -----    -----      -----    -----      09B4H    000AH
  +--> ?PR?ZAPS
  +--> ?PR?_NWKLIB_DEVMGMT_GETNWKADDR?ZNWK

?PR?_NWKLIB_DEVMGMT_GETNWKADDR?ZNWK              -----    -----      -----    -----      09BEH    0006H
  +--> ?PR?_NWKLIB_FINDNT_IEEEADDR?ZNWK
  +--> ?PR?ZNWK
  +--> ?PR?_NWKLIB_FINDNAM_IEEEADDR?ZNWK

?PR?_APSLIB_TRANSMIT_DATA?ZAPS                   -----    -----      -----    -----      09B4H    000BH
  +--> ?PR?ZAPS
  +--> ?PR?_APSLIB_MAKE_HEADER?ZAPS
  +--> ?PR?_APSLIB_TRANSMIT?ZAPS

?PR?_APSLIB_MAKE_HEADER?ZAPS                     -----    -----      -----    -----      09BFH    0007H
  +--> ?PR?ZAPS

?PR?_APSLIB_TRANSMIT?ZAPS                        -----    -----      -----    -----      09BFH    0007H
  +--> ?PR?_ZNWK_DATA_REQ?ZNWK
  +--> ?PR?ZAPS

?PR?_ZNWK_DATA_REQ?ZNWK                          -----    -----      -----    -----      09C6H    0006H
  +--> ?PR?ZNWK
  +--> ?PR?_ZSYS_GET_V_TIMER?MAIN
  +--> ?PR?_ZNWK_DATA_REQ_ZED?ZNWK

?PR?_ZNWK_DATA_REQ_ZED?ZNWK                      -----    -----      -----    -----      09CCH    0009H
  +--> ?PR?ZNWK
  +--> ?PR?_NWKLIB_FINDNT_EXPANDNWKADDR?ZNWK
  +--> ?PR?_NWKLIB_FILL_HEADER_V2?ZNWK
  +--> ?PR?NWKLIB_MAKE_HEADER_V2?ZNWK
  +--> ?PR?_NWKLIB_FILL_MAC_V2?ZNWK
  +--> ?PR?_NWKLIB_TRANSMIT?ZNWK
  +--> ?PR?_NWKLIB_DELETENT?ZNWK

?PR?_ZNWK_PROC_NWK_UPDATE?ZNWK_MAC_IND           -----    -----      -----    -----      0982H    0007H
  +--> ?PR?ZNWK_MAC_IND
  +--> ?PR?_ZSYS_SET_Q_TIMER?MAIN

?PR?_NWKLIB_FINDGID_GROUP?ZNWK                   -----    -----      -----    -----      0982H    0002H
BL51 BANKED LINKER/LOCATER V5.11                                                      06/29/2011  15:31:04  PAGE 23


  +--> ?PR?ZNWK

?PR?_ZNWK_DATA_IND?ZAPS_NWK_IND                  -----    -----      -----    -----      0982H    001EH
  +--> ?PR?ZAPS_NWK_IND
  +--> ?PR?_APSLIB_PARSING_NSDU?ZAPS_NWK_IND
  +--> ?PR?_APSLIB_ACKTRANSMIT?ZAPS_NWK_IND
  +--> ?PR?_ZUSER_APS_ACK_TX_IND?Z_USER_ADC
  +--> ?PR?_ZSYS_GET_Q_TIMER?MAIN
  +--> ?PR?_APSLIB_FINDGT_GROUPADDR_EP?ZAPS
  +--> ?PR?_ZZDP_APS_DATA_IND?Z_USER_ADC
  +--> ?PR?_ZUSER_APS_DATA_IND?Z_USER_ADC
  +--> ?PR?_ZUSER_APS_ESTABLISH_KEY_IND?Z_US...
  +--> ?PR?_NWKLIB_DEVMGMT_GETIEEEADDR?ZNWK
  +--> ?PR?_ZUSER_APS_TRANSPORT_KEY_IND?Z_US...
  +--> ?PR?_APSLIB_TRANSMIT_CMD?ZAPS
  +--> ?PR?_CHECK_8BYTE_NULL?UTIL_SYS
  +--> ?PR?_ZUSER_APS_UPDATE_DEVICE_IND?Z_US...
  +--> ?PR?_ZUSER_APS_REMOVE_DEVICE_IND?Z_US...
  +--> ?PR?_ZUSER_APS_REQUEST_KEY_IND?Z_USER...
  +--> ?PR?_ZUSER_APS_SWITCH_KEY_IND?Z_USER_ADC
  +--> ?PR?_ZUSER_APS_ACK_RX_IND?Z_USER_ADC

?PR?_APSLIB_PARSING_NSDU?ZAPS_NWK_IND            -----    -----      -----    -----      09A0H    0009H
  +--> ?PR?ZAPS_NWK_IND

?PR?_APSLIB_ACKTRANSMIT?ZAPS_NWK_IND             -----    -----      -----    -----      09A0H    0003H
  +--> ?PR?_NWKLIB_DEVMGMT_GETIEEEADDR?ZNWK
  +--> ?PR?_APSLIB_TRANSMIT?ZAPS

?PR?_ZUSER_APS_ACK_TX_IND?Z_USER_ADC             -----    -----      -----    -----      09A0H    0003H
  +--> ?CO?Z_USER_ADC
  +--> ?PR?Z_USER_ADC
  +--> ?PR?_ZPRINTF?UTIL_APP

?PR?_APSLIB_FINDGT_GROUPADDR_EP?ZAPS             -----    -----      -----    -----      09A0H    0003H
  +--> ?PR?ZAPS

?PR?_ZZDP_APS_DATA_IND?Z_USER_ADC                -----    -----      -----    -----      09A0H    0004H
  +--> ?PR?Z_USER_ADC
  +--> ?PR?_ZZDP_CALLBACK_FOR_NWKADDRREQ?Z_U...
  +--> ?PR?_ZZDP_CALLBACK_FOR_NWKADDRRSP?Z_U...
  +--> ?PR?_ZZDP_CALLBACK_FOR_IEEEADDRREQ?Z_...
  +--> ?PR?_ZZDP_CALLBACK_FOR_IEEEADDRRSP?Z_...
  +--> ?PR?_ZZDP_CALLBACK_FOR_NODEDESCREQ?Z_...
  +--> ?PR?_ZZDP_CALLBACK_FOR_SIMPDESCREQ?Z_...
  +--> ?PR?_ZZDP_CALLBACK_FOR_ACTIVEEPREQ?Z_...
  +--> ?PR?_ZZDP_CALLBACK_FOR_DEVICEANNOUNCE...
  +--> ?PR?_ZZDP_CALLBACK_FOR_NWKUPDATEREQ?Z...
  +--> ?PR?_ZAPS_DATA_REQ?ZAPS

?PR?_ZZDP_CALLBACK_FOR_NWKADDRREQ?Z_U...         -----    -----      -----    -----      09A4H    000FH
  +--> ?PR?Z_USER_ADC
  +--> ?PR?_SWAP_BUFFER_2B?UTIL_SYS
  +--> ?PR?_NWKLIB_FINDNT_IEEEADDR?ZNWK

?PR?_SWAP_BUFFER_2B?UTIL_SYS                     -----    -----      -----    -----      09B3H    0003H
  +--> ?PR?UTIL_SYS
BL51 BANKED LINKER/LOCATER V5.11                                                      06/29/2011  15:31:04  PAGE 24



?PR?_ZZDP_CALLBACK_FOR_NWKADDRRSP?Z_U...         -----    -----      -----    -----      09A4H    0003H
  +--> ?PR?Z_USER_ADC
  +--> ?PR?_SWAP_BUFFER_2B?UTIL_SYS
  +--> ?PR?_NWKLIB_DEVMGMT_UPDATEIEEEADDR?ZNWK

?PR?_NWKLIB_DEVMGMT_UPDATEIEEEADDR?ZNWK          -----    -----      -----    -----      09AFH    0005H
  +--> ?PR?ZNWK
  +--> ?PR?_ZSYS_GET_Q_TIMER?MAIN
  +--> ?PR?_NWKLIB_FINDNT_IEEEADDR?ZNWK
  +--> ?PR?_NWKLIB_DELETENT?ZNWK
  +--> ?PR?_NWKLIB_FINDNAM_IEEEADDR?ZNWK
  +--> ?PR?_NWKLIB_DELETENAM?ZNWK
  +--> ?PR?_NWKLIB_FINDNT_NWKADDR?ZNWK
  +--> ?PR?_CHECK_8BYTE_NULL?UTIL_SYS
  +--> ?PR?_NWKLIB_FINDNAM_NWKADDR?ZNWK
  +--> ?PR?NWKLIB_FINDNAM_EMPTY?ZNWK

?PR?NWKLIB_FINDNAM_EMPTY?ZNWK                    -----    -----      -----    -----      -----    -----
  +--> ?PR?ZNWK

?PR?_ZZDP_CALLBACK_FOR_IEEEADDRREQ?Z_...         -----    -----      -----    -----      09A4H    000FH
  +--> ?PR?Z_USER_ADC
  +--> ?PR?_SWAP_BUFFER_2B?UTIL_SYS
  +--> ?PR?_NWKLIB_FINDNT_NWKADDR?ZNWK

?PR?_ZZDP_CALLBACK_FOR_IEEEADDRRSP?Z_...         -----    -----      -----    -----      09A4H    0003H
  +--> ?PR?Z_USER_ADC
  +--> ?PR?_SWAP_BUFFER_2B?UTIL_SYS
  +--> ?PR?_NWKLIB_DEVMGMT_UPDATEIEEEADDR?ZNWK

?PR?_ZZDP_CALLBACK_FOR_NODEDESCREQ?Z_...         -----    -----      -----    -----      09A4H    000EH
  +--> ?PR?Z_USER_ADC
  +--> ?PR?_SWAP_BUFFER_2B?UTIL_SYS

?PR?_ZZDP_CALLBACK_FOR_SIMPDESCREQ?Z_...         -----    -----      -----    -----      09A4H    000EH
  +--> ?PR?Z_USER_ADC
  +--> ?PR?_SWAP_BUFFER_2B?UTIL_SYS

?PR?_ZZDP_CALLBACK_FOR_ACTIVEEPREQ?Z_...         -----    -----      -----    -----      09A4H    000CH
  +--> ?PR?Z_USER_ADC
  +--> ?PR?_SWAP_BUFFER_2B?UTIL_SYS

?PR?_ZZDP_CALLBACK_FOR_DEVICEANNOUNCE...         -----    -----      -----    -----      09A4H    000BH
  +--> ?PR?Z_USER_ADC
  +--> ?PR?_SWAP_BUFFER_2B?UTIL_SYS
  +--> ?PR?_NWKLIB_SET_CONFLICTADDR?ZNWK
  +--> ?PR?_NWKLIB_DEVMGMT_DELETENWKADDR?ZNWK
  +--> ?PR?_NWKLIB_DEVMGMT_GETIEEEADDR?ZNWK
  +--> ?PR?_NWKLIB_DEVMGMT_DELETEIEEEADDR?ZNWK
  +--> ?PR?_NWKLIB_DEVMGMT_UPDATEIEEEADDR?ZNWK

?PR?_NWKLIB_SET_CONFLICTADDR?ZNWK                -----    -----      -----    -----      09AFH    0002H
  +--> ?PR?_ZSYS_GET_Q_TIMER?MAIN
  +--> ?PR?_ZSYS_SET_Q_TIMER?MAIN

?PR?_NWKLIB_DEVMGMT_DELETENWKADDR?ZNWK           -----    -----      -----    -----      09AFH    0002H
BL51 BANKED LINKER/LOCATER V5.11                                                      06/29/2011  15:31:04  PAGE 25


  +--> ?PR?_NWKLIB_FINDNT_NWKADDR?ZNWK
  +--> ?PR?_NWKLIB_DELETENT?ZNWK
  +--> ?PR?_NWKLIB_FINDNAM_NWKADDR?ZNWK
  +--> ?PR?_NWKLIB_DELETENAM?ZNWK

?PR?_ZZDP_CALLBACK_FOR_NWKUPDATEREQ?Z...         -----    -----      -----    -----      09A4H    0016H
  +--> ?PR?Z_USER_ADC
  +--> ?PR?_ZNWK_ED_SCAN_REQ?ZNWK
  +--> ?PR?_SWAP_BUFFER_4B?UTIL_SYS
  +--> ?PR?_ZSYS_SET_Q_TIMER?MAIN

?PR?_ZNWK_ED_SCAN_REQ?ZNWK                       -----    -----      -----    -----      09BAH    0006H
  +--> ?PR?ZNWK
  +--> ?PR?_ZMAC_SCAN_REQ?ZMAC

?PR?_SWAP_BUFFER_4B?UTIL_SYS                     -----    -----      -----    -----      09BAH    0005H
  +--> ?PR?UTIL_SYS

?PR?_ZUSER_APS_DATA_IND?Z_USER_ADC               -----    -----      -----    -----      09A0H    0003H
  +--> ?CO?Z_USER_ADC
  +--> ?PR?_ZPRINTF?UTIL_APP
  +--> ?PR?Z_USER_ADC
  +--> ?PR?_DISPLAY_BUFFER?UTIL_APP

?PR?_ZUSER_APS_ESTABLISH_KEY_IND?Z_US...         -----    -----      -----    -----      -----    -----
  +--> ?CO?Z_USER_ADC
  +--> ?PR?_ZPRINTF?UTIL_APP

?PR?_ZUSER_APS_TRANSPORT_KEY_IND?Z_US...         -----    -----      -----    -----      -----    -----
  +--> ?CO?Z_USER_ADC
  +--> ?PR?_ZPRINTF?UTIL_APP

?PR?_APSLIB_TRANSMIT_CMD?ZAPS                    -----    -----      -----    -----      09A0H    0008H
  +--> ?PR?_CHECK_8BYTE_NULL?UTIL_SYS
  +--> ?PR?ZAPS
  +--> ?PR?_NWKLIB_DEVMGMT_GETNWKADDR?ZNWK
  +--> ?PR?_APSLIB_TRANSMIT?ZAPS

?PR?_ZUSER_APS_UPDATE_DEVICE_IND?Z_US...         -----    -----      -----    -----      -----    -----
  +--> ?CO?Z_USER_ADC
  +--> ?PR?_ZPRINTF?UTIL_APP

?PR?_ZUSER_APS_REMOVE_DEVICE_IND?Z_US...         -----    -----      -----    -----      -----    -----
  +--> ?CO?Z_USER_ADC
  +--> ?PR?_ZPRINTF?UTIL_APP

?PR?_ZUSER_APS_REQUEST_KEY_IND?Z_USER...         -----    -----      -----    -----      -----    -----
  +--> ?CO?Z_USER_ADC
  +--> ?PR?_ZPRINTF?UTIL_APP

?PR?_ZUSER_APS_SWITCH_KEY_IND?Z_USER_ADC         -----    -----      -----    -----      -----    -----
  +--> ?CO?Z_USER_ADC
  +--> ?PR?_ZPRINTF?UTIL_APP

?PR?_ZUSER_APS_ACK_RX_IND?Z_USER_ADC             -----    -----      -----    -----      09A0H    0003H
  +--> ?CO?Z_USER_ADC
  +--> ?PR?Z_USER_ADC
BL51 BANKED LINKER/LOCATER V5.11                                                      06/29/2011  15:31:04  PAGE 26


  +--> ?PR?_ZPRINTF?UTIL_APP

?PR?_MAKEBEACONINFORMATION?ZMAC                  -----    -----      -----    -----      0961H    0003H
  +--> ?PR?ZMAC

?PR?_ZMAC_BEA_NOTI_IND_RUNTIME?ZNWK_M...         -----    -----      -----    -----      -----    -----
  +--> ?PR?ZNWK_MAC_IND
  +--> ?PR?_NWKLIB_CHECK_PANIDCONFLICTION?ZN...
  +--> ?PR?_NWKLIB_FILL_HEADER_V2?ZNWK
  +--> ?PR?NWKLIB_MAKE_HEADER_V2?ZNWK
  +--> ?PR?_NWKLIB_FILL_MAC_V2?ZNWK
  +--> ?PR?_NWKLIB_TRANSMIT?ZNWK

?PR?_NWKLIB_CHECK_PANIDCONFLICTION?ZN...         -----    -----      -----    -----      0961H    0007H
  +--> ?PR?ZNWK_MAC_IND

?PR?_ZNWK_JOIN_REQ_REJOIN3?ZNWK                  -----    -----      -----    -----      0905H    000CH
  +--> ?PR?ZNWK
  +--> ?PR?_ZHAL_CHANNEL_SET?PHY

?PR?_ZNWK_SET_REQ?ZNWK                           -----    -----      -----    -----      08E8H    000AH
  +--> ?PR?ZNWK
  +--> ?PR?_ZMAC_SET_REQ?ZMAC
  +--> ?PR?_ZSYS_SET_PAN_ID?UTIL_SYS
  +--> ?PR?_ZSYS_SET_SHORT_ADDR?UTIL_SYS
  +--> ?PR?_ZSYS_SET_EPID?UTIL_SYS

?PR?_ZMAC_SET_REQ?ZMAC                           -----    -----      -----    -----      08F2H    0009H
  +--> ?PR?ZMAC
  +--> ?PR?_ZHAL_CHANNEL_SET?PHY
  +--> ?PR?_ZHAL_TXPOWER_SET?PHY
  +--> ?PR?_SWAP_BUFFER_4B?UTIL_SYS
  +--> ?PR?_ZHAL_PAN_ID_SET?PHY
  +--> ?PR?_ZHAL_SHORT_ADDR_SET?PHY
  +--> ?PR?_ZHAL_IEEE_ADDR_SET?PHY

?PR?_ZNWK_GET_REQ?ZNWK                           -----    -----      -----    -----      08E8H    0007H
  +--> ?PR?ZNWK
  +--> ?PR?_ZMAC_GET_REQ?ZMAC

?PR?_ZMAC_GET_REQ?ZMAC                           -----    -----      -----    -----      08EFH    0006H
  +--> ?PR?ZMAC
  +--> ?PR?_SWAP_BUFFER_4B?UTIL_SYS

?PR?_ZNWK_SET_TABLE_REQ?ZNWK                     -----    -----      -----    -----      08E8H    000AH
  +--> ?PR?ZNWK
  +--> ?PR?_NWKLIB_DELETENT?ZNWK
  +--> ?PR?_NWKLIB_DEVMGMT_ADDNT?ZNWK

?PR?_ZNWK_GET_TABLE_REQ?ZNWK                     -----    -----      -----    -----      08E8H    0006H
  +--> ?PR?ZNWK

?PR?_ZNWK_LEAVE_REQ?ZNWK                         -----    -----      -----    -----      08E8H    0009H
  +--> ?PR?ZNWK
  +--> ?PR?_CHECK_8BYTE_NULL?UTIL_SYS
  +--> ?PR?_NWKLIB_FILL_HEADER_V2?ZNWK
  +--> ?PR?NWKLIB_MAKE_HEADER_V2?ZNWK
BL51 BANKED LINKER/LOCATER V5.11                                                      06/29/2011  15:31:04  PAGE 27


  +--> ?PR?_NWKLIB_FINDNT_EXPANDNWKADDR?ZNWK
  +--> ?PR?_NWKLIB_FILL_MAC_V2?ZNWK
  +--> ?PR?_NWKLIB_TRANSMIT?ZNWK
  +--> ?PR?_ZNWK_RESET_REQ?ZNWK

?PR?_ZNWK_SYNC_REQ?ZNWK                          -----    -----      -----    -----      08F0H    0006H
  +--> ?PR?ZNWK
  +--> ?PR?_ZMAC_POLL_REQ?ZMAC

?PR?APSLIB_REMOVEWARNING?ZAPS                    -----    -----      -----    -----      -----    -----
  +--> ?PR?_ZAPS_ADD_GROUP_REQ?ZAPS
  +--> ?PR?ZAPS
  +--> ?PR?_ZAPS_REMOVE_GROUP_REQ?ZAPS
  +--> ?PR?_ZAPS_REMOVE_ALL_GROUP_REQ?ZAPS
  +--> ?PR?_ZAPS_BIND_REQ?ZAPS
  +--> ?PR?_ZAPS_UNBIND_REQ?ZAPS
  +--> ?PR?_ZAPS_GET_REQ?ZAPS
  +--> ?PR?_ZAPS_SET_REQ?ZAPS
  +--> ?PR?_ZAPS_GET_TABLE_REQ?ZAPS
  +--> ?PR?_ZAPS_SET_TABLE_REQ?ZAPS
  +--> ?PR?_ZAPS_DATA_REQ?ZAPS
  +--> ?PR?_ZAPS_SET_CONFIG_REQ?ZAPS
  +--> ?PR?_ZAPS_ESTABLISH_KEY_REQ?ZAPS
  +--> ?PR?_ZAPS_TRANSPORT_KEY_REQ?ZAPS
  +--> ?PR?_ZAPS_UPDATE_DEVICE_REQ?ZAPS
  +--> ?PR?_ZAPS_REMOVE_DEVICE_REQ?ZAPS
  +--> ?PR?_ZAPS_REQUEST_KEY_REQ?ZAPS
  +--> ?PR?_ZAPS_SWITCH_KEY_REQ?ZAPS

?PR?_ZAPS_ADD_GROUP_REQ?ZAPS                     -----    -----      -----    -----      08E8H    0007H
  +--> ?PR?ZAPS
  +--> ?PR?_APSLIB_FINDGT_GROUPADDR_EP?ZAPS
  +--> ?PR?_NWKLIB_FINDGID_GROUP?ZNWK
  +--> ?PR?NWKLIB_FINDGID_EMPTY?ZNWK

?PR?NWKLIB_FINDGID_EMPTY?ZNWK                    -----    -----      -----    -----      -----    -----
  +--> ?PR?ZNWK

?PR?_ZAPS_REMOVE_GROUP_REQ?ZAPS                  -----    -----      -----    -----      08E8H    0006H
  +--> ?PR?ZAPS
  +--> ?PR?_APSLIB_FINDGT_GROUPADDR_EP?ZAPS
[...]
  -------         DO            
  D:0007H         SYMBOL        i
  X:0DC7H         SYMBOL        SwapBuf
  -------         ENDDO         
  C:5414H         LINE#         94
  C:5414H         LINE#         95
  C:5414H         LINE#         99
  C:5432H         LINE#         100
  C:5443H         LINE#         101
  C:5469H         LINE#         102
  -------         ENDPROC       _ZSEC_SW_AES
  C:4841H         SYMBOL        L?0089
  -------         PROC          _ZSEC_SW_GETCIPHERANDMIC
  X:0DA5H         SYMBOL        pA
  X:0DA8H         SYMBOL        pC
  X:0DABH         SYMBOL        pB
  X:0DAEH         SYMBOL        MsgBlockNum
  X:0DAFH         SYMBOL        BlockCnt
  X:0DB0H         SYMBOL        pTag
  X:0DB3H         SYMBOL        M
  -------         DO            
  X:0DB4H         SYMBOL        i
  X:0DB6H         SYMBOL        n
  X:0DB8H         SYMBOL        num
  -------         ENDDO         
  C:4740H         LINE#         104
  C:4746H         LINE#         105
  C:4746H         LINE#         109
  C:475BH         LINE#         110
  C:476AH         LINE#         111
  C:476AH         LINE#         112
  C:4783H         LINE#         113
  C:4788H         LINE#         116
  C:479EH         LINE#         117
  C:479EH         LINE#         118
  C:47AFH         LINE#         119
  C:47D4H         LINE#         121
  C:47DFH         LINE#         122
  C:47DFH         LINE#         123
  C:4832H         LINE#         124
  C:4837H         LINE#         125
  C:4840H         LINE#         126
  -------         ENDPROC       _ZSEC_SW_GETCIPHERANDMIC
BL51 BANKED LINKER/LOCATER V5.11                                                      06/29/2011  15:31:04  PAGE 258


  -------         PROC          _ZSEC_SW_MAKEKEYSTREAM
  X:0DA5H         SYMBOL        pA
  X:0DA8H         SYMBOL        pNonce
  X:0DABH         SYMBOL        BlockCnt
  -------         DO            
  X:0DACH         SYMBOL        i
  X:0DAEH         SYMBOL        num
  -------         ENDDO         
  C:42D7H         LINE#         128
  C:42DDH         LINE#         129
  C:42DDH         LINE#         133
  C:42FEH         LINE#         134
  C:42FEH         LINE#         135
  C:4313H         LINE#         136
  C:4327H         LINE#         137
  C:4339H         LINE#         138
  C:4344H         LINE#         139
  C:434FH         LINE#         140
  C:435AH         LINE#         141
  C:4365H         LINE#         142
  C:4370H         LINE#         143
  C:437BH         LINE#         144
  C:4386H         LINE#         145
  C:4391H         LINE#         146
  C:439CH         LINE#         147
  C:43A7H         LINE#         148
  C:43B2H         LINE#         149
  C:43CCH         LINE#         150
  C:43E0H         LINE#         151
  C:43F3H         LINE#         152
  C:43FCH         LINE#         153
  -------         ENDPROC       _ZSEC_SW_MAKEKEYSTREAM
  -------         PROC          _ZSEC_SW_ENCRYPTCCMBLOCK
  X:0DA5H         SYMBOL        pB
  X:0DA8H         SYMBOL        pX
  X:0DABH         SYMBOL        BlockCnt
  -------         DO            
  X:0DACH         SYMBOL        i
  X:0DAEH         SYMBOL        n
  X:0DB0H         SYMBOL        B_XOR_X
  X:0DC0H         SYMBOL        BNum
  -------         ENDDO         
  C:4A3AH         LINE#         155
  C:4A40H         LINE#         156
  C:4A40H         LINE#         162
  C:4A4FH         LINE#         164
  C:4A61H         LINE#         165
  C:4A61H         LINE#         166
  C:4A6AH         LINE#         168
  C:4A79H         LINE#         169
  C:4A79H         LINE#         170
  C:4AB2H         LINE#         171
  C:4ABAH         LINE#         172
  C:4AD3H         LINE#         173
  C:4ADCH         LINE#         174
  -------         ENDPROC       _ZSEC_SW_ENCRYPTCCMBLOCK
  -------         PROC          _ZSEC_SW_CCMMODEENCRYPT
BL51 BANKED LINKER/LOCATER V5.11                                                      06/29/2011  15:31:04  PAGE 259


  X:0A84H         SYMBOL        pIn
  X:0A87H         SYMBOL        pOut
  X:0A8AH         SYMBOL        pNonce
  X:0A8DH         SYMBOL        La
  X:0A8EH         SYMBOL        Lm
  X:0A8FH         SYMBOL        M
  -------         DO            
  X:0A90H         SYMBOL        A
  X:0B50H         SYMBOL        B
  X:0C10H         SYMBOL        C
  X:0CD0H         SYMBOL        X
  D:0001H         SYMBOL        pBuf
  X:0D90H         SYMBOL        AuthenTag
  D:0007H         SYMBOL        BlockCnt_Total
  X:0DA0H         SYMBOL        BlockSizeInByte
  X:0DA1H         SYMBOL        BlockCnt_Auth
  D:0006H         SYMBOL        RemainCnt_Auth
  X:0DA2H         SYMBOL        BlockCnt_Msg
  X:0DA3H         SYMBOL        RemainCnt_Msg
  X:0DA4H         SYMBOL        Len1
  -------         ENDDO         
  C:3D7AH         LINE#         183
  C:3D80H         LINE#         184
  C:3D80H         LINE#         207
  C:3D87H         LINE#         208
  C:3D8EH         LINE#         214
  C:3D9DH         LINE#         215
  C:3DA0H         LINE#         216
  C:3DA5H         LINE#         218
  C:3DB1H         LINE#         219
  C:3DB6H         LINE#         220
  C:3DBEH         LINE#         222
  C:3DEEH         LINE#         223
  C:3DF3H         LINE#         225
  C:3E0BH         LINE#         226
  C:3E0FH         LINE#         227
  C:3E23H         LINE#         229
  C:3E3BH         LINE#         230
  C:3E79H         LINE#         236
  C:3E83H         LINE#         237
  C:3E83H         LINE#         238
  C:3E87H         LINE#         239
  C:3E89H         LINE#         241
  C:3E89H         LINE#         242
  C:3E93H         LINE#         243
  C:3E93H         LINE#         245
  C:3EA6H         LINE#         246
  C:3EBDH         LINE#         247
  -------         ENDPROC       _ZSEC_SW_CCMMODEENCRYPT
  C:3A76H         SYMBOL        L?0067
  C:3A81H         SYMBOL        L?0071
  -------         PROC          _ZSEC_SW_CCMMODEDECRYPT
  X:0A2AH         SYMBOL        pIn
  X:0A2DH         SYMBOL        pOut
  X:0A30H         SYMBOL        pNonce
  X:0A33H         SYMBOL        La
  X:0A34H         SYMBOL        Lm
BL51 BANKED LINKER/LOCATER V5.11                                                      06/29/2011  15:31:04  PAGE 260


  X:0A35H         SYMBOL        M
  -------         DO            
  X:0A36H         SYMBOL        B
  X:0AF6H         SYMBOL        X
  X:0BB6H         SYMBOL        A
  X:0C76H         SYMBOL        C
  X:0D36H         SYMBOL        BlockCnt_Auth
  D:0007H         SYMBOL        RemainCnt_Auth
  X:0D37H         SYMBOL        BlockCnt_Msg
  D:0007H         SYMBOL        RemainCnt_Msg
  X:0D38H         SYMBOL        BlockSizeInByte
  X:0D39H         SYMBOL        BlockCnt_Total
  X:0D3AH         SYMBOL        RxMicCode
  X:0D4AH         SYMBOL        AuthenTag_Extract
  X:0D5AH         SYMBOL        AuthenTag_Rx
  X:0D6AH         SYMBOL        ERR
  -------         ENDDO         
  C:38EBH         LINE#         251
  C:38F1H         LINE#         252
  C:38F1H         LINE#         271
  C:38FFH         LINE#         272
  C:3902H         LINE#         273
  C:3907H         LINE#         275
  C:3913H         LINE#         276
  C:3917H         LINE#         277
  C:391CH         LINE#         279
  C:394FH         LINE#         280
  C:3956H         LINE#         282
  C:396EH         LINE#         284
  C:3991H         LINE#         285
  C:39CFH         LINE#         286
  C:39DAH         LINE#         287
  C:39F1H         LINE#         289
  C:3A0CH         LINE#         290
  C:3A28H         LINE#         292
  C:3A44H         LINE#         293
  C:3A44H         LINE#         294
  C:3A45H         LINE#         295
  C:3A47H         LINE#         297
  C:3A47H         LINE#         298
  C:3A4AH         LINE#         299
  C:3A4AH         LINE#         301
  C:3A60H         LINE#         302
  C:3A70H         LINE#         304
  C:3A75H         LINE#         305
  -------         ENDPROC       _ZSEC_SW_CCMMODEDECRYPT
  -------         ENDMOD        ZSEC_SW

  -------         MODULE        ?C?COPY
  C:0146H         PUBLIC        ?C?COPY
  -------         ENDMOD        ?C?COPY

  -------         MODULE        ?C?CLDPTR
  C:016CH         PUBLIC        ?C?CLDPTR
  -------         ENDMOD        ?C?CLDPTR

  -------         MODULE        ?C?CLDOPTR
BL51 BANKED LINKER/LOCATER V5.11                                                      06/29/2011  15:31:04  PAGE 261


  C:0185H         PUBLIC        ?C?CLDOPTR
  -------         ENDMOD        ?C?CLDOPTR

  -------         MODULE        ?C?CILDPTR
  C:01B2H         PUBLIC        ?C?CILDPTR
  -------         ENDMOD        ?C?CILDPTR

  -------         MODULE        ?C?CILDOPTR
  C:01D4H         PUBLIC        ?C?CILDOPTR
  -------         ENDMOD        ?C?CILDOPTR

  -------         MODULE        ?C?CSTPTR
  C:0207H         PUBLIC        ?C?CSTPTR
  -------         ENDMOD        ?C?CSTPTR

  -------         MODULE        ?C?CSTOPTR
  C:0219H         PUBLIC        ?C?CSTOPTR
  -------         ENDMOD        ?C?CSTOPTR

  -------         MODULE        ?C?IMUL
  C:023BH         PUBLIC        ?C?IMUL
  -------         ENDMOD        ?C?IMUL

  -------         MODULE        ?C?UIDIV
  C:024DH         PUBLIC        ?C?UIDIV
  -------         ENDMOD        ?C?UIDIV

  -------         MODULE        ?C?IILDX
  C:02A2H         PUBLIC        ?C?IILDX
  -------         ENDMOD        ?C?IILDX

  -------         MODULE        ?C?ILDPTR
  C:02B8H         PUBLIC        ?C?ILDPTR
  -------         ENDMOD        ?C?ILDPTR

  -------         MODULE        ?C?ILDOPTR
  C:02E3H         PUBLIC        ?C?ILDOPTR
  -------         ENDMOD        ?C?ILDOPTR

  -------         MODULE        ?C?ISTPTR
  C:031BH         PUBLIC        ?C?ISTPTR
  -------         ENDMOD        ?C?ISTPTR

  -------         MODULE        ?C?ISTOPTR
  C:033AH         PUBLIC        ?C?ISTOPTR
  -------         ENDMOD        ?C?ISTOPTR

  -------         MODULE        ?C?LADD
  C:0367H         PUBLIC        ?C?LADD
  -------         ENDMOD        ?C?LADD

  -------         MODULE        ?C?LMUL
  C:0374H         PUBLIC        ?C?LMUL
  -------         ENDMOD        ?C?LMUL

  -------         MODULE        ?C?ULDIV
  C:03FFH         PUBLIC        ?C?ULDIV
BL51 BANKED LINKER/LOCATER V5.11                                                      06/29/2011  15:31:04  PAGE 262


  -------         ENDMOD        ?C?ULDIV

  -------         MODULE        ?C?LAND
  C:0491H         PUBLIC        ?C?LAND
  -------         ENDMOD        ?C?LAND

  -------         MODULE        ?C?LOR
  C:049EH         PUBLIC        ?C?LOR
  -------         ENDMOD        ?C?LOR

  -------         MODULE        ?C?LXOR
  C:04ABH         PUBLIC        ?C?LXOR
  -------         ENDMOD        ?C?LXOR

  -------         MODULE        ?C?ULCMP
  C:04B8H         PUBLIC        ?C?ULCMP
  -------         ENDMOD        ?C?ULCMP

  -------         MODULE        ?C?ULSHR
  C:04C9H         PUBLIC        ?C?ULSHR
  -------         ENDMOD        ?C?ULSHR

  -------         MODULE        ?C?LSHL
  C:04DCH         PUBLIC        ?C?LSHL
  -------         ENDMOD        ?C?LSHL

  -------         MODULE        ?C?LLDPTR
  C:04EFH         PUBLIC        ?C?LLDPTR
  -------         ENDMOD        ?C?LLDPTR

  -------         MODULE        ?C?LLDOPTR
  C:050FH         PUBLIC        ?C?LLDOPTR
  -------         ENDMOD        ?C?LLDOPTR

  -------         MODULE        ?C?LSTPTR
  C:053FH         PUBLIC        ?C?LSTPTR
  -------         ENDMOD        ?C?LSTPTR

  -------         MODULE        ?C?LSTOPTR
  C:0559H         PUBLIC        ?C?LSTOPTR
  -------         ENDMOD        ?C?LSTOPTR

  -------         MODULE        ?C?LLDXDATA
  C:057DH         PUBLIC        ?C?LLDXDATA
  -------         ENDMOD        ?C?LLDXDATA

  -------         MODULE        ?C?LLDXDATA0
  C:0589H         PUBLIC        ?C?LLDXDATA0
  -------         ENDMOD        ?C?LLDXDATA0

  -------         MODULE        ?C?LLDOPTR0
  C:0595H         PUBLIC        ?C?LLDOPTR0
  -------         ENDMOD        ?C?LLDOPTR0

  -------         MODULE        ?C?LSTXDATA
  C:05C5H         PUBLIC        ?C?LSTXDATA
  -------         ENDMOD        ?C?LSTXDATA
BL51 BANKED LINKER/LOCATER V5.11                                                      06/29/2011  15:31:04  PAGE 263



  -------         MODULE        ?C?LSTKXDATA
  C:05D1H         PUBLIC        ?C?LSTKXDATA
  -------         ENDMOD        ?C?LSTKXDATA

  -------         MODULE        ?C?LSTKOPTR
  C:0602H         PUBLIC        ?C?LSTKOPTR
  -------         ENDMOD        ?C?LSTKOPTR

  -------         MODULE        ?C?OFFXADD
  C:0626H         PUBLIC        ?C?OFFXADD
  -------         ENDMOD        ?C?OFFXADD

  -------         MODULE        ?C?PLDXDATA
  C:0632H         PUBLIC        ?C?PLDXDATA
  -------         ENDMOD        ?C?PLDXDATA

  -------         MODULE        ?C?PSTXDATA
  C:063BH         PUBLIC        ?C?PSTXDATA
  -------         ENDMOD        ?C?PSTXDATA

  -------         MODULE        ?C?PLDOPTR
  C:0644H         PUBLIC        ?C?PLDOPTR
  -------         ENDMOD        ?C?PLDOPTR

  -------         MODULE        ?C?PSTOPTR
  C:0674H         PUBLIC        ?C?PSTOPTR
  -------         ENDMOD        ?C?PSTOPTR

  -------         MODULE        ?C?CCASE
  C:06CDH         PUBLIC        ?C?CCASE
  -------         ENDMOD        ?C?CCASE

  -------         MODULE        ?C?ICASE
  C:06F3H         PUBLIC        ?C?ICASE
  -------         ENDMOD        ?C?ICASE

  -------         MODULE        ?C?LCASE
  C:0720H         PUBLIC        ?C?LCASE
  -------         ENDMOD        ?C?LCASE

  -------         MODULE        ?C_XBP
  D:000DH         PUBLIC        ?C_XBP
  -------         ENDMOD        ?C_XBP

  -------         MODULE        RAND
  X:148FH         PUBLIC        ?SRAND?BYTE
  C:55F7H         PUBLIC        RAND
  C:5635H         PUBLIC        _SRAND
  -------         ENDMOD        RAND

  -------         MODULE        TOINT
  C:5A8FH         PUBLIC        _TOINT
  -------         ENDMOD        TOINT

  -------         MODULE        TOUPPER
  C:0FEEH         PUBLIC        _toupper
BL51 BANKED LINKER/LOCATER V5.11                                                      06/29/2011  15:31:04  PAGE 264


  -------         ENDMOD        TOUPPER

  -------         MODULE        ?C?MEMCMP
  C:08E0H         PUBLIC        ?C?MEMCMP
  -------         ENDMOD        ?C?MEMCMP

  -------         MODULE        ?C?MEMSET
  C:0904H         PUBLIC        ?C?MEMSET
  -------         ENDMOD        ?C?MEMSET

  -------         MODULE        VSPRINTF
  X:0A16H         PUBLIC        ?_VSPRINTF?BYTE
  C:5690H         PUBLIC        _VSPRINTF
  -------         ENDMOD        VSPRINTF

  -------         MODULE        ?C?LLDIDATA
  C:0930H         PUBLIC        ?C?LLDIDATA
  -------         ENDMOD        ?C?LLDIDATA

  -------         MODULE        ?C?LLDPDATA
  C:093CH         PUBLIC        ?C?LLDPDATA
  -------         ENDMOD        ?C?LLDPDATA

  -------         MODULE        ?C?LLDCODE
  C:0948H         PUBLIC        ?C?LLDCODE
  -------         ENDMOD        ?C?LLDCODE

  -------         MODULE        ?C?LLDIDATA0
  C:0958H         PUBLIC        ?C?LLDIDATA0
  -------         ENDMOD        ?C?LLDIDATA0

  -------         MODULE        ?C?LLDPDATA0
  C:0965H         PUBLIC        ?C?LLDPDATA0
  -------         ENDMOD        ?C?LLDPDATA0

  -------         MODULE        ?C?LLDCODE0
  C:0972H         PUBLIC        ?C?LLDCODE0
  -------         ENDMOD        ?C?LLDCODE0

  -------         MODULE        ?C?LSTIDATA
  C:0982H         PUBLIC        ?C?LSTIDATA
  -------         ENDMOD        ?C?LSTIDATA

  -------         MODULE        ?C?LSTPDATA
  C:098EH         PUBLIC        ?C?LSTPDATA
  -------         ENDMOD        ?C?LSTPDATA

  -------         MODULE        ?C?LSTKIDATA
  C:099AH         PUBLIC        ?C?LSTKIDATA
  -------         ENDMOD        ?C?LSTKIDATA

  -------         MODULE        ?C?LSTKPDATA
  C:09B3H         PUBLIC        ?C?LSTKPDATA
  -------         ENDMOD        ?C?LSTKPDATA

  -------         MODULE        ?C?PLDIDATA
  C:09CCH         PUBLIC        ?C?PLDIDATA
BL51 BANKED LINKER/LOCATER V5.11                                                      06/29/2011  15:31:04  PAGE 265


  -------         ENDMOD        ?C?PLDIDATA

  -------         MODULE        ?C?PSTIDATA
  C:09D5H         PUBLIC        ?C?PSTIDATA
  -------         ENDMOD        ?C?PSTIDATA

  -------         MODULE        ?C?PLDPDATA
  C:09DEH         PUBLIC        ?C?PLDPDATA
  -------         ENDMOD        ?C?PLDPDATA

  -------         MODULE        ?C?PSTPDATA
  C:09E7H         PUBLIC        ?C?PSTPDATA
  -------         ENDMOD        ?C?PSTPDATA

  -------         MODULE        ?C?PLDCODE
  C:09F0H         PUBLIC        ?C?PLDCODE
  -------         ENDMOD        ?C?PLDCODE

  -------         MODULE        PRINTF
  X:0A1FH         PUBLIC        ?_PRINTF517?BYTE
  X:0A1FH         PUBLIC        ?_PRINTF?BYTE
  X:0A1FH         PUBLIC        ?_SPRINTF517?BYTE
  X:0A1FH         PUBLIC        ?_SPRINTF?BYTE
  C:1D13H         PUBLIC        _PRINTF
  C:1D13H         PUBLIC        _PRINTF517
  C:1D0DH         PUBLIC        _SPRINTF
  C:1D0DH         PUBLIC        _SPRINTF517
  -------         ENDMOD        PRINTF

  -------         MODULE        ?C?PLDIXDATA
  C:09FCH         PUBLIC        ?C?PLDIXDATA
  -------         ENDMOD        ?C?PLDIXDATA

  -------         MODULE        PUTCHAR
  C:5A00H         PUBLIC        _PUTCHAR
  -------         ENDMOD        PUTCHAR

*** WARNING L16: UNCALLED SEGMENT, IGNORED FOR OVERLAY PROCESS
    SEGMENT: ?PR?ZSYS_UART1_TX_WORKING?UART

*** WARNING L16: UNCALLED SEGMENT, IGNORED FOR OVERLAY PROCESS
    SEGMENT: ?PR?_ZHAL_CLOCK_16MHZ_SET?PHY

*** WARNING L16: UNCALLED SEGMENT, IGNORED FOR OVERLAY PROCESS
    SEGMENT: ?PR?_ZHAL_COORDINATOR_SET?PHY

*** WARNING L16: UNCALLED SEGMENT, IGNORED FOR OVERLAY PROCESS
    SEGMENT: ?PR?_ZHAL_PORT1_INOUT_SET?PHY

*** WARNING L16: UNCALLED SEGMENT, IGNORED FOR OVERLAY PROCESS
    SEGMENT: ?PR?_ZHAL_PORT3_INOUT_SET?PHY

*** WARNING L16: UNCALLED SEGMENT, IGNORED FOR OVERLAY PROCESS
    SEGMENT: ?PR?ZHAL_FLASH_REG_INIT?FLASH

*** WARNING L16: UNCALLED SEGMENT, IGNORED FOR OVERLAY PROCESS
    SEGMENT: ?PR?ZHAL_FLASH_WRITE_UNPROTECTED?FLASH
BL51 BANKED LINKER/LOCATER V5.11                                                      06/29/2011  15:31:04  PAGE 266



*** WARNING L16: UNCALLED SEGMENT, IGNORED FOR OVERLAY PROCESS
    SEGMENT: ?PR?ZHAL_FLASH_WRITE_PROTECTED?FLASH

*** WARNING L16: UNCALLED SEGMENT, IGNORED FOR OVERLAY PROCESS
    SEGMENT: ?PR?_ZHAL_FLASH_PAGE_WRITE_EXTEND?FLASH

*** WARNING L16: UNCALLED SEGMENT, IGNORED FOR OVERLAY PROCESS
    SEGMENT: ?PR?_ZHAL_FLASH_READ?FLASH

*** WARNING L16: UNCALLED SEGMENT, IGNORED FOR OVERLAY PROCESS
    SEGMENT: ?PR?_ZHAL_TIMER3_SET?TIMER

*** WARNING L16: UNCALLED SEGMENT, IGNORED FOR OVERLAY PROCESS
    SEGMENT: ?PR?_ZSYS_ADC_CALIB_GET?ADC

*** WARNING L16: UNCALLED SEGMENT, IGNORED FOR OVERLAY PROCESS
    SEGMENT: ?PR?_ZSYS_LQI_TO_COST?UTIL_SYS

*** WARNING L16: UNCALLED SEGMENT, IGNORED FOR OVERLAY PROCESS
    SEGMENT: ?PR?REMOVEWARNING_UTIL_SYS?UTIL_SYS

*** WARNING L16: UNCALLED SEGMENT, IGNORED FOR OVERLAY PROCESS
    SEGMENT: ?PR?REMOVEWARNING_UTIL_APP?UTIL_APP

*** WARNING L16: UNCALLED SEGMENT, IGNORED FOR OVERLAY PROCESS
    SEGMENT: ?PR?REMOVEWARNING_ZDP_SEND?Z_USER_ADC

*** WARNING L16: UNCALLED SEGMENT, IGNORED FOR OVERLAY PROCESS
    SEGMENT: ?PR?_ZUSER_NWK_JOIN_IND?Z_USER_ADC

*** WARNING L16: UNCALLED SEGMENT, IGNORED FOR OVERLAY PROCESS
    SEGMENT: ?PR?_ZUSER_APS_CON?Z_USER_ADC

*** WARNING L16: UNCALLED SEGMENT, IGNORED FOR OVERLAY PROCESS
    SEGMENT: ?PR?_ZUSER_NWK_CON?Z_USER_ADC

*** WARNING L16: UNCALLED SEGMENT, IGNORED FOR OVERLAY PROCESS
    SEGMENT: ?PR?_ZUSER_ALLOCATE_NWKADDR?Z_USER_ADC

Program Size: data=18.7 xdata=5285 code=65276
LINK/LOCATE RUN COMPLETE.  20 WARNING(S),  0 ERROR(S)
