BL51 BANKED LINKER/LOCATER V6.22                                                        07/18/2011  11:54:08  PAGE 1


BL51 BANKED LINKER/LOCATER V6.22, INVOKED BY:
D:\KEIL\C51\BIN\BL51.EXE COMMON {.\LIB_FFD\ZigBeePRO_FFD_LIB_MAIN_V22.LIB}, BANK0 {.\LIB_FFD\ZigBeePRO_FFD_LIB_SEC_V22.L
>> IB}, BANK0 {.\LIB_FFD\ZigBeePRO_FFD_LIB_NWK_V22.LIB}, BANK1 {.\LIB_FFD\ZigBeePRO_FFD_LIB_APS_V22.LIB}, BANK1 {.\LIB_F
>> FD\ZigBeePRO_FFD_LIB_MAC_V22.LIB}, BANK1 {.\HEX\UART.obj}, BANK1 {.\HEX\PHY.obj}, BANK1 {.\HEX\FLASH.obj}, BANK1 {.\H
>> EX\WDT.obj}, BANK1 {.\HEX\TIMER.obj}, BANK1 {.\HEX\ADC.obj}, BANK1 {.\HEX\SECURITY.obj}, BANK1 {.\HEX\UTIL_SYS.obj}, 
>> BANK1 {.\HEX\UTIL_APP.obj}, COMMON {.\HEX\ISR_USER.obj}, COMMON {.\HEX\Z_USER_ADC.obj}, BANK3 {.\HEX\REBOOT.obj} TO .
>> \HEX\ZigBeePRO_DK_ADC BANKAREA (0X8000, 0XFFFF) PRINT (.\LST\ZigBeePRO_DK_ADC.m51) DISABLEWARNING (16) CODE (0X0000-0
>> XFFFF) XDATA (0X0000-0X1FFF)


MEMORY MODEL: LARGE


INPUT MODULES INCLUDED:
  .\HEX\UART.obj (UART)
  .\HEX\PHY.obj (PHY)
  .\HEX\FLASH.obj (FLASH)
  .\HEX\WDT.obj (WDT)
  .\HEX\TIMER.obj (TIMER)
  .\HEX\ADC.obj (ADC)
  .\HEX\SECURITY.obj (SECURITY)
  .\HEX\UTIL_SYS.obj (UTIL_SYS)
  .\HEX\UTIL_APP.obj (UTIL_APP)
  .\HEX\ISR_USER.obj (ISR_USER)
  .\HEX\Z_USER_ADC.obj (Z_USER_ADC)
  .\HEX\REBOOT.obj (REBOOT)
  .\LIB_FFD\ZigBeePRO_FFD_LIB_MAIN_V22.LIB (MAIN)
  .\LIB_FFD\ZigBeePRO_FFD_LIB_MAIN_V22.LIB (RPMEMCPY)
  .\LIB_FFD\ZigBeePRO_FFD_LIB_MAIN_V22.LIB (?C_STARTUP)
  .\LIB_FFD\ZigBeePRO_FFD_LIB_MAIN_V22.LIB (?BANK?SWITCHING)
  .\LIB_FFD\ZigBeePRO_FFD_LIB_SEC_V22.LIB (ZSEC)
  .\LIB_FFD\ZigBeePRO_FFD_LIB_NWK_V22.LIB (ZNWK)
  .\LIB_FFD\ZigBeePRO_FFD_LIB_NWK_V22.LIB (ZNWK_MAC_IND)
  .\LIB_FFD\ZigBeePRO_FFD_LIB_APS_V22.LIB (ZAPS)
  .\LIB_FFD\ZigBeePRO_FFD_LIB_APS_V22.LIB (ZAPS_NWK_IND)
  .\LIB_FFD\ZigBeePRO_FFD_LIB_MAC_V22.LIB (ZMAC)
  .\LIB_FFD\ZigBeePRO_FFD_LIB_MAIN_V22.LIB (ZSEC_SW)
  D:\KEIL\C51\LIB\C51L.LIB (?C_INIT)
  D:\KEIL\C51\LIB\C51L.LIB (?C?COPY)
  D:\KEIL\C51\LIB\C51L.LIB (?C?CLDPTR)
  D:\KEIL\C51\LIB\C51L.LIB (?C?CLDOPTR)
  D:\KEIL\C51\LIB\C51L.LIB (?C?CILDPTR)
  D:\KEIL\C51\LIB\C51L.LIB (?C?CILDOPTR)
  D:\KEIL\C51\LIB\C51L.LIB (?C?CSTPTR)
  D:\KEIL\C51\LIB\C51L.LIB (?C?CSTOPTR)
  D:\KEIL\C51\LIB\C51L.LIB (?C?IMUL)
  D:\KEIL\C51\LIB\C51L.LIB (?C?UIDIV)
  D:\KEIL\C51\LIB\C51L.LIB (?C?IILDX)
  D:\KEIL\C51\LIB\C51L.LIB (?C?ILDIX)
  D:\KEIL\C51\LIB\C51L.LIB (?C?ILDPTR)
  D:\KEIL\C51\LIB\C51L.LIB (?C?ILDOPTR)
  D:\KEIL\C51\LIB\C51L.LIB (?C?ISTPTR)
  D:\KEIL\C51\LIB\C51L.LIB (?C?ISTOPTR)
  D:\KEIL\C51\LIB\C51L.LIB (?C?LADD)
  D:\KEIL\C51\LIB\C51L.LIB (?C?LMUL)
  D:\KEIL\C51\LIB\C51L.LIB (?C?ULDIV)
  D:\KEIL\C51\LIB\C51L.LIB (?C?LAND)
  D:\KEIL\C51\LIB\C51L.LIB (?C?LOR)
BL51 BANKED LINKER/LOCATER V6.22                                                      07/18/2011  11:54:08  PAGE 2


  D:\KEIL\C51\LIB\C51L.LIB (?C?LXOR)
  D:\KEIL\C51\LIB\C51L.LIB (?C?ULCMP)
  D:\KEIL\C51\LIB\C51L.LIB (?C?ULSHR)
  D:\KEIL\C51\LIB\C51L.LIB (?C?LSHL)
  D:\KEIL\C51\LIB\C51L.LIB (?C?LLDPTR)
  D:\KEIL\C51\LIB\C51L.LIB (?C?LLDOPTR)
  D:\KEIL\C51\LIB\C51L.LIB (?C?LSTPTR)
  D:\KEIL\C51\LIB\C51L.LIB (?C?LSTOPTR)
  D:\KEIL\C51\LIB\C51L.LIB (?C?LLDXDATA)
  D:\KEIL\C51\LIB\C51L.LIB (?C?LLDXDATA0)
  D:\KEIL\C51\LIB\C51L.LIB (?C?LLDOPTR0)
  D:\KEIL\C51\LIB\C51L.LIB (?C?LSTXDATA)
  D:\KEIL\C51\LIB\C51L.LIB (?C?LSTKXDATA)
  D:\KEIL\C51\LIB\C51L.LIB (?C?LSTKOPTR)
  D:\KEIL\C51\LIB\C51L.LIB (?C?OFFXADD)
  D:\KEIL\C51\LIB\C51L.LIB (?C?PLDXDATA)
  D:\KEIL\C51\LIB\C51L.LIB (?C?PSTXDATA)
  D:\KEIL\C51\LIB\C51L.LIB (?C?PLDOPTR)
  D:\KEIL\C51\LIB\C51L.LIB (?C?PSTOPTR)
  D:\KEIL\C51\LIB\C51L.LIB (?C?CCASE)
  D:\KEIL\C51\LIB\C51L.LIB (?C?ICASE)
  D:\KEIL\C51\LIB\C51L.LIB (?C?LCASE)
  D:\KEIL\C51\LIB\C51L.LIB (?C_XBP)
  D:\KEIL\C51\LIB\C51L.LIB (RAND)
  D:\KEIL\C51\LIB\C51L.LIB (TOINT)
  D:\KEIL\C51\LIB\C51L.LIB (TOUPPER)
  D:\KEIL\C51\LIB\C51L.LIB (?C?MEMCMP)
  D:\KEIL\C51\LIB\C51L.LIB (?C?MEMSET)
  D:\KEIL\C51\LIB\C51L.LIB (VSPRINTF)
  D:\KEIL\C51\LIB\C51L.LIB (?C?LLDIDATA)
  D:\KEIL\C51\LIB\C51L.LIB (?C?LLDPDATA)
  D:\KEIL\C51\LIB\C51L.LIB (?C?LLDCODE)
  D:\KEIL\C51\LIB\C51L.LIB (?C?LLDIDATA0)
  D:\KEIL\C51\LIB\C51L.LIB (?C?LLDPDATA0)
  D:\KEIL\C51\LIB\C51L.LIB (?C?LLDCODE0)
  D:\KEIL\C51\LIB\C51L.LIB (?C?LSTIDATA)
  D:\KEIL\C51\LIB\C51L.LIB (?C?LSTPDATA)
  D:\KEIL\C51\LIB\C51L.LIB (?C?LSTKIDATA)
  D:\KEIL\C51\LIB\C51L.LIB (?C?LSTKPDATA)
  D:\KEIL\C51\LIB\C51L.LIB (?C?PLDIDATA)
  D:\KEIL\C51\LIB\C51L.LIB (?C?PSTIDATA)
  D:\KEIL\C51\LIB\C51L.LIB (?C?PLDPDATA)
  D:\KEIL\C51\LIB\C51L.LIB (?C?PSTPDATA)
  D:\KEIL\C51\LIB\C51L.LIB (?C?PLDCODE)
  D:\KEIL\C51\LIB\C51L.LIB (PRINTF)
  D:\KEIL\C51\LIB\C51L.LIB (?C?PLDIXDATA)
  D:\KEIL\C51\LIB\C51L.LIB (PUTCHAR)


LINK MAP OF MODULE:  .\HEX\ZigBeePRO_DK_ADC (UART)


            TYPE    BASE      LENGTH    RELOCATION   SEGMENT NAME
            -----------------------------------------------------

            * * * * * * *   D A T A   M E M O R Y   * * * * * * *
            REG     0000H     0008H     ABSOLUTE     "REG BANK 0"
BL51 BANKED LINKER/LOCATER V6.22                                                      07/18/2011  11:54:08  PAGE 3


            DATA    0008H     0005H     UNIT         _DATA_GROUP_
            DATA    000DH     0002H     UNIT         ?C?LIB_DATA
            DATA    000FH     0001H     UNIT         ?BANK?DATA
                    0010H     0010H                  *** GAP ***
            BIT     0020H.0   0001H.1   UNIT         _BIT_GROUP_
            BIT     0021H.1   0000H.6   UNIT         ?BI?ZMAC
                    0021H.7   0000H.1                *** GAP ***
            IDATA   0022H     0001H     UNIT         ?STACK

            * * * * * * *  X D A T A   M E M O R Y  * * * * * * *
            XDATA   0000H     08D9H     UNIT         ?XD?Z_USER_ADC
            XDATA   08D9H     057BH     UNIT         _XDATA_GROUP_
            XDATA   0E54H     0310H     UNIT         ?XD?ZNWK
            XDATA   1164H     020AH     UNIT         ?XD?UART
            XDATA   136EH     01A3H     UNIT         ?XD?ZMAC
            XDATA   1511H     015DH     UNIT         ?XD?ZAPS
            XDATA   166EH     0083H     UNIT         ?XD?ZSEC
            XDATA   16F1H     003EH     UNIT         ?XD?MAIN
            XDATA   172FH     0025H     UNIT         ?XD?ZAPS_NWK_IND
            XDATA   1754H     001EH     UNIT         ?XD?ZNWK_MAC_IND
            XDATA   1772H     0015H     UNIT         ?XD?ISR_USER
            XDATA   1787H     0010H     UNIT         ?XD?_ZSCANF_DECIMAL?UTIL_APP
            XDATA   1797H     000BH     UNIT         ?XD?_ZHAL_FLASH_READ?FLASH
            XDATA   17A2H     000AH     UNIT         ?XD?_ZHAL_FLASH_PAGE_WRITE_EXTEND?FLASH
            XDATA   17ACH     000AH     UNIT         ?XD?_ZHAL_TIMER3_SET?TIMER
            XDATA   17B6H     000AH     UNIT         ?XD?_ZZDP_SEND_NWKUPDATEREQ_EDSCAN?Z_USER_ADC
            XDATA   17C0H     000AH     UNIT         ?XD?_ZZDP_SEND_NWKUPDATEREQ_NWKMANAGER?Z_USER_ADC
            XDATA   17CAH     0008H     UNIT         ?XD?_ZSYS_ADC_CALIB_GET?ADC
            XDATA   17D2H     0005H     UNIT         ?XD?_ZZDP_SEND_NWKADDRREQ?Z_USER_ADC
            XDATA   17D7H     0005H     UNIT         ?XD?_ZZDP_SEND_NWKUPDATEREQ_CHANGECHANNEL?Z_USER_ADC
            XDATA   17DCH     0004H     UNIT         ?XD?RAND?RAND
            XDATA   17E0H     0003H     UNIT         ?XD?_CHECK_16BYTE_NULL?UTIL_SYS
            XDATA   17E3H     0003H     UNIT         ?XD?_DISPLAY_RRECT?UTIL_APP
            XDATA   17E6H     0002H     UNIT         ?XD?_ZHAL_PORT1_INOUT_SET?PHY
            XDATA   17E8H     0002H     UNIT         ?XD?_ZHAL_PORT3_INOUT_SET?PHY
            XDATA   17EAH     0002H     UNIT         ?XD?PHY
            XDATA   17ECH     0002H     UNIT         ?XD?_ZZDP_SEND_IEEEADDRREQ?Z_USER_ADC
            XDATA   17EEH     0001H     UNIT         ?XD?FLASH

            * * * * * * *   C O D E   M E M O R Y   * * * * * * *
            CODE    0000H     0003H     ABSOLUTE     
            CODE    0003H     0003H     ABSOLUTE     
            CODE    0006H     0005H     UNIT         ?PR?_ZUSER_ALLOCATE_NWKADDR?Z_USER_ADC
            CODE    000BH     0003H     ABSOLUTE     
            CODE    000EH     0004H     UNIT         ?PR?TIMER3_ISR?ISR_USER
            CODE    0012H     0001H     UNIT         ?PR?VOICE_ISR?ISR_USER
            CODE    0013H     0003H     ABSOLUTE     
            CODE    0016H     0003H     UNIT         ?PR?_ZUSER_OOB_RF_ISR?Z_USER_ADC
            CODE    0019H     0001H     UNIT         ?PR?ZUSER_HW_INIT?Z_USER_ADC
            CODE    001AH     0001H     UNIT         ?PR?_ZUSER_INTPR_DATA_IND?Z_USER_ADC
            CODE    001BH     0003H     ABSOLUTE     
                    001EH     0005H                  *** GAP ***
            CODE    0023H     0003H     ABSOLUTE     
            CODE    0026H     0013H     UNIT         ?PR?EXT0_ISR?ISR_USER
                    0039H     0002H                  *** GAP ***
            CODE    003BH     0003H     ABSOLUTE     
                    003EH     0005H                  *** GAP ***
BL51 BANKED LINKER/LOCATER V6.22                                                      07/18/2011  11:54:08  PAGE 4


            CODE    0043H     0003H     ABSOLUTE     
                    0046H     0005H                  *** GAP ***
            CODE    004BH     0003H     ABSOLUTE     
                    004EH     0005H                  *** GAP ***
            CODE    0053H     0003H     ABSOLUTE     
                    0056H     0005H                  *** GAP ***
            CODE    005BH     0003H     ABSOLUTE     
                    005EH     0005H                  *** GAP ***
            CODE    0063H     0003H     ABSOLUTE     
                    0066H     0005H                  *** GAP ***
            CODE    006BH     0003H     ABSOLUTE     
                    006EH     0005H                  *** GAP ***
            CODE    0073H     0003H     ABSOLUTE     
            CODE    0076H     09B3H     UNIT         ?C?LIB_CODE
            CODE    0A29H     04AEH     UNIT         ?PR?Z_USER_ADC
            CODE    0ED7H     0126H     UNIT         ?PR?_ZSEC_SW_MAKEKEYSTREAM?ZSEC_SW
                    0FFDH     0003H                  *** GAP ***
            CODE    1000H     0200H     ABSOLUTE     
            CODE    1200H     0856H     UNIT         ?PR?MAIN?MAIN
            CODE    1A56H     05FBH     UNIT         ?CO?Z_USER_ADC
            CODE    2051H     046DH     UNIT         ?PR?_ZUSER_OOB_MNGT_IND?Z_USER_ADC
            CODE    24BEH     0365H     UNIT         ?PR?PRINTF?PRINTF
            CODE    2823H     02D5H     UNIT         ?PR?_ZSYS_JOIN_PROCESS?Z_USER_ADC
            CODE    2AF8H     02CFH     UNIT         ?PR?ZUSER_MAIN?Z_USER_ADC
            CODE    2DC7H     02BCH     UNIT         ?PR?_PSDU_PARSER_FOR_MAC_HEAD_LOWQ?MAIN
            CODE    3083H     007CH     UNIT         ?PR?_ZSYS_SET_Q_TIMER?MAIN
                    30FFH     0001H                  *** GAP ***
            CODE    3100H     026CH     PAGE         ?BANK?SWITCH
            CODE    336CH     0256H     UNIT         ?PR?RF_ISR?MAIN
            CODE    35C2H     0247H     UNIT         ?PR?_ZZDP_CALLBACK_FOR_NWKUPDATEREQ?Z_USER_ADC
            CODE    3809H     0229H     UNIT         ?PR?_ZZDP_APS_DATA_IND?Z_USER_ADC
            CODE    3A32H     01E0H     UNIT         ?PR?MAIN
            CODE    3C12H     01CBH     UNIT         ?CO?UTIL_APP
            CODE    3DDDH     01C6H     UNIT         ?PR?ZUSER_INIT?Z_USER_ADC
            CODE    3FA3H     01A5H     UNIT         ?PR?_ZSEC_SW_MAKECCMBLOCK?ZSEC_SW
            CODE    4148H     01A2H     UNIT         ?PR?_ZSEC_SW_CCMMODEDECRYPT?ZSEC_SW
            CODE    42EAH     017EH     UNIT         ?PR?_ZZDP_CALLBACK_FOR_IEEEADDRREQ?Z_USER_ADC
            CODE    4468H     0178H     UNIT         ?PR?ZSYS_RX_PACKET_GET?MAIN
            CODE    45E0H     016AH     UNIT         ?PR?_ZSEC_SW_CCMMODEENCRYPT?ZSEC_SW
            CODE    474AH     015EH     UNIT         ?PR?ZSYS_ALLOCATE_MEMORY?Z_USER_ADC
            CODE    48A8H     0154H     UNIT         ?PR?_ZZDP_CALLBACK_FOR_NWKADDRREQ?Z_USER_ADC
            CODE    49FCH     0141H     UNIT         ?PR?_ZZDP_CALLBACK_FOR_SIMPDESCREQ?Z_USER_ADC
            CODE    4B3DH     0118H     UNIT         ?PR?_ZZDP_CALLBACK_FOR_NODEDESCREQ?Z_USER_ADC
            CODE    4C55H     0114H     UNIT         ?C_C51STARTUP
            CODE    4D69H     0112H     UNIT         ?C_INITSEG
            CODE    4E7BH     010CH     UNIT         ?PR?_ZSEC_SW_GETCIPHERANDMIC?ZSEC_SW
            CODE    4F87H     00F4H     UNIT         ?PR?ZSEC_SW
            CODE    507BH     00E9H     UNIT         ?PR?UART1_ISR?ISR_USER
            CODE    5164H     00E0H     UNIT         ?PR?UART0_ISR?ISR_USER
            CODE    5244H     00BFH     UNIT         ?PR?_ZOTA_PAGE_READ?Z_USER_ADC
            CODE    5303H     00A3H     UNIT         ?PR?_ZSEC_SW_ENCRYPTCCMBLOCK?ZSEC_SW
            CODE    53A6H     009AH     UNIT         ?PR?_ZZDP_CALLBACK_FOR_ACTIVEEPREQ?Z_USER_ADC
            CODE    5440H     0096H     UNIT         ?PR?_ZOTA_PAGE_PROGRAM?Z_USER_ADC
            CODE    54D6H     0095H     UNIT         ?PR?_ZUSER_OOB_DATA_IND?Z_USER_ADC
            CODE    556BH     0091H     UNIT         ?PR?_ZZDP_CALLBACK_FOR_DEVICEANNOUNCE?Z_USER_ADC
            CODE    55FCH     0091H     UNIT         ?PR?ZSYS_RECEIVER_RESUME?MAIN
            CODE    568DH     008DH     UNIT         ?PR?_ZZDP_SEND_NWKUPDATEREQ_CHANGECHANNEL?Z_USER_ADC
BL51 BANKED LINKER/LOCATER V6.22                                                      07/18/2011  11:54:08  PAGE 5


            CODE    571AH     008DH     UNIT         ?PR?TIMER0_ISR?MAIN
            CODE    57A7H     008BH     UNIT         ?PR?_ZSYS_SEND_OOB_PACKET?Z_USER_ADC
            CODE    5832H     0080H     UNIT         ?PR?_ZUSER_NWK_JOIN_IND?Z_USER_ADC
            CODE    58B2H     0074H     UNIT         ?PR?_ZUSER_APS_ACK_RX_IND?Z_USER_ADC
            CODE    5926H     0072H     UNIT         ?PR?ZUSER_RESET_NIB?Z_USER_ADC
            CODE    5998H     0070H     UNIT         ?PR?INITIALIZE_ZDO_DESCRIPTOR?Z_USER_ADC
            CODE    5A08H     006FH     UNIT         ?PR?_ZSYS_GET_Q_TIMER?MAIN
            CODE    5A77H     006DH     UNIT         RADIOPUSE_MEMCPY
            CODE    5AE4H     0069H     UNIT         ?PR?_ZUSER_NWK_NWKADDRUPDATE_IND?Z_USER_ADC
            CODE    5B4DH     0069H     UNIT         ?PR?_ZSEC_SW_BUFFERSWAP?ZSEC_SW
            CODE    5BB6H     0066H     UNIT         ?PR?TIMER1_ISR?ISR_USER
            CODE    5C1CH     0062H     UNIT         ?PR?SPI_ISR?ISR_USER
            CODE    5C7EH     0059H     UNIT         ?PR?_ZZDP_SEND_NWKUPDATEREQ_NWKMANAGER?Z_USER_ADC
            CODE    5CD7H     0056H     UNIT         ?PR?_ZSEC_SW_AES?ZSEC_SW
            CODE    5D2DH     0054H     UNIT         ?PR?_ZUSER_APS_ACK_TX_IND?Z_USER_ADC
            CODE    5D81H     0053H     UNIT         ?PR?_PSDU_PARSER_FOR_PACKET_CHECK_LOWQ?MAIN
            CODE    5DD4H     0052H     UNIT         ?PR?ZSYS_SEND_DEVICE_ANNOUNCE?Z_USER_ADC
            CODE    5E26H     004EH     UNIT         ?PR?_ZZDP_SEND_NWKUPDATEREQ_EDSCAN?Z_USER_ADC
            CODE    5E74H     004EH     UNIT         ?PR?_ZUSER_APS_DATA_IND?Z_USER_ADC
            CODE    5EC2H     004DH     UNIT         ?PR?RAND?RAND
            CODE    5F0FH     004CH     UNIT         ?PR?REMOVEWARNING_ZDP_SEND?Z_USER_ADC
            CODE    5F5BH     004AH     UNIT         ?PR?_VSPRINTF?VSPRINTF
            CODE    5FA5H     0044H     UNIT         ?PR?_ZZDP_SEND_IEEEADDRREQ?Z_USER_ADC
            CODE    5FE9H     003FH     UNIT         ?PR?_ZZDP_SEND_NWKADDRREQ?Z_USER_ADC
            CODE    6028H     003EH     UNIT         ?PR?_ZSYS_GET_USERTIMER?ISR_USER
            CODE    6066H     003DH     UNIT         ?PR?ZOTA_FLASH_ERASE?Z_USER_ADC
            CODE    60A3H     0038H     UNIT         ?PR?_ZUSER_NWK_STATUS_IND?Z_USER_ADC
            CODE    60DBH     0035H     UNIT         ?PR?_ZSYS_SET_USERTIMER?ISR_USER
            CODE    6110H     0035H     UNIT         ?PR?_ZSYS_GET_V_TIMER?MAIN
            CODE    6145H     0035H     UNIT         ?PR?TIMER2_ISR?MAIN
            CODE    617AH     0035H     UNIT         ?PR?_DECREASETIMESTAMP?MAIN
            CODE    61AFH     002CH     UNIT         ?PR?_ZZDP_SEND_SIMPDESCREQ?Z_USER_ADC
            CODE    61DBH     002CH     UNIT         ?PR?_ZSYS_SET_V_TIMER?MAIN
            CODE    6207H     0028H     UNIT         ?PR?_ZZDP_CALLBACK_FOR_NWKADDRRSP?Z_USER_ADC
            CODE    622FH     0028H     UNIT         ?PR?_ZZDP_CALLBACK_FOR_IEEEADDRRSP?Z_USER_ADC
            CODE    6257H     0028H     UNIT         ?PR?ZSYS_RECEIVER_STOP?MAIN
            CODE    627FH     0027H     UNIT         ?PR?_ZUSER_NWK_LEAVE_IND?Z_USER_ADC
            CODE    62A6H     0027H     UNIT         ?PR?PUTCHAR?PUTCHAR
            CODE    62CDH     0022H     UNIT         ?PR?TOINT?TOINT
            CODE    62EFH     0020H     UNIT         ?PR?_ZZDP_SEND_ACTIVEEPREQ?Z_USER_ADC
            CODE    630FH     0020H     UNIT         ?PR?ZSYS_RX_PACKET_CLR?MAIN
            CODE    632FH     001DH     UNIT         ?PR?_ZZDP_SEND_NODEDESCREQ?Z_USER_ADC
            CODE    634CH     001CH     UNIT         ?PR?RTC_ISR?ISR_USER
            CODE    6368H     001BH     UNIT         ?PR?ZSYS_GET_NWK_TIMESTAMP?MAIN
            CODE    6383H     0016H     UNIT         ?PR?AES_ISR?ISR_USER
            CODE    6399H     0013H     UNIT         ?PR?EXT1_ISR?ISR_USER
            CODE    63ACH     0011H     UNIT         ?PR?ISR_USER
            CODE    63BDH     0011H     UNIT         ?PR?_TOUPPER?TOUPPER
            CODE    63CEH     000DH     UNIT         ?BANK?SELECT
            CODE    63DBH     000BH     UNIT         ?PR?_ZUSER_APS_ESTABLISH_KEY_IND?Z_USER_ADC
            CODE    63E6H     000BH     UNIT         ?PR?_ZUSER_APS_TRANSPORT_KEY_IND?Z_USER_ADC
            CODE    63F1H     000BH     UNIT         ?PR?_ZUSER_APS_REQUEST_KEY_IND?Z_USER_ADC
            CODE    63FCH     000BH     UNIT         ?PR?_ZUSER_APS_SWITCH_KEY_IND?Z_USER_ADC
            CODE    6407H     000BH     UNIT         ?PR?_ZUSER_APS_UPDATE_DEVICE_IND?Z_USER_ADC
            CODE    6412H     000BH     UNIT         ?PR?_ZUSER_APS_REMOVE_DEVICE_IND?Z_USER_ADC
            CODE    641DH     000BH     UNIT         ?PR?_ZUSER_APS_CON?Z_USER_ADC
            CODE    6428H     000BH     UNIT         ?PR?_ZUSER_NWK_CON?Z_USER_ADC
BL51 BANKED LINKER/LOCATER V6.22                                                      07/18/2011  11:54:08  PAGE 6



            * * * * * * *   C O D E   B A N K   0   * * * * * * *
                    0000H     8000H                  *** GAP ***
            BANK0   8000H     07ADH     UNIT         ?PR?ZNWK
            BANK0   87ADH     079CH     UNIT         ?PR?_ZMAC_DATA_IND?ZNWK_MAC_IND
            BANK0   8F49H     06E9H     UNIT         ?PR?ZNWK_MAC_IND
            BANK0   9632H     0672H     UNIT         ?PR?_ZNWK_PROC_ROU_REQ?ZNWK_MAC_IND
            BANK0   9CA4H     03AFH     UNIT         ?PR?_ZNWK_PROC_ROU_REP?ZNWK_MAC_IND
            BANK0   A053H     03A2H     UNIT         ?PR?_ZNWK_DATA_REQ_UNICAST?ZNWK
            BANK0   A3F5H     038FH     UNIT         ?PR?_ZNWK_PROC_DATA_UNI?ZNWK_MAC_IND
            BANK0   A784H     02F6H     UNIT         ?PR?_ZMAC_BEA_NOTI_IND?ZNWK_MAC_IND
            BANK0   AA7AH     02D5H     UNIT         ?PR?_ZNWK_JOIN_REQ_REJOIN2?ZNWK
            BANK0   AD4FH     02B2H     UNIT         ?PR?_ZNWK_PROC_NWK_STA?ZNWK_MAC_IND
            BANK0   B001H     0291H     UNIT         ?PR?_ZNWK_SET_REQ?ZNWK
            BANK0   B292H     0285H     UNIT         ?PR?_ZNWK_NET_FORM_REQ?ZNWK
            BANK0   B517H     0279H     UNIT         ?PR?_ZNWK_GET_REQ?ZNWK
            BANK0   B790H     021FH     UNIT         ?PR?_ZNWK_NET_DISC_REQ?ZNWK
            BANK0   B9AFH     0214H     UNIT         ?PR?_ZNWK_ROUTE_DISC_REQ_MULTI_UNI?ZNWK
            BANK0   BBC3H     01FDH     UNIT         ?PR?_ZSEC_OUTGOING_NWK_APS_SW?ZSEC
            BANK0   BDC0H     01F2H     UNIT         ?PR?_ZSEC_INCOMING_NWK_APS_SW?ZSEC
            BANK0   BFB2H     01E4H     UNIT         ?PR?_ZNWK_PROC_DATA_SRC_ROUTE?ZNWK_MAC_IND
            BANK0   C196H     01D9H     UNIT         ?PR?_ZNWK_JOIN_REQ_REJOIN0?ZNWK
            BANK0   C36FH     01BFH     UNIT         ?PR?_ZNWK_PROC_REJ_REQ?ZNWK_MAC_IND
            BANK0   C52EH     01B8H     UNIT         ?PR?_ZNWK_PROC_DATA_MULTI?ZNWK_MAC_IND
            BANK0   C6E6H     01B3H     UNIT         ?PR?_SELECT_BEST_PARENT?ZNWK
            BANK0   C899H     01A6H     UNIT         ?PR?_ZNWK_PROC_ROU_REC?ZNWK_MAC_IND
            BANK0   CA3FH     019CH     UNIT         ?PR?NWKLIB_TX_LINK_STATUS?ZNWK
            BANK0   CBDBH     019AH     UNIT         ?PR?_ZNWK_LEAVE_REQ?ZNWK
            BANK0   CD75H     0184H     UNIT         ?PR?_ZNWK_DATA_REQ_MULTICAST?ZNWK
            BANK0   CEF9H     017DH     UNIT         ?PR?_ZNWK_SET_TABLE_REQ?ZNWK
            BANK0   D076H     0175H     UNIT         ?PR?_ZMAC_ASSO_IND?ZNWK_MAC_IND
            BANK0   D1EBH     015EH     UNIT         ?PR?_ZNWK_DATA_REQ_ZED?ZNWK
            BANK0   D349H     015AH     UNIT         ?PR?_ZNWK_PROC_LEAVE?ZNWK_MAC_IND
            BANK0   D4A3H     012DH     UNIT         ?PR?_ZNWK_JOIN_REQ_REJOIN1?ZNWK
            BANK0   D5D0H     0127H     UNIT         ?PR?_NWKLIB_TRANSMIT?ZNWK
            BANK0   D6F7H     0127H     UNIT         ?PR?_ZNWK_DATA_REQ_BROADCAST?ZNWK
            BANK0   D81EH     0122H     UNIT         ?PR?_NWKLIB_QUEUING?ZNWK
            BANK0   D940H     0116H     UNIT         ?PR?_NWKLIB_DELETENT?ZNWK
            BANK0   DA56H     0109H     UNIT         ?PR?_ZNWK_PROC_DATA_BROAD?ZNWK_MAC_IND
            BANK0   DB5FH     0103H     UNIT         ?PR?_NWKLIB_ADDNT?ZNWK
            BANK0   DC62H     00FDH     UNIT         ?PR?_NWKLIB_DEVMGMT_UPDATEIEEEADDR?ZNWK
            BANK0   DD5FH     00FBH     UNIT         ?PR?_ZNWK_ROUTE_DISC_REQ_M2O?ZNWK
            BANK0   DE5AH     00E8H     UNIT         ?PR?_NWKLIB_BTT_MANAGER?ZNWK
            BANK0   DF42H     00E6H     UNIT         ?PR?_NWKLIB_PARSING_MSDU?ZNWK_MAC_IND
            BANK0   E028H     00E1H     UNIT         ?PR?ZSEC
            BANK0   E109H     00D1H     UNIT         ?PR?_ZNWK_PROC_NWK_REPORT?ZNWK_MAC_IND
            BANK0   E1DAH     00CDH     UNIT         ?PR?_ZNWK_PROC_REJ_RSP?ZNWK_MAC_IND
            BANK0   E2A7H     00CCH     UNIT         ?PR?_ZNWK_GET_TABLE_REQ?ZNWK
            BANK0   E373H     00C8H     UNIT         ?PR?_NWKLIB_PROC_ADDRCONFLICT?ZNWK
            BANK0   E43BH     00C8H     UNIT         ?PR?_DELETE_NT_OTHEREPID_DEVICE?ZNWK
            BANK0   E503H     00C3H     UNIT         ?PR?_ZNWK_PROC_LINK_STA?ZNWK_MAC_IND
            BANK0   E5C6H     00B9H     UNIT         ?PR?_NWKLIB_FINDNT_EXPANDNWKADDR?ZNWK
            BANK0   E67FH     00B8H     UNIT         ?PR?_ZNWK_PROC_NWK_UPDATE?ZNWK_MAC_IND
            BANK0   E737H     00B6H     UNIT         ?PR?_ZNWK_JOIN_REQ?ZNWK
            BANK0   E7EDH     00A9H     UNIT         ?PR?_NWKLIB_FINDNT_RANDOMNWKADDR?ZNWK
            BANK0   E896H     00A2H     UNIT         ?PR?NWKLIB_MAKE_HEADER_V2?ZNWK
            BANK0   E938H     00A2H     UNIT         ?PR?_ZNWK_DATA_REQ?ZNWK
BL51 BANKED LINKER/LOCATER V6.22                                                      07/18/2011  11:54:08  PAGE 7


            BANK0   E9DAH     00A1H     UNIT         ?PR?NWKLIB_REMOVEWARNING?ZNWK
            BANK0   EA7BH     00A0H     UNIT         ?PR?ZNWK_INIT_NIB?ZNWK
            BANK0   EB1BH     0099H     UNIT         ?PR?_ZSEC_SETNWKSECMATERIAL?ZSEC
            BANK0   EBB4H     0096H     UNIT         ?PR?_NWKLIB_DEVMGMT_ADDNT?ZNWK
            BANK0   EC4AH     0096H     UNIT         ?PR?_SELECT_NEXTHOP_DEVICE?ZNWK
            BANK0   ECE0H     0084H     UNIT         ?PR?_NWKLIB_FILL_HEADER_V2?ZNWK
            BANK0   ED64H     0081H     UNIT         ?PR?_CHECK_CHANNELMASK?ZNWK
            BANK0   EDE5H     007FH     UNIT         ?PR?_ZMAC_BEA_NOTI_IND_RUNTIME?ZNWK_MAC_IND
            BANK0   EE64H     007DH     UNIT         ?PR?_ZNWK_JOIN_REQ_REJOIN3?ZNWK
            BANK0   EEE1H     007AH     UNIT         ?PR?_DESCRIPTOR_COMPARE?ZNWK
            BANK0   EF5BH     0077H     UNIT         ?PR?_NWKLIB_DEVMGMT_CHECKMISMATCH?ZNWK
            BANK0   EFD2H     0077H     UNIT         ?PR?_ZMAC_COMM_STA_IND?ZNWK_MAC_IND
            BANK0   F049H     0071H     UNIT         ?PR?_NWKLIB_FINDRT_ENTRY?ZNWK
            BANK0   F0BAH     006FH     UNIT         ?PR?_ZNWK_ROUTE_DISC_REQ?ZNWK
            BANK0   F129H     006CH     UNIT         ?PR?_NWKLIB_DELETENAM?ZNWK
            BANK0   F195H     006AH     UNIT         ?PR?ZNWK_INIT_PARAMETER?ZNWK
            BANK0   F1FFH     0069H     UNIT         ?PR?_ZNWK_PERMIT_JOIN_REQ?ZNWK
            BANK0   F268H     0065H     UNIT         ?PR?_ZMAC_ORPHAN_IND?ZNWK_MAC_IND
            BANK0   F2CDH     0063H     UNIT         ?PR?_NWKLIB_SEND_ADDRCONFLICT?ZNWK
            BANK0   F330H     0060H     UNIT         ?PR?_ZSEC_INCREMENT_4BYTE_ARRAY?ZSEC
            BANK0   F390H     005FH     UNIT         ?PR?_NWKLIB_DELETERT_USEDENTRY?ZNWK
            BANK0   F3EFH     005EH     UNIT         ?PR?_ZSEC_FINDNWKSECMATERIAL_WITHKEYSEQ?ZSEC
            BANK0   F44DH     005CH     UNIT         ?PR?_NWKLIB_DELETERT_NOTACTIVE?ZNWK
            BANK0   F4A9H     0059H     UNIT         ?PR?_NWKLIB_CHECK_PANIDCONFLICTION?ZNWK_MAC_IND
            BANK0   F502H     0057H     UNIT         ?PR?_NWKLIB_FINDRDT_TARGET?ZNWK
            BANK0   F559H     0057H     UNIT         ?PR?_NWKLIB_DELETERDT_USEDENTRY?ZNWK
            BANK0   F5B0H     0057H     UNIT         ?PR?_NWKLIB_FINDRRECT_TARGET?ZNWK
            BANK0   F607H     0056H     UNIT         ?PR?_NWKLIB_DEVMGMT_GETIEEEADDR?ZNWK
            BANK0   F65DH     0054H     UNIT         ?PR?_NWKLIB_FINDNT_IEEEADDR?ZNWK
            BANK0   F6B1H     0054H     UNIT         ?PR?_NWKLIB_DELETERDT_TARGET?ZNWK
            BANK0   F705H     0052H     UNIT         ?PR?_NWKLIB_FINDNAM_IEEEADDR?ZNWK
            BANK0   F757H     0052H     UNIT         ?PR?_NWKLIB_FINDGID_GROUP?ZNWK
            BANK0   F7A9H     0052H     UNIT         ?PR?_NWKLIB_CHECK_ADDRESSCONFLICTION_V2?ZNWK
            BANK0   F7FBH     004EH     UNIT         ?PR?_NWKLIB_FILL_MAC_V2?ZNWK
            BANK0   F849H     004EH     UNIT         ?PR?_ZNWK_SYNC_REQ?ZNWK
            BANK0   F897H     004BH     UNIT         ?PR?_ZNWK_RESET_REQ?ZNWK
            BANK0   F8E2H     0047H     UNIT         ?PR?_NWKLIB_UPDATENT_RELATION?ZNWK
            BANK0   F929H     0047H     UNIT         ?PR?_ZNWK_ED_SCAN_REQ?ZNWK
            BANK0   F970H     0045H     UNIT         ?PR?ZSEC_INIT_SIB?ZSEC
            BANK0   F9B5H     0042H     UNIT         ?PR?_NWKLIB_FINDNAM_NWKADDR?ZNWK
            BANK0   F9F7H     003DH     UNIT         ?PR?_NWKLIB_GET_RANDOMNWKADDR?ZNWK
            BANK0   FA34H     003CH     UNIT         ?PR?_NWKLIB_FINDNT_NWKADDR?ZNWK
            BANK0   FA70H     003BH     UNIT         ?PR?_NWKLIB_DEVMGMT_GETNWKADDR?ZNWK
            BANK0   FAABH     0037H     UNIT         ?PR?NWKLIB_CHECKRT_EMPTYCOUNT?ZNWK
            BANK0   FAE2H     0031H     UNIT         ?PR?NWKLIB_FINDRRECT_EMPTY?ZNWK
            BANK0   FB13H     0031H     UNIT         ?PR?_ZNWK_START_ROUTE_REQ?ZNWK
            BANK0   FB44H     0030H     UNIT         ?PR?_NWKLIB_SET_CONFLICTADDR?ZNWK
            BANK0   FB74H     002DH     UNIT         ?PR?_NWKLIB_DEVMGMT_DELETENWKADDR?ZNWK
            BANK0   FBA1H     002CH     UNIT         ?PR?_NWKLIB_SETRDT_EXPTIME?ZNWK
            BANK0   FBCDH     002CH     UNIT         ?PR?NWKLIB_FINDGID_EMPTY?ZNWK
            BANK0   FBF9H     002BH     UNIT         ?PR?_NWKLIB_DEVMGMT_DELETEIEEEADDR?ZNWK
            BANK0   FC24H     002AH     UNIT         ?PR?NWKLIB_FINDNAM_EMPTY?ZNWK
            BANK0   FC4EH     002AH     UNIT         ?PR?NWKLIB_FINDRT_EMPTY?ZNWK
            BANK0   FC78H     0029H     UNIT         ?PR?NWKLIB_FINDRDT_EMPTY?ZNWK
            BANK0   FCA1H     0027H     UNIT         ?PR?NWKLIB_FINDNT_EMPTY?ZNWK
            BANK0   FCC8H     0022H     UNIT         ?PR?NWKLIB_DELETERT_ALL?ZNWK
            BANK0   FCEAH     0022H     UNIT         ?PR?NWKLIB_INIT_MEMORY_SIZE?ZNWK
BL51 BANKED LINKER/LOCATER V6.22                                                      07/18/2011  11:54:08  PAGE 8


            BANK0   FD0CH     0022H     UNIT         ?PR?_DESCRIPTOR_UPDATE?ZNWK
            BANK0   FD2EH     0021H     UNIT         ?PR?NWKLIB_FILL_ADDNT_DEFAULT?ZNWK
            BANK0   FD4FH     001CH     UNIT         ?PR?NWKLIB_DELETERDT_ALL?ZNWK
            BANK0   FD6BH     001AH     UNIT         ?PR?_NWKLIB_CHECK_ROUTECAPA?ZNWK
            BANK0   FD85H     000FH     UNIT         ?PR?_NWKLIB_GETRDT_EXPTIME?ZNWK
            BANK0   FD94H     000EH     UNIT         ?PR?_ZNWK_DIRECT_JOIN_REQ?ZNWK

            * * * * * * *   C O D E   B A N K   1   * * * * * * *
                    0000H     8000H                  *** GAP ***
            BANK1   8000H     069BH     UNIT         ?PR?_ZNWK_DATA_IND?ZAPS_NWK_IND
            BANK1   869BH     0451H     UNIT         ?PR?ZMAC
            BANK1   8AECH     031FH     UNIT         ?PR?ZMAC_P2M_PARSER?ZMAC
            BANK1   8E0BH     02F8H     UNIT         ?PR?_ZMAC_SET_REQ?ZMAC
            BANK1   9103H     02D8H     UNIT         ?PR?ZAPS
            BANK1   93DBH     02BCH     UNIT         ?PR?_ZMAC_GET_REQ?ZMAC
            BANK1   9697H     0205H     UNIT         ?PR?MAKEBEACONFRAME?ZMAC
            BANK1   989CH     01EAH     UNIT         ?PR?_MAKEBEACONNOTIFYINDICATE?ZMAC
            BANK1   9A86H     01E1H     UNIT         ?PR?_ZAPS_DATA_REQ?ZAPS
            BANK1   9C67H     01E0H     UNIT         ?PR?_ZMAC_ASSO_REQ?ZMAC
            BANK1   9E47H     01D0H     UNIT         ?PR?_ZHAL_MODEM_INIT_CHIP92?PHY
            BANK1   A017H     01BBH     UNIT         ?PR?_DISPLAY_NT?UTIL_APP
            BANK1   A1D2H     01BAH     UNIT         ?PR?UTIL_APP
            BANK1   A38CH     01ADH     UNIT         ?PR?_APSLIB_PARSING_NSDU?ZAPS_NWK_IND
            BANK1   A539H     01ADH     UNIT         ?PR?_MAKEDATAREQCMDFRAME?ZMAC
            BANK1   A6E6H     01ACH     UNIT         ?PR?_ZAPS_SET_CONFIG_REQ?ZAPS
            BANK1   A892H     01A1H     UNIT         ?PR?_MAKEMCPSDATAFRAME?ZMAC
            BANK1   AA33H     019DH     UNIT         ?PR?_ZHAL_FLASH_PAGE_WRITE_EXTEND?FLASH
            BANK1   ABD0H     0188H     UNIT         ?PR?_APSLIB_TRANSMIT_DATA?ZAPS
            BANK1   AD58H     0181H     UNIT         ?PR?_ZAPS_TRANSPORT_KEY_REQ?ZAPS
            BANK1   AED9H     017AH     UNIT         ?PR?ZAPS_NWK_IND
            BANK1   B053H     0176H     UNIT         ?PR?_ZMAC_SCAN_REQ_ACTIVE?ZMAC
            BANK1   B1C9H     0171H     UNIT         ?PR?_ZMAC_SCAN_REQ_ORPHAN?ZMAC
            BANK1   B33AH     0167H     UNIT         ?PR?_ZSCANF_DECIMAL?UTIL_APP
            BANK1   B4A1H     015FH     UNIT         ?PR?_ZHAL_UART0_SET?UART
            BANK1   B600H     015FH     UNIT         ?PR?_ZHAL_UART1_SET?UART
            BANK1   B75FH     0129H     UNIT         ?PR?_DISPLAY_NAM?UTIL_APP
            BANK1   B888H     0125H     UNIT         ?PR?_ZMAC_SCAN_REQ_ED?ZMAC
            BANK1   B9ADH     0122H     UNIT         ?PR?_MACLIB_SET_PENDPACKET?ZMAC
            BANK1   BACFH     011AH     UNIT         ?PR?_ZHAL_CHANNEL_SET_CHIP92_XTAL16?PHY
            BANK1   BBE9H     0112H     UNIT         ?PR?_ZHAL_CHANNEL_SET_CHIP92_XTAL19?PHY
            BANK1   BCFBH     0100H     UNIT         ?PR?_APSLIB_TRANSMIT?ZAPS
            BANK1   BDFBH     00F6H     UNIT         ?PR?_ZAPS_GET_REQ?ZAPS
            BANK1   BEF1H     00F4H     UNIT         ?PR?_ZSCANF?UTIL_APP
            BANK1   BFE5H     00F4H     UNIT         ?PR?_ZAPS_ADD_GROUP_REQ?ZAPS
            BANK1   C0D9H     00F1H     UNIT         ?PR?_ZHAL_TXPOWER_SET_CHIP92?PHY
            BANK1   C1CAH     00EDH     UNIT         ?PR?RESET_MAC_PIB?ZMAC
            BANK1   C2B7H     00EAH     UNIT         ?PR?_DISPLAY_RRECT?UTIL_APP
            BANK1   C3A1H     00E9H     UNIT         ?PR?_ZMAC_SCAN_REQ?ZMAC
            BANK1   C48AH     00E7H     UNIT         ?PR?_MAKEDATAINDICATE?ZMAC
            BANK1   C571H     00DDH     UNIT         ?PR?_ZAPS_SET_REQ?ZAPS
            BANK1   C64EH     00DCH     UNIT         ?PR?_ZMAC_START_REQ?ZMAC
            BANK1   C72AH     00DAH     UNIT         ?PR?_DISPLAY_RT?UTIL_APP
            BANK1   C804H     00D3H     UNIT         ?PR?_APSLIB_FINDBT_ENTRY?ZAPS
            BANK1   C8D7H     00D1H     UNIT         ?PR?_APSLIB_MAKE_HEADER?ZAPS
            BANK1   C9A8H     00CEH     UNIT         ?PR?_ZMAC_POLL_REQ?ZMAC
            BANK1   CA76H     00C4H     UNIT         ?PR?_MAKEASSOREQCMDFRAME?ZMAC
            BANK1   CB3AH     00BEH     UNIT         ?PR?_MAKEBEACONINFORMATION?ZMAC
BL51 BANKED LINKER/LOCATER V6.22                                                      07/18/2011  11:54:08  PAGE 9


            BANK1   CBF8H     00BCH     UNIT         ?PR?_APSLIB_TRANSMIT_CMD?ZAPS
            BANK1   CCB4H     00B5H     UNIT         ?PR?_MACLIB_GET_PENDPACKET?ZMAC
            BANK1   CD69H     00B3H     UNIT         ?PR?_ZHAL_TIMER3_SET?TIMER
            BANK1   CE1CH     00B2H     UNIT         ?PR?_ZSYS_ADC_CALIB_GET?ADC
            BANK1   CECEH     00ACH     UNIT         ?PR?_ZPRINTF?UTIL_APP
            BANK1   CF7AH     00AAH     UNIT         ?PR?ZHAL_SEND_TXFIFO?PHY
            BANK1   D024H     00A6H     UNIT         ?PR?_MACLIB_TRANSMITOPERATE?ZMAC
            BANK1   D0CAH     00A3H     UNIT         ?PR?APSLIB_REMOVEWARNING?ZAPS
            BANK1   D16DH     009DH     UNIT         ?PR?_ZHAL_TIMER0_SET?TIMER
            BANK1   D20AH     009DH     UNIT         ?PR?_DISPLAY_GT?UTIL_APP
            BANK1   D2A7H     009CH     UNIT         ?PR?_APSLIB_ACKTRANSMIT?ZAPS_NWK_IND
            BANK1   D343H     009AH     UNIT         ?PR?_ZAPS_SET_TABLE_REQ?ZAPS
            BANK1   D3DDH     0099H     UNIT         ?PR?_ZAPS_REMOVE_ALL_GROUP_REQ?ZAPS
            BANK1   D476H     0097H     UNIT         ?PR?_ZHAL_TIMER1_SET?TIMER
            BANK1   D50DH     0089H     UNIT         ?PR?DISPLAY_MYINFO?UTIL_APP
            BANK1   D596H     0086H     UNIT         ?PR?_ZHAL_PORT0_INOUT_SET?PHY
            BANK1   D61CH     0086H     UNIT         ?PR?_ZHAL_PORT1_INOUT_SET?PHY
            BANK1   D6A2H     0086H     UNIT         ?PR?_ZHAL_PORT3_INOUT_SET?PHY
            BANK1   D728H     0085H     UNIT         ?PR?_MACLIB_GET_FRAMECONTROL?ZMAC
            BANK1   D7ADH     0080H     UNIT         ?PR?_ZHAL_FLASH_READ?FLASH
            BANK1   D82DH     007BH     UNIT         ?PR?PHY
            BANK1   D8A8H     007BH     UNIT         ?PR?_ZAPS_REMOVE_GROUP_REQ?ZAPS
            BANK1   D923H     007BH     UNIT         ?PR?_MAKECOORREALIGNCMDFRAME_ORP?ZMAC
            BANK1   D99EH     007AH     UNIT         ?PR?MACLIB_REMOVEWARNING?ZMAC
            BANK1   DA18H     0079H     UNIT         ?PR?_APSLIB_BINDCOUNTCHECK?ZAPS
            BANK1   DA91H     0078H     UNIT         ?PR?_ZAPS_GET_TABLE_REQ?ZAPS
            BANK1   DB09H     0078H     UNIT         ?PR?_ZMAC_DATA_REQ?ZMAC
            BANK1   DB81H     0072H     UNIT         ?PR?_ZAPS_BIND_REQ?ZAPS
            BANK1   DBF3H     0071H     UNIT         ?PR?_SWAP_BUFFER_4B?UTIL_SYS
            BANK1   DC64H     006DH     UNIT         ?PR?_ZHAL_SEC_SAES?SECURITY
            BANK1   DCD1H     006DH     UNIT         ?PR?_ZAPS_REQUEST_KEY_REQ?ZAPS
            BANK1   DD3EH     006AH     UNIT         ?PR?_APSLIB_FINDBT_CLUSTERANDEP?ZAPS
            BANK1   DDA8H     0067H     UNIT         ?PR?_APSLIB_FINDGT_GROUPADDR_EP?ZAPS
            BANK1   DE0FH     0065H     UNIT         ?PR?_MAKEASSORESCMDFRAME?ZMAC
            BANK1   DE74H     0064H     UNIT         ?PR?ZAPS_INIT_AIB?ZAPS
            BANK1   DED8H     0062H     UNIT         ?PR?UART
            BANK1   DF3AH     005FH     UNIT         ?PR?_PROCESSORPHANRESPONSE?ZMAC
            BANK1   DF99H     005EH     UNIT         ?PR?_ZHAL_SEND_ACK?PHY
            BANK1   DFF7H     005EH     UNIT         ?PR?_DISPLAY_BUFFER?UTIL_APP
            BANK1   E055H     0059H     UNIT         ?PR?_ZAPS_UPDATE_DEVICE_REQ?ZAPS
            BANK1   E0AEH     0055H     UNIT         ?PR?RESET_MAC_PARAMETER?ZMAC
            BANK1   E103H     0054H     UNIT         ?PR?_MACLIB_TX_MACFRAME?ZMAC
            BANK1   E157H     0053H     UNIT         ?PR?_ZHAL_TIMER2_SET?TIMER
            BANK1   E1AAH     0053H     UNIT         ?PR?TIMER
            BANK1   E1FDH     0053H     UNIT         ?PR?REMOVEWARNING_UTIL_APP?UTIL_APP
            BANK1   E250H     0052H     UNIT         ?PR?FLASH
            BANK1   E2A2H     0050H     UNIT         ?PR?_APSLIB_TXMODEGET?ZAPS
            BANK1   E2F2H     004FH     UNIT         ?PR?_ZSYS_UART0_PUT?UART
            BANK1   E341H     004FH     UNIT         ?PR?_ZSYS_UART1_PUT?UART
            BANK1   E390H     004FH     UNIT         ?PR?REMOVEWARNING_UTIL_SYS?UTIL_SYS
            BANK1   E3DFH     004CH     UNIT         ?PR?_MACLIB_SYMBOL2MS?ZMAC
            BANK1   E42BH     004BH     UNIT         ?PR?_APSLIB_DELETEBT?ZAPS
            BANK1   E476H     0049H     UNIT         ?PR?_ZAPS_UNBIND_REQ?ZAPS
            BANK1   E4BFH     0047H     UNIT         ?PR?_ZHAL_ADC_SET?ADC
            BANK1   E506H     0041H     UNIT         ?PR?_ZSYS_LQI_TO_COST?UTIL_SYS
            BANK1   E547H     0041H     UNIT         ?PR?_ZSYS_HIB_COPY?UTIL_APP
            BANK1   E588H     003BH     UNIT         ?PR?_ZSYS_UART0_GET?UART
BL51 BANKED LINKER/LOCATER V6.22                                                      07/18/2011  11:54:08  PAGE 10


            BANK1   E5C3H     003BH     UNIT         ?PR?_ZSYS_UART1_GET?UART
            BANK1   E5FEH     003BH     UNIT         ?PR?_CHECK_8BYTE_NULL?UTIL_SYS
            BANK1   E639H     0038H     UNIT         ?PR?_ZHAL_FLASH_PAGE_ERASE?FLASH
            BANK1   E671H     0037H     UNIT         ?PR?ZHAL_3V_LOGIC_INIT?PHY
            BANK1   E6A8H     0037H     UNIT         ?PR?ZHAL_ED_LEVEL_GET?PHY
            BANK1   E6DFH     0037H     UNIT         ?PR?_ZHAL_DATARATE_SET_ISR?PHY
            BANK1   E716H     0036H     UNIT         ?PR?ZMAC_MCU_INIT?ZMAC
            BANK1   E74CH     0035H     UNIT         ?PR?_ZSYS_DBM_TO_LQI?UTIL_APP
            BANK1   E781H     0035H     UNIT         ?PR?_MAKEASSOCIATEINDICATE?ZMAC
            BANK1   E7B6H     0033H     UNIT         ?PR?_ZSYS_ADC_GET?ADC
            BANK1   E7E9H     0033H     UNIT         ?PR?_ZHAL_SEC_KEY_SET?SECURITY
            BANK1   E81CH     0033H     UNIT         ?PR?MACLIB_GET_PENDINGSTATE?ZMAC
            BANK1   E84FH     0033H     UNIT         ?PR?_MACLIB_TX_BEACON?ZMAC
            BANK1   E882H     002FH     UNIT         ?PR?MAKEORPNOTICMDFRAME?ZMAC
            BANK1   E8B1H     002DH     UNIT         ?PR?_ZSYS_WDT_SET?WDT
            BANK1   E8DEH     002BH     UNIT         ?PR?_MAKEORPHANINDICATE?ZMAC
            BANK1   E909H     002AH     UNIT         ?PR?_ZHAL_CLOCK_PLL_SET?PHY
            BANK1   E933H     0029H     UNIT         ?PR?UTIL_SYS
            BANK1   E95CH     0029H     UNIT         ?PR?_ZAPS_SWITCH_KEY_REQ?ZAPS
            BANK1   E985H     0027H     UNIT         ?PR?_SWAP_BUFFER_2B?UTIL_SYS
            BANK1   E9ACH     0027H     UNIT         ?PR?APSLIB_FINDBT_EMPTY?ZAPS
            BANK1   E9D3H     0023H     UNIT         ?PR?MAKEBEACONREQCMDFRAME?ZMAC
            BANK1   E9F6H     0021H     UNIT         ?PR?_CHECK_8BYTE_BROADCAST?UTIL_SYS
            BANK1   EA17H     0021H     UNIT         ?PR?_ZMAC_RESET_REQ?ZMAC
            BANK1   EA38H     0020H     UNIT         ?PR?_ZHAL_REGULATOR_SET?PHY
            BANK1   EA58H     0020H     UNIT         ?PR?_ZAPS_REMOVE_DEVICE_REQ?ZAPS
            BANK1   EA78H     001FH     UNIT         ?PR?_CHECK_16BYTE_NULL?UTIL_SYS
            BANK1   EA97H     001EH     UNIT         ?PR?_ZHAL_HW_INIT?PHY
            BANK1   EAB5H     001BH     UNIT         ?PR?_ZSYS_RANDOM_GEN_GET?UTIL_SYS
            BANK1   EAD0H     001AH     UNIT         ?PR?_ZHAL_EXT0_INT_SET?PHY
            BANK1   EAEAH     001AH     UNIT         ?PR?_ZHAL_EXT1_INT_SET?PHY
            BANK1   EB04H     001AH     UNIT         ?PR?_ZSYS_LQI_TO_DBM?UTIL_APP
            BANK1   EB1EH     0018H     UNIT         ?PR?ZHAL_MAC_INIT?PHY
            BANK1   EB36H     0018H     UNIT         ?PR?ADC
            BANK1   EB4EH     0015H     UNIT         ?PR?_ZHAL_RF_INT_SET?PHY
            BANK1   EB63H     0015H     UNIT         ?PR?_ZMAC_PURGE_REQ?ZMAC
            BANK1   EB78H     0015H     UNIT         ?PR?_ZMAC_GTS_REQ?ZMAC
            BANK1   EB8DH     0013H     UNIT         ?PR?ZSYS_UART0_TX_WORKING?UART
            BANK1   EBA0H     0013H     UNIT         ?PR?ZSYS_UART1_TX_WORKING?UART
            BANK1   EBB3H     0013H     UNIT         ?PR?_ZHAL_WDT_SET?WDT
            BANK1   EBC6H     0013H     UNIT         ?PR?_ZSYS_SET_SHORT_ADDR?UTIL_SYS
            BANK1   EBD9H     0013H     UNIT         ?PR?_ZSYS_SET_PAN_ID?UTIL_SYS
            BANK1   EBECH     0012H     UNIT         ?PR?ZHAL_FLASH_WRITE_UNPROTECTED?FLASH
            BANK1   EBFEH     0011H     UNIT         ?PR?ZSYS_UART1_RXLEN?UART
            BANK1   EC0FH     0011H     UNIT         ?PR?ZSYS_UART1_TXLEN?UART
            BANK1   EC20H     0010H     UNIT         ?PR?_ZHAL_COORDINATOR_SET?PHY
            BANK1   EC30H     000FH     UNIT         ?PR?ZHAL_FLASH_REG_INIT?FLASH
            BANK1   EC3FH     000FH     UNIT         ?PR?_ZSYS_WDT_RESET?WDT
            BANK1   EC4EH     000EH     UNIT         ?PR?ZSYS_UART0_RXLEN?UART
            BANK1   EC5CH     000EH     UNIT         ?PR?ZSYS_UART0_TXLEN?UART
            BANK1   EC6AH     000DH     UNIT         ?PR?_ZHAL_CLOCK_16MHZ_SET?PHY
            BANK1   EC77H     000DH     UNIT         ?PR?_ZHAL_CHANNEL_SET?PHY
            BANK1   EC84H     000DH     UNIT         ?PR?_ZHAL_MODEM_INIT?PHY
            BANK1   EC91H     000DH     UNIT         ?PR?_ZHAL_IEEE_ADDR_SET?PHY
            BANK1   EC9EH     000DH     UNIT         ?PR?_ZSYS_SET_EPID?UTIL_SYS
            BANK1   ECABH     000BH     UNIT         ?PR?ZHAL_FLASH_WRITE_PROTECTED?FLASH
            BANK1   ECB6H     000BH     UNIT         ?PR?ZHAL_ADC_GET?ADC
BL51 BANKED LINKER/LOCATER V6.22                                                      07/18/2011  11:54:08  PAGE 11


            BANK1   ECC1H     000BH     UNIT         ?PR?_ZMAC_DISA_REQ?ZMAC
            BANK1   ECCCH     000BH     UNIT         ?PR?_ZMAC_RX_ENA_REQ?ZMAC
            BANK1   ECD7H     000BH     UNIT         ?PR?_ZMAC_SYNC_REQ?ZMAC
            BANK1   ECE2H     0009H     UNIT         ?PR?_ZHAL_PAN_ID_SET?PHY
            BANK1   ECEBH     0009H     UNIT         ?PR?_ZHAL_SHORT_ADDR_SET?PHY
            BANK1   ECF4H     0009H     UNIT         ?PR?ZSYS_GET_SHORT_ADDR?UTIL_SYS
            BANK1   ECFDH     0009H     UNIT         ?PR?ZSYS_GET_PAN_ID?UTIL_SYS
            BANK1   ED06H     0008H     UNIT         ?PR?_ZSYS_SET_CHANNEL?UTIL_SYS
            BANK1   ED0EH     0006H     UNIT         ?PR?_ZHAL_MAC_CTRL_SET?PHY
            BANK1   ED14H     0006H     UNIT         ?PR?_ZHAL_SYSTEM_INTERRUPT?PHY
            BANK1   ED1AH     0006H     UNIT         ?PR?ZSYS_GET_CHANNEL?UTIL_SYS
            BANK1   ED20H     0004H     UNIT         ?PR?ZHAL_WDT_RESTART?WDT
            BANK1   ED24H     0003H     UNIT         ?PR?_ZHAL_TXPOWER_SET?PHY
            BANK1   ED27H     0003H     UNIT         ?PR?_ZSYS_RANDOM_GEN_SEED?UTIL_SYS
            BANK1   ED2AH     0003H     UNIT         ?PR?_ZAPS_ESTABLISH_KEY_REQ?ZAPS

            * * * * * * *   C O D E   B A N K   3   * * * * * * *
                    0000H     8000H                  *** GAP ***
            BANK3   8000H     0281H     UNIT         ?PR?ZOTA_REBOOT?REBOOT
            BANK3   8281H     00B8H     UNIT         ?PR?_ZOTA_SPI_SET?REBOOT
            BANK3   8339H     0044H     UNIT         ?PR?REBOOT
            BANK3   837DH     0034H     UNIT         ?PR?_ZOTA_SPI_MASTER_POLLING?REBOOT
            BANK3   83B1H     000EH     UNIT         ?PR?ZOTA_SPI_OFF?REBOOT
            BANK3   83BFH     0009H     UNIT         ?PR?ZOTA_SPI_ON?REBOOT
            BANK3   83C8H     0007H     UNIT         ?PR?_TMPADD?REBOOT



OVERLAY MAP OF MODULE:   .\HEX\ZigBeePRO_DK_ADC (UART)


SEGMENT                                             BIT_GROUP          DATA_GROUP          XDATA_GROUP
  +--> CALLED SEGMENT                            START    LENGTH     START    LENGTH     START    LENGTH
--------------------------------------------------------------------------------------------------------
?PR?TIMER1_ISR?ISR_USER                          -----    -----      -----    -----      -----    -----
  +--> ?PR?ISR_USER

*** NEW ROOT ***************************************************

?PR?UART0_ISR?ISR_USER                           -----    -----      -----    -----      -----    -----
  +--> ?PR?ISR_USER

*** NEW ROOT ***************************************************

?PR?UART1_ISR?ISR_USER                           -----    -----      -----    -----      -----    -----
  +--> ?PR?ISR_USER

*** NEW ROOT ***************************************************

?PR?TIMER0_ISR?MAIN                              -----    -----      -----    -----      -----    -----
  +--> ?PR?MAIN
  +--> ?PR?ZHAL_WDT_RESTART?WDT

?PR?MAIN                                         -----    -----      -----    -----      -----    -----
  +--> ?PR?_ZSYS_GET_V_TIMER?MAIN

*** NEW ROOT ***************************************************
BL51 BANKED LINKER/LOCATER V6.22                                                      07/18/2011  11:54:08  PAGE 12



?PR?TIMER2_ISR?MAIN                              -----    -----      -----    -----      -----    -----
  +--> ?PR?MAIN

*** NEW ROOT ***************************************************

?PR?RF_ISR?MAIN                                  -----    -----      -----    -----      -----    -----
  +--> ?PR?MAIN
  +--> ?PR?_ZHAL_DATARATE_SET_ISR?PHY
  +--> ?PR?MACLIB_GET_PENDINGSTATE?ZMAC
  +--> ?PR?_ZHAL_SEND_ACK?PHY
  +--> ?PR?_PSDU_PARSER_FOR_MAC_HEAD_LOWQ?MAIN
  +--> ?PR?_PSDU_PARSER_FOR_PACKET_CHECK_LOW...
  +--> ?PR?_ZUSER_OOB_RF_ISR?Z_USER_ADC

?PR?MACLIB_GET_PENDINGSTATE?ZMAC                 -----    -----      -----    -----      08D9H    0001H
  +--> ?PR?ZMAC

?PR?_PSDU_PARSER_FOR_MAC_HEAD_LOWQ?MAIN          -----    -----      -----    -----      08D9H    0006H
  +--> ?PR?MAIN

?PR?_PSDU_PARSER_FOR_PACKET_CHECK_LOW...         -----    -----      -----    -----      -----    -----
  +--> ?PR?MAIN

*** NEW ROOT ***************************************************

?C_C51STARTUP                                    -----    -----      -----    -----      -----    -----
  +--> ?PR?MAIN?MAIN
  +--> ?C_INITSEG

?PR?MAIN?MAIN                                    -----    -----      -----    -----      08DFH    001CH
  +--> ?PR?_ZSYS_WDT_SET?WDT
  +--> ?PR?ZHAL_3V_LOGIC_INIT?PHY
  +--> ?PR?_ZHAL_HW_INIT?PHY
  +--> ?PR?ZUSER_HW_INIT?Z_USER_ADC
  +--> ?PR?_ZHAL_TIMER0_SET?TIMER
  +--> ?PR?_ZHAL_TIMER2_SET?TIMER
  +--> ?PR?_ZHAL_SYSTEM_INTERRUPT?PHY
  +--> ?PR?_ZHAL_MODEM_INIT?PHY
  +--> ?PR?_ZSYS_WDT_RESET?WDT
  +--> ?PR?ZHAL_MAC_INIT?PHY
  +--> ?PR?NWKLIB_INIT_MEMORY_SIZE?ZNWK
  +--> ?PR?ZAPS_INIT_AIB?ZAPS
  +--> ?PR?NWKLIB_REMOVEWARNING?ZNWK
  +--> ?PR?APSLIB_REMOVEWARNING?ZAPS
  +--> ?PR?MACLIB_REMOVEWARNING?ZMAC
  +--> ?PR?_ZNWK_RESET_REQ?ZNWK
  +--> ?PR?ZSYS_RECEIVER_STOP?MAIN
  +--> ?PR?ZSYS_RECEIVER_RESUME?MAIN
  +--> ?PR?_ZHAL_RF_INT_SET?PHY
  +--> ?PR?ZUSER_INIT?Z_USER_ADC
  +--> ?PR?_ZSYS_GET_V_TIMER?MAIN
  +--> ?PR?ZSYS_GET_NWK_TIMESTAMP?MAIN
  +--> ?PR?MAIN
  +--> ?PR?_NWKLIB_DELETERT_NOTACTIVE?ZNWK
  +--> ?PR?_ZSYS_SET_PAN_ID?UTIL_SYS
  +--> ?PR?_ZUSER_NWK_STATUS_IND?Z_USER_ADC
BL51 BANKED LINKER/LOCATER V6.22                                                      07/18/2011  11:54:08  PAGE 13


  +--> ?PR?_ZSYS_SET_CHANNEL?UTIL_SYS
  +--> ?PR?_ZSYS_GET_Q_TIMER?MAIN
  +--> ?PR?_ZSYS_SET_Q_TIMER?MAIN
  +--> ?PR?NWKLIB_TX_LINK_STATUS?ZNWK
  +--> ?PR?_APSLIB_FINDBT_CLUSTERANDEP?ZAPS
  +--> ?PR?_APSLIB_TXMODEGET?ZAPS
  +--> ?PR?_APSLIB_TRANSMIT_DATA?ZAPS
  +--> ?PR?_NWKLIB_FINDRT_ENTRY?ZNWK
  +--> ?PR?_NWKLIB_TRANSMIT?ZNWK
  +--> ?PR?_ZUSER_APS_CON?Z_USER_ADC
  +--> ?PR?_ZMAC_DATA_REQ?ZMAC
  +--> ?PR?_ZSYS_RANDOM_GEN_GET?UTIL_SYS
  +--> ?PR?_ZUSER_NWK_CON?Z_USER_ADC
  +--> ?PR?ZUSER_MAIN?Z_USER_ADC
  +--> ?PR?_MACLIB_TX_BEACON?ZMAC
  +--> ?PR?ZSYS_RX_PACKET_GET?MAIN
  +--> ?PR?_MACLIB_GET_FRAMECONTROL?ZMAC
  +--> ?PR?ZMAC_P2M_PARSER?ZMAC
  +--> ?PR?ZSYS_RX_PACKET_CLR?MAIN
  +--> ?PR?_DECREASETIMESTAMP?MAIN
  +--> ?PR?_ZMAC_COMM_STA_IND?ZNWK_MAC_IND
  +--> ?PR?_NWKLIB_FILL_HEADER_V2?ZNWK
  +--> ?PR?NWKLIB_MAKE_HEADER_V2?ZNWK
  +--> ?PR?_NWKLIB_FILL_MAC_V2?ZNWK
  +--> ?PR?_ZNWK_DATA_REQ?ZNWK

?PR?_ZSYS_WDT_SET?WDT                            -----    -----      -----    -----      -----    -----
  +--> ?PR?_ZHAL_WDT_SET?WDT

?PR?_ZHAL_HW_INIT?PHY                            -----    -----      -----    -----      -----    -----
  +--> ?PR?_ZHAL_CLOCK_PLL_SET?PHY
  +--> ?PR?_ZHAL_REGULATOR_SET?PHY

?PR?_ZHAL_TIMER0_SET?TIMER                       -----    -----      -----    -----      08FBH    000AH
  +--> ?PR?TIMER

?PR?_ZHAL_TIMER2_SET?TIMER                       -----    -----      -----    -----      08FBH    0007H

?PR?_ZHAL_MODEM_INIT?PHY                         -----    -----      -----    -----      -----    -----
  +--> ?PR?_ZHAL_MODEM_INIT_CHIP92?PHY

?PR?_ZHAL_MODEM_INIT_CHIP92?PHY                  -----    -----      -----    -----      08FBH    0003H
  +--> ?PR?PHY

?PR?ZAPS_INIT_AIB?ZAPS                           -----    -----      -----    -----      -----    -----
  +--> ?PR?ZSEC_INIT_SIB?ZSEC

?PR?NWKLIB_REMOVEWARNING?ZNWK                    -----    -----      -----    -----      -----    -----
  +--> ?PR?_ZNWK_RESET_REQ?ZNWK
  +--> ?PR?ZNWK
  +--> ?PR?_ZNWK_NET_FORM_REQ?ZNWK
  +--> ?PR?_ZNWK_NET_DISC_REQ?ZNWK
  +--> ?PR?_ZNWK_JOIN_REQ?ZNWK
  +--> ?PR?_ZNWK_DATA_REQ?ZNWK
  +--> ?PR?_ZNWK_DIRECT_JOIN_REQ?ZNWK
  +--> ?PR?_ZNWK_START_ROUTE_REQ?ZNWK
  +--> ?PR?_ZNWK_PERMIT_JOIN_REQ?ZNWK
BL51 BANKED LINKER/LOCATER V6.22                                                      07/18/2011  11:54:08  PAGE 14


  +--> ?PR?_ZNWK_SET_REQ?ZNWK
  +--> ?PR?_ZNWK_GET_REQ?ZNWK
  +--> ?PR?_ZNWK_SET_TABLE_REQ?ZNWK
  +--> ?PR?_ZNWK_GET_TABLE_REQ?ZNWK
  +--> ?PR?_ZNWK_LEAVE_REQ?ZNWK
  +--> ?PR?_ZNWK_SYNC_REQ?ZNWK
  +--> ?PR?_ZNWK_ROUTE_DISC_REQ?ZNWK
  +--> ?PR?_ZNWK_ED_SCAN_REQ?ZNWK

?PR?_ZNWK_RESET_REQ?ZNWK                         -----    -----      -----    -----      09F9H    0006H
  +--> ?PR?_NWKLIB_DELETENT?ZNWK
  +--> ?PR?NWKLIB_DELETERT_ALL?ZNWK
  +--> ?PR?ZNWK
  +--> ?PR?ZNWK_INIT_NIB?ZNWK
  +--> ?PR?ZNWK_INIT_PARAMETER?ZNWK
  +--> ?PR?_ZMAC_RESET_REQ?ZMAC
  +--> ?PR?ZSYS_ALLOCATE_MEMORY?Z_USER_ADC
  +--> ?PR?ZUSER_RESET_NIB?Z_USER_ADC

?PR?_NWKLIB_DELETENT?ZNWK                        -----    -----      -----    -----      0A4AH    0004H
  +--> ?PR?ZNWK

?PR?ZNWK                                         -----    -----      -----    -----      -----    -----
  +--> ?PR?_NWKLIB_FILL_MAC_V2?ZNWK
  +--> ?PR?_NWKLIB_SETRDT_EXPTIME?ZNWK

?PR?NWKLIB_DELETERT_ALL?ZNWK                     -----    -----      -----    -----      -----    -----
  +--> ?PR?ZNWK

?PR?ZNWK_INIT_NIB?ZNWK                           -----    -----      -----    -----      -----    -----
  +--> ?PR?ZNWK

?PR?ZNWK_INIT_PARAMETER?ZNWK                     -----    -----      -----    -----      09FFH    0001H
  +--> ?PR?ZNWK

?PR?_ZMAC_RESET_REQ?ZMAC                         -----    -----      -----    -----      09FFH    0006H
  +--> ?PR?RESET_MAC_PARAMETER?ZMAC
  +--> ?PR?ZMAC
  +--> ?PR?RESET_MAC_PIB?ZMAC
  +--> ?PR?ZMAC_MCU_INIT?ZMAC

?PR?RESET_MAC_PARAMETER?ZMAC                     -----    -----      -----    -----      0A05H    0001H
  +--> ?PR?ZMAC

?PR?RESET_MAC_PIB?ZMAC                           -----    -----      -----    -----      -----    -----
  +--> ?PR?ZMAC

?PR?ZMAC_MCU_INIT?ZMAC                           -----    -----      -----    -----      -----    -----
  +--> ?PR?_ZHAL_MAC_CTRL_SET?PHY
  +--> ?PR?_ZHAL_CHANNEL_SET?PHY
  +--> ?PR?ZMAC
  +--> ?PR?_ZHAL_PAN_ID_SET?PHY
  +--> ?PR?_ZHAL_TXPOWER_SET?PHY
  +--> ?PR?_ZHAL_SHORT_ADDR_SET?PHY
  +--> ?PR?_ZHAL_IEEE_ADDR_SET?PHY

?PR?_ZHAL_CHANNEL_SET?PHY                        -----    -----      -----    -----      -----    -----
BL51 BANKED LINKER/LOCATER V6.22                                                      07/18/2011  11:54:08  PAGE 15


  +--> ?PR?_ZHAL_CHANNEL_SET_CHIP92_XTAL19?PHY
  +--> ?PR?_ZHAL_CHANNEL_SET_CHIP92_XTAL16?PHY

?PR?_ZHAL_CHANNEL_SET_CHIP92_XTAL19?PHY          -----    -----      -----    -----      0AB5H    0003H
  +--> ?PR?PHY

?PR?_ZHAL_CHANNEL_SET_CHIP92_XTAL16?PHY          -----    -----      -----    -----      0AB5H    0004H
  +--> ?PR?PHY

?PR?_ZHAL_TXPOWER_SET?PHY                        -----    -----      -----    -----      -----    -----
  +--> ?PR?_ZHAL_TXPOWER_SET_CHIP92?PHY

?PR?_ZHAL_TXPOWER_SET_CHIP92?PHY                 -----    -----      -----    -----      -----    -----
  +--> ?PR?PHY

?PR?ZSYS_ALLOCATE_MEMORY?Z_USER_ADC              -----    -----      -----    -----      09FFH    0001H
  +--> ?PR?Z_USER_ADC

?PR?Z_USER_ADC                                   -----    -----      -----    -----      -----    -----
  +--> ?CO?Z_USER_ADC

?PR?ZUSER_RESET_NIB?Z_USER_ADC                   -----    -----      -----    -----      09FFH    0008H
  +--> ?PR?Z_USER_ADC
  +--> ?PR?_ZSYS_SET_EPID?UTIL_SYS

?PR?_ZNWK_NET_FORM_REQ?ZNWK                      -----    -----      -----    -----      08FBH    0010H
  +--> ?PR?ZNWK
  +--> ?PR?_CHECK_CHANNELMASK?ZNWK
  +--> ?PR?_CHECK_8BYTE_NULL?UTIL_SYS
  +--> ?PR?_CHECK_8BYTE_BROADCAST?UTIL_SYS
  +--> ?PR?_ZMAC_SCAN_REQ?ZMAC
  +--> ?PR?_ZSYS_SET_SHORT_ADDR?UTIL_SYS
  +--> ?PR?_ZSYS_SET_EPID?UTIL_SYS
  +--> ?PR?_NWKLIB_DELETENT?ZNWK
  +--> ?PR?_ZSYS_RANDOM_GEN_GET?UTIL_SYS
  +--> ?PR?_ZMAC_START_REQ?ZMAC

?PR?_CHECK_CHANNELMASK?ZNWK                      -----    -----      -----    -----      0977H    000BH
  +--> ?PR?ZNWK

?PR?_CHECK_8BYTE_NULL?UTIL_SYS                   -----    -----      -----    -----      -----    -----
  +--> ?PR?UTIL_SYS

?PR?_CHECK_8BYTE_BROADCAST?UTIL_SYS              -----    -----      -----    -----      0976H    0003H
  +--> ?PR?UTIL_SYS

?PR?_ZMAC_SCAN_REQ?ZMAC                          -----    -----      -----    -----      0A2BH    0008H
  +--> ?PR?ZMAC
  +--> ?PR?_ZSYS_WDT_SET?WDT
  +--> ?PR?_ZMAC_SCAN_REQ_ED?ZMAC
  +--> ?PR?_ZMAC_SCAN_REQ_ORPHAN?ZMAC
  +--> ?PR?_ZMAC_SCAN_REQ_ACTIVE?ZMAC

?PR?_ZMAC_SCAN_REQ_ED?ZMAC                       -----    -----      -----    -----      0A33H    000FH
  +--> ?PR?ZMAC
  +--> ?PR?_ZHAL_CHANNEL_SET?PHY
  +--> ?PR?_MACLIB_SYMBOL2MS?ZMAC
BL51 BANKED LINKER/LOCATER V6.22                                                      07/18/2011  11:54:08  PAGE 16


  +--> ?PR?_ZSYS_SET_V_TIMER?MAIN
  +--> ?PR?_ZSYS_GET_V_TIMER?MAIN
  +--> ?PR?ZHAL_ED_LEVEL_GET?PHY

?PR?_MACLIB_SYMBOL2MS?ZMAC                       -----    -----      -----    -----      0AB5H    0006H

?PR?_ZMAC_SCAN_REQ_ORPHAN?ZMAC                   -----    -----      -----    -----      0A33H    000EH
  +--> ?PR?ZMAC
  +--> ?PR?MAKEORPNOTICMDFRAME?ZMAC
  +--> ?PR?_ZHAL_CHANNEL_SET?PHY
  +--> ?PR?_MACLIB_TX_MACFRAME?ZMAC
  +--> ?PR?_MACLIB_SYMBOL2MS?ZMAC
  +--> ?PR?_ZSYS_SET_V_TIMER?MAIN
  +--> ?PR?_ZSYS_GET_V_TIMER?MAIN
  +--> ?PR?ZSYS_RX_PACKET_GET?MAIN
  +--> ?PR?_MACLIB_GET_FRAMECONTROL?ZMAC
  +--> ?PR?_ZHAL_PAN_ID_SET?PHY
  +--> ?PR?_ZHAL_SHORT_ADDR_SET?PHY
  +--> ?PR?ZSYS_RX_PACKET_CLR?MAIN

?PR?MAKEORPNOTICMDFRAME?ZMAC                     -----    -----      -----    -----      -----    -----
  +--> ?PR?ZMAC

?PR?_MACLIB_TX_MACFRAME?ZMAC                     -----    -----      -----    -----      0AB5H    0003H
  +--> ?PR?ZMAC
  +--> ?PR?_MACLIB_TRANSMITOPERATE?ZMAC

?PR?_MACLIB_TRANSMITOPERATE?ZMAC                 -----    -----      -----    -----      0AB8H    0009H
  +--> ?PR?ZHAL_SEND_TXFIFO?PHY
  +--> ?PR?RAND?RAND
  +--> ?PR?_ZSYS_GET_V_TIMER?MAIN
  +--> ?PR?_ZSYS_SET_V_TIMER?MAIN

?PR?ZSYS_RX_PACKET_GET?MAIN                      -----    -----      -----    -----      0AB5H    0002H
  +--> ?PR?MAIN

?PR?_MACLIB_GET_FRAMECONTROL?ZMAC                -----    -----      -----    -----      0AB5H    0003H
  +--> ?PR?ZMAC

?PR?ZSYS_RX_PACKET_CLR?MAIN                      -----    -----      -----    -----      -----    -----
  +--> ?PR?MAIN

?PR?_ZMAC_SCAN_REQ_ACTIVE?ZMAC                   -----    -----      -----    -----      0A33H    0082H
  +--> ?PR?_ZHAL_PAN_ID_SET?PHY
  +--> ?PR?ZMAC
  +--> ?PR?_ZHAL_CHANNEL_SET?PHY
  +--> ?PR?MAKEBEACONREQCMDFRAME?ZMAC
  +--> ?PR?_MACLIB_TX_MACFRAME?ZMAC
  +--> ?PR?_MACLIB_SYMBOL2MS?ZMAC
  +--> ?PR?_ZSYS_SET_V_TIMER?MAIN
  +--> ?PR?_ZSYS_GET_V_TIMER?MAIN
  +--> ?PR?ZSYS_RX_PACKET_GET?MAIN
  +--> ?PR?_MACLIB_GET_FRAMECONTROL?ZMAC
  +--> ?PR?_MAKEBEACONNOTIFYINDICATE?ZMAC
  +--> ?PR?_ZMAC_BEA_NOTI_IND?ZNWK_MAC_IND
  +--> ?PR?ZSYS_RX_PACKET_CLR?MAIN

BL51 BANKED LINKER/LOCATER V6.22                                                      07/18/2011  11:54:08  PAGE 17


?PR?MAKEBEACONREQCMDFRAME?ZMAC                   -----    -----      -----    -----      -----    -----
  +--> ?PR?ZMAC

?PR?_MAKEBEACONNOTIFYINDICATE?ZMAC               -----    -----      -----    -----      0AB5H    0008H
  +--> ?PR?ZMAC

?PR?_ZMAC_BEA_NOTI_IND?ZNWK_MAC_IND              -----    -----      -----    -----      0AB5H    000CH
  +--> ?PR?ZNWK_MAC_IND

?PR?_ZSYS_SET_SHORT_ADDR?UTIL_SYS                -----    -----      -----    -----      -----    -----
  +--> ?PR?_ZHAL_SHORT_ADDR_SET?PHY

?PR?_ZSYS_RANDOM_GEN_GET?UTIL_SYS                -----    -----      -----    -----      09FFH    0002H
  +--> ?PR?RAND?RAND

?PR?_ZMAC_START_REQ?ZMAC                         -----    -----      -----    -----      090BH    0006H
  +--> ?PR?ZMAC
  +--> ?PR?_ZHAL_COORDINATOR_SET?PHY
  +--> ?PR?_ZHAL_PAN_ID_SET?PHY
  +--> ?PR?_ZHAL_CHANNEL_SET?PHY

?PR?_ZNWK_NET_DISC_REQ?ZNWK                      -----    -----      -----    -----      0963H    0014H
  +--> ?PR?_NWKLIB_DELETENT?ZNWK
  +--> ?PR?_CHECK_CHANNELMASK?ZNWK
  +--> ?PR?ZNWK
  +--> ?PR?_ZMAC_SCAN_REQ?ZMAC
  +--> ?PR?_DESCRIPTOR_COMPARE?ZNWK
  +--> ?PR?_DESCRIPTOR_UPDATE?ZNWK

?PR?_DESCRIPTOR_COMPARE?ZNWK                     -----    -----      -----    -----      0977H    0008H
  +--> ?PR?ZNWK

?PR?_DESCRIPTOR_UPDATE?ZNWK                      -----    -----      -----    -----      -----    -----
  +--> ?PR?ZNWK

?PR?_ZNWK_JOIN_REQ?ZNWK                          -----    -----      -----    -----      0963H    0006H
  +--> ?PR?ZNWK
  +--> ?PR?_CHECK_CHANNELMASK?ZNWK
  +--> ?PR?_ZNWK_JOIN_REQ_REJOIN0?ZNWK
  +--> ?PR?_ZNWK_JOIN_REQ_REJOIN1?ZNWK
  +--> ?PR?_ZNWK_JOIN_REQ_REJOIN2?ZNWK
  +--> ?PR?_ZNWK_JOIN_REQ_REJOIN3?ZNWK

?PR?_ZNWK_JOIN_REQ_REJOIN0?ZNWK                  -----    -----      -----    -----      0969H    0008H
  +--> ?PR?ZNWK
  +--> ?PR?_CHECK_8BYTE_NULL?UTIL_SYS
  +--> ?PR?_CHECK_8BYTE_BROADCAST?UTIL_SYS
  +--> ?PR?_SELECT_BEST_PARENT?ZNWK
  +--> ?PR?_ZMAC_ASSO_REQ?ZMAC
  +--> ?PR?_ZSYS_SET_EPID?UTIL_SYS
  +--> ?PR?_NWKLIB_UPDATENT_RELATION?ZNWK
  +--> ?PR?_ZSYS_SET_Q_TIMER?MAIN
  +--> ?PR?_DELETE_NT_OTHEREPID_DEVICE?ZNWK

?PR?_SELECT_BEST_PARENT?ZNWK                     -----    -----      -----    -----      0976H    0010H
  +--> ?PR?ZNWK

BL51 BANKED LINKER/LOCATER V6.22                                                      07/18/2011  11:54:08  PAGE 18


?PR?_ZMAC_ASSO_REQ?ZMAC                          -----    -----      -----    -----      0971H    000EH
  +--> ?PR?ZMAC
  +--> ?PR?_ZHAL_CHANNEL_SET?PHY
  +--> ?PR?_ZHAL_PAN_ID_SET?PHY
  +--> ?PR?_MAKEASSOREQCMDFRAME?ZMAC
  +--> ?PR?_MACLIB_TX_MACFRAME?ZMAC
  +--> ?PR?_ZSYS_GET_V_TIMER?MAIN
  +--> ?PR?_MAKEDATAREQCMDFRAME?ZMAC
  +--> ?PR?ZSYS_RX_PACKET_GET?MAIN
  +--> ?PR?_MACLIB_GET_FRAMECONTROL?ZMAC
  +--> ?PR?_ZHAL_SHORT_ADDR_SET?PHY
  +--> ?PR?ZSYS_RX_PACKET_CLR?MAIN
  +--> ?PR?_ZSYS_SET_V_TIMER?MAIN

?PR?_MAKEASSOREQCMDFRAME?ZMAC                    -----    -----      -----    -----      097FH    0004H
  +--> ?PR?ZMAC

?PR?_MAKEDATAREQCMDFRAME?ZMAC                    -----    -----      -----    -----      097FH    0014H
  +--> ?PR?ZMAC

?PR?_NWKLIB_UPDATENT_RELATION?ZNWK               -----    -----      -----    -----      -----    -----
  +--> ?PR?ZNWK

?PR?_DELETE_NT_OTHEREPID_DEVICE?ZNWK             -----    -----      -----    -----      0976H    0024H
  +--> ?PR?ZNWK
  +--> ?PR?_NWKLIB_DELETENT?ZNWK
  +--> ?PR?_NWKLIB_DEVMGMT_ADDNT?ZNWK

?PR?_NWKLIB_DEVMGMT_ADDNT?ZNWK                   -----    -----      -----    -----      09FFH    0004H
  +--> ?PR?_ZSYS_GET_Q_TIMER?MAIN
  +--> ?PR?ZNWK
  +--> ?PR?NWKLIB_FINDNT_EMPTY?ZNWK
  +--> ?PR?_NWKLIB_FINDNAM_NWKADDR?ZNWK
  +--> ?PR?_CHECK_8BYTE_NULL?UTIL_SYS
  +--> ?PR?_NWKLIB_DELETENAM?ZNWK
  +--> ?PR?_NWKLIB_ADDNT?ZNWK

?PR?NWKLIB_FINDNT_EMPTY?ZNWK                     -----    -----      -----    -----      -----    -----
  +--> ?PR?ZNWK

?PR?_NWKLIB_FINDNAM_NWKADDR?ZNWK                 -----    -----      -----    -----      0A51H    0002H
  +--> ?PR?ZNWK

?PR?_NWKLIB_DELETENAM?ZNWK                       -----    -----      -----    -----      0A1FH    0002H
  +--> ?PR?ZNWK

?PR?_NWKLIB_ADDNT?ZNWK                           -----    -----      -----    -----      0A03H    0009H
  +--> ?PR?ZNWK
  +--> ?PR?NWKLIB_FINDNT_EMPTY?ZNWK

?PR?_ZNWK_JOIN_REQ_REJOIN1?ZNWK                  -----    -----      -----    -----      0969H    0006H
  +--> ?PR?ZNWK
  +--> ?PR?_ZMAC_SCAN_REQ?ZMAC
  +--> ?PR?_NWKLIB_FINDNT_NWKADDR?ZNWK
  +--> ?PR?NWKLIB_FINDNT_EMPTY?ZNWK
  +--> ?PR?NWKLIB_FILL_ADDNT_DEFAULT?ZNWK
  +--> ?PR?_NWKLIB_DEVMGMT_ADDNT?ZNWK
BL51 BANKED LINKER/LOCATER V6.22                                                      07/18/2011  11:54:08  PAGE 19



?PR?_NWKLIB_FINDNT_NWKADDR?ZNWK                  -----    -----      -----    -----      0A51H    0002H
  +--> ?PR?ZNWK

?PR?_ZNWK_JOIN_REQ_REJOIN2?ZNWK                  -----    -----      -----    -----      0969H    000DH
  +--> ?PR?_CHECK_8BYTE_NULL?UTIL_SYS
  +--> ?PR?_CHECK_8BYTE_BROADCAST?UTIL_SYS
  +--> ?PR?_NWKLIB_DELETENT?ZNWK
  +--> ?PR?ZNWK
  +--> ?PR?_ZMAC_SCAN_REQ?ZMAC
  +--> ?PR?_SELECT_BEST_PARENT?ZNWK
  +--> ?PR?_ZSYS_RANDOM_GEN_GET?UTIL_SYS
  +--> ?PR?_NWKLIB_FINDNT_NWKADDR?ZNWK
  +--> ?PR?_ZSYS_SET_CHANNEL?UTIL_SYS
  +--> ?PR?_ZSYS_SET_PAN_ID?UTIL_SYS
  +--> ?PR?_ZSYS_SET_SHORT_ADDR?UTIL_SYS
  +--> ?PR?_NWKLIB_FILL_HEADER_V2?ZNWK
  +--> ?PR?NWKLIB_MAKE_HEADER_V2?ZNWK
  +--> ?PR?_NWKLIB_FILL_MAC_V2?ZNWK
  +--> ?PR?_NWKLIB_TRANSMIT?ZNWK
  +--> ?PR?_ZSYS_GET_Q_TIMER?MAIN
  +--> ?PR?_ZMAC_POLL_REQ?ZMAC
  +--> ?PR?_ZSYS_WDT_SET?WDT
  +--> ?PR?ZSYS_RX_PACKET_GET?MAIN
  +--> ?PR?_MACLIB_GET_FRAMECONTROL?ZMAC
  +--> ?PR?ZMAC_P2M_PARSER?ZMAC
  +--> ?PR?ZSYS_RX_PACKET_CLR?MAIN
  +--> ?PR?_ZSYS_SET_EPID?UTIL_SYS
  +--> ?PR?_NWKLIB_UPDATENT_RELATION?ZNWK
  +--> ?PR?_ZSYS_SET_Q_TIMER?MAIN
  +--> ?PR?_DELETE_NT_OTHEREPID_DEVICE?ZNWK
  +--> ?PR?_MACLIB_SYMBOL2MS?ZMAC

?PR?_ZSYS_SET_CHANNEL?UTIL_SYS                   -----    -----      -----    -----      -----    -----
  +--> ?PR?_ZHAL_CHANNEL_SET?PHY

?PR?_ZSYS_SET_PAN_ID?UTIL_SYS                    -----    -----      -----    -----      -----    -----
  +--> ?PR?_ZHAL_PAN_ID_SET?PHY

?PR?_NWKLIB_FILL_HEADER_V2?ZNWK                  -----    -----      -----    -----      0A4AH    0002H
  +--> ?PR?ZNWK
  +--> ?PR?_NWKLIB_DEVMGMT_GETIEEEADDR?ZNWK

?PR?_NWKLIB_DEVMGMT_GETIEEEADDR?ZNWK             -----    -----      -----    -----      0A4CH    0005H
  +--> ?PR?_NWKLIB_FINDNT_NWKADDR?ZNWK
  +--> ?PR?ZNWK
  +--> ?PR?_CHECK_8BYTE_NULL?UTIL_SYS
  +--> ?PR?_NWKLIB_FINDNAM_NWKADDR?ZNWK

?PR?NWKLIB_MAKE_HEADER_V2?ZNWK                   -----    -----      -----    -----      -----    -----
  +--> ?PR?ZNWK

?PR?_NWKLIB_TRANSMIT?ZNWK                        -----    -----      -----    -----      0A4AH    0008H
  +--> ?PR?ZNWK
  +--> ?PR?_ZSEC_FINDNWKSECMATERIAL_WITHKEYS...
  +--> ?PR?_ZSEC_OUTGOING_NWK_APS_SW?ZSEC
  +--> ?PR?_ZSEC_INCREMENT_4BYTE_ARRAY?ZSEC
BL51 BANKED LINKER/LOCATER V6.22                                                      07/18/2011  11:54:08  PAGE 20


  +--> ?PR?_ZMAC_DATA_REQ?ZMAC

?PR?_ZSEC_FINDNWKSECMATERIAL_WITHKEYS...         -----    -----      -----    -----      0A52H    0002H
  +--> ?PR?ZSEC

?PR?_ZSEC_OUTGOING_NWK_APS_SW?ZSEC               -----    -----      -----    -----      0A52H    00A7H
  +--> ?PR?ZSEC
  +--> ?PR?_ZSEC_SW_BUFFERSWAP?ZSEC_SW
  +--> ?PR?_ZHAL_SEC_KEY_SET?SECURITY
  +--> ?PR?_ZSEC_SW_CCMMODEENCRYPT?ZSEC_SW

?PR?_ZSEC_SW_BUFFERSWAP?ZSEC_SW                  -----    -----      -----    -----      0AF9H    0016H
  +--> ?PR?ZSEC_SW

?PR?_ZHAL_SEC_KEY_SET?SECURITY                   -----    -----      -----    -----      0AF9H    0004H

?PR?_ZSEC_SW_CCMMODEENCRYPT?ZSEC_SW              -----    -----      -----    -----      0AF9H    0321H
  +--> ?PR?ZSEC_SW
  +--> ?PR?_ZSEC_SW_MAKECCMBLOCK?ZSEC_SW
  +--> ?PR?_ZSEC_SW_ENCRYPTCCMBLOCK?ZSEC_SW
  +--> ?PR?_ZSEC_SW_MAKEKEYSTREAM?ZSEC_SW
  +--> ?PR?_ZSEC_SW_GETCIPHERANDMIC?ZSEC_SW

?PR?_ZSEC_SW_MAKECCMBLOCK?ZSEC_SW                -----    -----      -----    -----      0E1AH    000FH
  +--> ?PR?ZSEC_SW

?PR?_ZSEC_SW_ENCRYPTCCMBLOCK?ZSEC_SW             -----    -----      -----    -----      0E1AH    001CH
  +--> ?PR?ZSEC_SW
  +--> ?PR?_ZSEC_SW_AES?ZSEC_SW

?PR?_ZSEC_SW_AES?ZSEC_SW                         -----    -----      -----    -----      0E36H    0016H
  +--> ?PR?ZSEC_SW
  +--> ?PR?_ZHAL_SEC_SAES?SECURITY

?PR?_ZHAL_SEC_SAES?SECURITY                      -----    -----      -----    -----      0E4CH    0008H

?PR?_ZSEC_SW_MAKEKEYSTREAM?ZSEC_SW               -----    -----      -----    -----      0E1AH    000BH
  +--> ?PR?ZSEC_SW

?PR?_ZSEC_SW_GETCIPHERANDMIC?ZSEC_SW             -----    -----      -----    -----      0E1AH    0015H
  +--> ?PR?ZSEC_SW
  +--> ?PR?_ZSEC_SW_AES?ZSEC_SW

?PR?_ZSEC_INCREMENT_4BYTE_ARRAY?ZSEC             -----    -----      -----    -----      -----    -----
  +--> ?PR?ZSEC

?PR?_ZMAC_DATA_REQ?ZMAC                          -----    -----      -----    -----      0A52H    0007H
  +--> ?PR?ZMAC
  +--> ?PR?_MACLIB_SET_PENDPACKET?ZMAC
  +--> ?PR?_MAKEMCPSDATAFRAME?ZMAC
  +--> ?PR?_MACLIB_TX_MACFRAME?ZMAC

?PR?_MACLIB_SET_PENDPACKET?ZMAC                  -----    -----      -----    -----      0A59H    0006H
  +--> ?PR?ZMAC
  +--> ?PR?_MAKEMCPSDATAFRAME?ZMAC

?PR?_MAKEMCPSDATAFRAME?ZMAC                      -----    -----      -----    -----      0A5FH    0007H
BL51 BANKED LINKER/LOCATER V6.22                                                      07/18/2011  11:54:08  PAGE 21


  +--> ?PR?ZMAC

?PR?_ZMAC_POLL_REQ?ZMAC                          -----    -----      -----    -----      0976H    0008H
  +--> ?PR?ZMAC
  +--> ?PR?_MAKEDATAREQCMDFRAME?ZMAC
  +--> ?PR?_MACLIB_TX_MACFRAME?ZMAC
  +--> ?PR?_MACLIB_SYMBOL2MS?ZMAC
  +--> ?PR?_ZSYS_SET_V_TIMER?MAIN
  +--> ?PR?_ZSYS_GET_V_TIMER?MAIN

?PR?ZMAC_P2M_PARSER?ZMAC                         -----    -----      -----    -----      0976H    0054H
  +--> ?PR?ZMAC
  +--> ?PR?_ZSYS_RANDOM_GEN_GET?UTIL_SYS
  +--> ?PR?_MAKEDATAINDICATE?ZMAC
  +--> ?PR?_ZUSER_OOB_DATA_IND?Z_USER_ADC
  +--> ?PR?_ZMAC_DATA_IND?ZNWK_MAC_IND
  +--> ?PR?_ZMAC_COMM_STA_IND?ZNWK_MAC_IND
  +--> ?PR?_MACLIB_GET_PENDPACKET?ZMAC
  +--> ?PR?_MAKEASSOCIATEINDICATE?ZMAC
  +--> ?PR?_ZMAC_ASSO_IND?ZNWK_MAC_IND
  +--> ?PR?_MAKEASSORESCMDFRAME?ZMAC
  +--> ?PR?_MACLIB_TX_BEACON?ZMAC
  +--> ?PR?_MAKEORPHANINDICATE?ZMAC
  +--> ?PR?_ZMAC_ORPHAN_IND?ZNWK_MAC_IND
  +--> ?PR?_PROCESSORPHANRESPONSE?ZMAC
  +--> ?PR?_MAKEBEACONINFORMATION?ZMAC
  +--> ?PR?_ZMAC_BEA_NOTI_IND_RUNTIME?ZNWK_M...
  +--> ?PR?_MACLIB_TRANSMITOPERATE?ZMAC

?PR?_MAKEDATAINDICATE?ZMAC                       -----    -----      -----    -----      09CAH    0003H
  +--> ?PR?ZMAC

?PR?_ZUSER_OOB_DATA_IND?Z_USER_ADC               -----    -----      -----    -----      09CAH    0004H
  +--> ?PR?_ZSYS_WDT_SET?WDT
  +--> ?PR?_ZUSER_OOB_MNGT_IND?Z_USER_ADC
  +--> ?CO?Z_USER_ADC
  +--> ?PR?_ZPRINTF?UTIL_APP
  +--> ?PR?Z_USER_ADC
  +--> ?PR?_DISPLAY_BUFFER?UTIL_APP

?PR?_ZUSER_OOB_MNGT_IND?Z_USER_ADC               -----    -----      -----    -----      09CEH    0003H
  +--> ?PR?Z_USER_ADC
  +--> ?PR?ZOTA_REBOOT?REBOOT
  +--> ?PR?_ZSYS_WDT_SET?WDT
  +--> ?PR?ZOTA_FLASH_ERASE?Z_USER_ADC
  +--> ?PR?_ZMAC_DATA_REQ?ZMAC
  +--> ?PR?_ZOTA_PAGE_PROGRAM?Z_USER_ADC
  +--> ?PR?_ZOTA_PAGE_READ?Z_USER_ADC

?PR?ZOTA_REBOOT?REBOOT                           -----    -----      -----    -----      09D1H    0211H
  +--> ?PR?REBOOT
  +--> ?PR?ZOTA_SPI_OFF?REBOOT
  +--> ?PR?_TMPADD?REBOOT
  +--> ?PR?ZOTA_SPI_ON?REBOOT
  +--> ?PR?_ZOTA_SPI_MASTER_POLLING?REBOOT

?PR?ZOTA_SPI_OFF?REBOOT                          -----    -----      -----    -----      -----    -----
BL51 BANKED LINKER/LOCATER V6.22                                                      07/18/2011  11:54:08  PAGE 22


  +--> ?PR?_ZOTA_SPI_SET?REBOOT

?PR?ZOTA_SPI_ON?REBOOT                           -----    -----      -----    -----      -----    -----
  +--> ?PR?_ZOTA_SPI_SET?REBOOT

?PR?ZOTA_FLASH_ERASE?Z_USER_ADC                  -----    -----      -----    -----      09D1H    0001H
  +--> ?PR?ZOTA_SPI_ON?REBOOT
  +--> ?PR?_ZOTA_SPI_MASTER_POLLING?REBOOT
  +--> ?PR?ZOTA_SPI_OFF?REBOOT

?PR?_ZOTA_PAGE_PROGRAM?Z_USER_ADC                -----    -----      -----    -----      09D1H    000BH
  +--> ?PR?ZOTA_SPI_ON?REBOOT
  +--> ?PR?_ZOTA_SPI_MASTER_POLLING?REBOOT
  +--> ?PR?ZOTA_SPI_OFF?REBOOT
  +--> ?PR?Z_USER_ADC

?PR?_ZOTA_PAGE_READ?Z_USER_ADC                   -----    -----      -----    -----      09D1H    000DH
  +--> ?PR?ZOTA_SPI_OFF?REBOOT
  +--> ?PR?ZOTA_SPI_ON?REBOOT
  +--> ?PR?Z_USER_ADC
  +--> ?PR?_ZOTA_SPI_MASTER_POLLING?REBOOT

?PR?_ZPRINTF?UTIL_APP                            -----    -----      -----    -----      0A4DH    0070H
  +--> ?PR?UTIL_APP
  +--> ?PR?_ZSYS_WDT_SET?WDT
  +--> ?PR?_VSPRINTF?VSPRINTF
  +--> ?PR?_ZSYS_UART1_PUT?UART
  +--> ?PR?_ZSYS_UART0_PUT?UART

?PR?UTIL_APP                                     -----    -----      -----    -----      -----    -----
  +--> ?CO?UTIL_APP

?PR?_VSPRINTF?VSPRINTF                           -----    -----      -----    -----      0ABDH    0006H
  +--> ?PR?PRINTF?PRINTF

?PR?PRINTF?PRINTF                                0020H.0  0001H.1    0008H    0005H      0AC3H    0028H
  +--> ?PR?PUTCHAR?PUTCHAR

?PR?_ZSYS_UART1_PUT?UART                         -----    -----      -----    -----      -----    -----
  +--> ?PR?ZSYS_UART1_TXLEN?UART
  +--> ?PR?UART

?PR?ZSYS_UART1_TXLEN?UART                        -----    -----      -----    -----      -----    -----
  +--> ?PR?UART

?PR?_ZSYS_UART0_PUT?UART                         -----    -----      -----    -----      -----    -----
  +--> ?PR?ZSYS_UART0_TXLEN?UART
  +--> ?PR?UART

?PR?ZSYS_UART0_TXLEN?UART                        -----    -----      -----    -----      -----    -----
  +--> ?PR?UART

?PR?_DISPLAY_BUFFER?UTIL_APP                     -----    -----      -----    -----      0A0EH    0006H
  +--> ?CO?UTIL_APP
  +--> ?PR?_ZPRINTF?UTIL_APP
  +--> ?PR?UTIL_APP

BL51 BANKED LINKER/LOCATER V6.22                                                      07/18/2011  11:54:08  PAGE 23


?PR?_ZMAC_DATA_IND?ZNWK_MAC_IND                  -----    -----      -----    -----      09CAH    0023H
  +--> ?PR?ZNWK_MAC_IND
  +--> ?PR?_ZUSER_INTPR_DATA_IND?Z_USER_ADC
  +--> ?PR?_NWKLIB_PARSING_MSDU?ZNWK_MAC_IND
  +--> ?PR?_ZSEC_FINDNWKSECMATERIAL_WITHKEYS...
  +--> ?PR?_ZSEC_INCOMING_NWK_APS_SW?ZSEC
  +--> ?PR?_NWKLIB_FINDNT_EXPANDNWKADDR?ZNWK
  +--> ?PR?_NWKLIB_BTT_MANAGER?ZNWK
  +--> ?PR?_ZSYS_RANDOM_GEN_GET?UTIL_SYS
  +--> ?PR?_NWKLIB_SET_CONFLICTADDR?ZNWK
  +--> ?PR?_NWKLIB_DEVMGMT_DELETENWKADDR?ZNWK
  +--> ?PR?_NWKLIB_GET_RANDOMNWKADDR?ZNWK
  +--> ?PR?_ZSYS_SET_SHORT_ADDR?UTIL_SYS
  +--> ?PR?_ZUSER_NWK_NWKADDRUPDATE_IND?Z_US...
  +--> ?PR?_NWKLIB_SEND_ADDRCONFLICT?ZNWK
  +--> ?PR?_NWKLIB_CHECK_ADDRESSCONFLICTION_...
  +--> ?PR?_NWKLIB_PROC_ADDRCONFLICT?ZNWK
  +--> ?PR?_NWKLIB_DEVMGMT_DELETEIEEEADDR?ZNWK
  +--> ?PR?_NWKLIB_FINDNT_NWKADDR?ZNWK
  +--> ?PR?NWKLIB_FILL_ADDNT_DEFAULT?ZNWK
  +--> ?PR?_NWKLIB_DEVMGMT_ADDNT?ZNWK
  +--> ?PR?_NWKLIB_DEVMGMT_UPDATEIEEEADDR?ZNWK
  +--> ?PR?_ZNWK_PROC_NWK_STA?ZNWK_MAC_IND
  +--> ?PR?_ZNWK_PROC_LEAVE?ZNWK_MAC_IND
  +--> ?PR?_ZNWK_PROC_REJ_RSP?ZNWK_MAC_IND
  +--> ?PR?_ZNWK_PROC_NWK_UPDATE?ZNWK_MAC_IND
  +--> ?PR?_ZNWK_PROC_ROU_REQ?ZNWK_MAC_IND
  +--> ?PR?_ZNWK_PROC_ROU_REP?ZNWK_MAC_IND
  +--> ?PR?_ZNWK_PROC_ROU_REC?ZNWK_MAC_IND
  +--> ?PR?_ZNWK_PROC_REJ_REQ?ZNWK_MAC_IND
  +--> ?PR?_ZNWK_PROC_LINK_STA?ZNWK_MAC_IND
  +--> ?PR?_ZNWK_PROC_NWK_REPORT?ZNWK_MAC_IND
  +--> ?PR?_ZNWK_PROC_DATA_SRC_ROUTE?ZNWK_MA...
  +--> ?PR?_ZNWK_PROC_DATA_MULTI?ZNWK_MAC_IND
  +--> ?PR?_ZNWK_PROC_DATA_BROAD?ZNWK_MAC_IND
  +--> ?PR?_ZNWK_PROC_DATA_UNI?ZNWK_MAC_IND
  +--> ?PR?_ZSYS_GET_V_TIMER?MAIN
  +--> ?PR?_ZNWK_DATA_IND?ZAPS_NWK_IND

?PR?_NWKLIB_PARSING_MSDU?ZNWK_MAC_IND            -----    -----      -----    -----      09EDH    0007H
  +--> ?PR?ZNWK_MAC_IND

?PR?_ZSEC_INCOMING_NWK_APS_SW?ZSEC               -----    -----      -----    -----      09EDH    00A8H
  +--> ?PR?ZSEC
  +--> ?PR?_ZSEC_SW_BUFFERSWAP?ZSEC_SW
  +--> ?PR?_ZHAL_SEC_KEY_SET?SECURITY
  +--> ?PR?_ZSEC_SW_CCMMODEDECRYPT?ZSEC_SW

?PR?_ZSEC_SW_CCMMODEDECRYPT?ZSEC_SW              -----    -----      -----    -----      0A95H    0341H
  +--> ?PR?ZSEC_SW
  +--> ?PR?_ZSEC_SW_MAKECCMBLOCK?ZSEC_SW
  +--> ?PR?_ZSEC_SW_MAKEKEYSTREAM?ZSEC_SW
  +--> ?PR?_ZSEC_SW_GETCIPHERANDMIC?ZSEC_SW
  +--> ?PR?_ZSEC_SW_ENCRYPTCCMBLOCK?ZSEC_SW

?PR?_NWKLIB_FINDNT_EXPANDNWKADDR?ZNWK            -----    -----      -----    -----      0A47H    0007H
  +--> ?PR?ZNWK
BL51 BANKED LINKER/LOCATER V6.22                                                      07/18/2011  11:54:08  PAGE 24



?PR?_NWKLIB_BTT_MANAGER?ZNWK                     -----    -----      -----    -----      0A46H    0007H
  +--> ?PR?ZNWK

?PR?_NWKLIB_SET_CONFLICTADDR?ZNWK                -----    -----      -----    -----      0A1AH    0002H
  +--> ?PR?_ZSYS_GET_Q_TIMER?MAIN
  +--> ?PR?_ZSYS_SET_Q_TIMER?MAIN

?PR?_NWKLIB_DEVMGMT_DELETENWKADDR?ZNWK           -----    -----      -----    -----      0A1AH    0002H
  +--> ?PR?_NWKLIB_FINDNT_NWKADDR?ZNWK
  +--> ?PR?_NWKLIB_DELETENT?ZNWK
  +--> ?PR?_NWKLIB_FINDNAM_NWKADDR?ZNWK
  +--> ?PR?_NWKLIB_DELETENAM?ZNWK

?PR?_NWKLIB_GET_RANDOMNWKADDR?ZNWK               -----    -----      -----    -----      -----    -----
  +--> ?PR?_ZSYS_RANDOM_GEN_GET?UTIL_SYS
  +--> ?PR?_NWKLIB_FINDNT_NWKADDR?ZNWK
  +--> ?PR?_NWKLIB_FINDNAM_NWKADDR?ZNWK

?PR?_ZUSER_NWK_NWKADDRUPDATE_IND?Z_US...         -----    -----      -----    -----      09FBH    0004H
  +--> ?CO?Z_USER_ADC
  +--> ?PR?_ZPRINTF?UTIL_APP
  +--> ?PR?Z_USER_ADC
  +--> ?PR?ZSYS_SEND_DEVICE_ANNOUNCE?Z_USER_ADC

?PR?ZSYS_SEND_DEVICE_ANNOUNCE?Z_USER_ADC         -----    -----      -----    -----      -----    -----
  +--> ?PR?Z_USER_ADC
  +--> ?PR?_ZAPS_DATA_REQ?ZAPS

?PR?_ZAPS_DATA_REQ?ZAPS                          -----    -----      -----    -----      0A0FH    0010H
  +--> ?PR?ZAPS
  +--> ?PR?_APSLIB_BINDCOUNTCHECK?ZAPS
  +--> ?PR?_APSLIB_FINDBT_CLUSTERANDEP?ZAPS
  +--> ?PR?_APSLIB_TXMODEGET?ZAPS
  +--> ?PR?_APSLIB_TRANSMIT_DATA?ZAPS

?PR?_APSLIB_BINDCOUNTCHECK?ZAPS                  -----    -----      -----    -----      0A1FH    0005H
  +--> ?PR?ZAPS

?PR?_APSLIB_FINDBT_CLUSTERANDEP?ZAPS             -----    -----      -----    -----      0A1FH    0003H
  +--> ?PR?ZAPS

?PR?_APSLIB_TXMODEGET?ZAPS                       -----    -----      -----    -----      0A1FH    000AH
  +--> ?PR?ZAPS
  +--> ?PR?_NWKLIB_DEVMGMT_GETNWKADDR?ZNWK

?PR?_NWKLIB_DEVMGMT_GETNWKADDR?ZNWK              -----    -----      -----    -----      0A29H    0006H
  +--> ?PR?_NWKLIB_FINDNT_IEEEADDR?ZNWK
  +--> ?PR?ZNWK
  +--> ?PR?_NWKLIB_FINDNAM_IEEEADDR?ZNWK

?PR?_NWKLIB_FINDNT_IEEEADDR?ZNWK                 -----    -----      -----    -----      0A2FH    0004H
  +--> ?PR?ZNWK

?PR?_NWKLIB_FINDNAM_IEEEADDR?ZNWK                -----    -----      -----    -----      0A2FH    0003H
  +--> ?PR?ZNWK

BL51 BANKED LINKER/LOCATER V6.22                                                      07/18/2011  11:54:08  PAGE 25


?PR?_APSLIB_TRANSMIT_DATA?ZAPS                   -----    -----      -----    -----      0A1FH    000BH
  +--> ?PR?ZAPS
  +--> ?PR?_APSLIB_MAKE_HEADER?ZAPS
  +--> ?PR?_APSLIB_TRANSMIT?ZAPS

?PR?_APSLIB_MAKE_HEADER?ZAPS                     -----    -----      -----    -----      0A2AH    0007H
  +--> ?PR?ZAPS

?PR?_APSLIB_TRANSMIT?ZAPS                        -----    -----      -----    -----      0A2AH    000EH
  +--> ?PR?ZAPS
  +--> ?PR?_ZNWK_DATA_REQ?ZNWK
  +--> ?PR?_ZNWK_ROUTE_DISC_REQ?ZNWK
  +--> ?PR?_ZSYS_SET_Q_TIMER?MAIN

?PR?_ZNWK_DATA_REQ?ZNWK                          -----    -----      -----    -----      0A38H    0006H
  +--> ?PR?ZNWK
  +--> ?PR?_ZSYS_GET_V_TIMER?MAIN
  +--> ?PR?_ZNWK_DATA_REQ_ZED?ZNWK
  +--> ?PR?_ZNWK_DATA_REQ_MULTICAST?ZNWK
  +--> ?PR?_ZNWK_DATA_REQ_UNICAST?ZNWK
  +--> ?PR?_ZNWK_DATA_REQ_BROADCAST?ZNWK

?PR?_ZNWK_DATA_REQ_ZED?ZNWK                      -----    -----      -----    -----      0A3EH    0009H
  +--> ?PR?ZNWK
  +--> ?PR?_NWKLIB_FINDNT_EXPANDNWKADDR?ZNWK
  +--> ?PR?_NWKLIB_FILL_HEADER_V2?ZNWK
  +--> ?PR?NWKLIB_MAKE_HEADER_V2?ZNWK
  +--> ?PR?_NWKLIB_FILL_MAC_V2?ZNWK
  +--> ?PR?_NWKLIB_TRANSMIT?ZNWK
  +--> ?PR?_NWKLIB_DELETENT?ZNWK

?PR?_ZNWK_DATA_REQ_MULTICAST?ZNWK                -----    -----      -----    -----      0A3EH    0006H
  +--> ?PR?_ZSYS_GET_V_TIMER?MAIN
  +--> ?PR?ZNWK
  +--> ?PR?_NWKLIB_FILL_HEADER_V2?ZNWK
  +--> ?PR?_NWKLIB_FINDGID_GROUP?ZNWK
  +--> ?PR?_NWKLIB_BTT_MANAGER?ZNWK
  +--> ?PR?NWKLIB_MAKE_HEADER_V2?ZNWK
  +--> ?PR?_NWKLIB_TRANSMIT?ZNWK
  +--> ?PR?_NWKLIB_QUEUING?ZNWK
  +--> ?PR?_NWKLIB_FINDRT_ENTRY?ZNWK

?PR?_NWKLIB_FINDGID_GROUP?ZNWK                   -----    -----      -----    -----      0A46H    0002H
  +--> ?PR?ZNWK

?PR?_NWKLIB_QUEUING?ZNWK                         -----    -----      -----    -----      0A46H    0003H
  +--> ?PR?ZNWK
  +--> ?PR?_ZSYS_SET_Q_TIMER?MAIN

?PR?_NWKLIB_FINDRT_ENTRY?ZNWK                    -----    -----      -----    -----      0A4DH    0003H
  +--> ?PR?ZNWK

?PR?_ZNWK_DATA_REQ_UNICAST?ZNWK                  -----    -----      -----    -----      0A3EH    000CH
  +--> ?PR?ZNWK
  +--> ?PR?_ZSYS_GET_V_TIMER?MAIN
  +--> ?PR?_SELECT_NEXTHOP_DEVICE?ZNWK
  +--> ?PR?_NWKLIB_FILL_HEADER_V2?ZNWK
BL51 BANKED LINKER/LOCATER V6.22                                                      07/18/2011  11:54:08  PAGE 26


  +--> ?PR?NWKLIB_MAKE_HEADER_V2?ZNWK
  +--> ?PR?_NWKLIB_TRANSMIT?ZNWK
  +--> ?PR?_NWKLIB_FILL_MAC_V2?ZNWK
  +--> ?PR?_NWKLIB_FINDNT_NWKADDR?ZNWK
  +--> ?PR?_NWKLIB_DELETENT?ZNWK
  +--> ?PR?_ZUSER_NWK_STATUS_IND?Z_USER_ADC

?PR?_SELECT_NEXTHOP_DEVICE?ZNWK                  -----    -----      -----    -----      0A4AH    0003H
  +--> ?PR?_NWKLIB_FINDNT_NWKADDR?ZNWK
  +--> ?PR?ZNWK
  +--> ?PR?_NWKLIB_FINDRT_ENTRY?ZNWK
  +--> ?PR?_NWKLIB_FINDRRECT_TARGET?ZNWK
  +--> ?PR?_NWKLIB_CHECK_ROUTECAPA?ZNWK

?PR?_NWKLIB_FINDRRECT_TARGET?ZNWK                -----    -----      -----    -----      0A4DH    0002H
  +--> ?PR?ZNWK

?PR?_NWKLIB_CHECK_ROUTECAPA?ZNWK                 -----    -----      -----    -----      -----    -----
  +--> ?PR?_NWKLIB_FINDRT_ENTRY?ZNWK
  +--> ?PR?NWKLIB_FINDRT_EMPTY?ZNWK
  +--> ?PR?NWKLIB_FINDRDT_EMPTY?ZNWK

?PR?NWKLIB_FINDRT_EMPTY?ZNWK                     -----    -----      -----    -----      -----    -----
  +--> ?PR?ZNWK

?PR?NWKLIB_FINDRDT_EMPTY?ZNWK                    -----    -----      -----    -----      -----    -----
  +--> ?PR?ZNWK
  +--> ?PR?_NWKLIB_GETRDT_EXPTIME?ZNWK

[...]
  D:0006H         SYMBOL        Num1
  X:0E27H         SYMBOL        AuthenPaddingNum
  X:0E28H         SYMBOL        MessagePaddingNum
  D:0007H         SYMBOL        M2
  -------         ENDDO         
  C:3FA3H         LINE#         21
  C:3FA9H         LINE#         22
  C:3FA9H         LINE#         31
  C:3FB1H         LINE#         32
  C:3FB6H         LINE#         33
BL51 BANKED LINKER/LOCATER V6.22                                                      07/18/2011  11:54:08  PAGE 342


  C:3FBFH         LINE#         34
  C:3FCBH         LINE#         35
  C:3FD7H         LINE#         36
  C:3FE3H         LINE#         37
  C:3FEFH         LINE#         38
  C:3FFBH         LINE#         39
  C:4007H         LINE#         40
  C:4013H         LINE#         41
  C:401FH         LINE#         42
  C:402BH         LINE#         43
  C:4037H         LINE#         44
  C:4043H         LINE#         45
  C:404FH         LINE#         46
  C:405FH         LINE#         47
  C:4066H         LINE#         48
  C:4070H         LINE#         50
  C:4077H         LINE#         57
  C:407CH         LINE#         58
  C:407CH         LINE#         59
  C:407CH         LINE#         60
  C:407EH         LINE#         62
  C:407EH         LINE#         63
  C:4086H         LINE#         64
  C:4086H         LINE#         66
  C:4090H         LINE#         67
  C:4097H         LINE#         68
  C:40B0H         LINE#         69
  C:40D0H         LINE#         71
  C:40E1H         LINE#         77
  C:40EAH         LINE#         78
  C:40EAH         LINE#         79
  C:40EAH         LINE#         80
  C:40ECH         LINE#         82
  C:40ECH         LINE#         83
  C:40F4H         LINE#         84
  C:40F4H         LINE#         86
  C:4110H         LINE#         87
  C:4134H         LINE#         88
  C:4145H         LINE#         90
  C:4147H         LINE#         92
  -------         ENDPROC       _ZSEC_SW_MAKECCMBLOCK
  -------         PROC          _ZSEC_SW_AES
  D:0001H         SYMBOL        pIn
  X:0E39H         SYMBOL        pOut
  -------         DO            
  D:0007H         SYMBOL        i
  X:0E3CH         SYMBOL        SwapBuf
  -------         ENDDO         
  C:5CD7H         LINE#         94
  C:5CD7H         LINE#         95
  C:5CD7H         LINE#         99
  C:5CF5H         LINE#         100
  C:5D06H         LINE#         101
  C:5D2CH         LINE#         102
  -------         ENDPROC       _ZSEC_SW_AES
  C:4F7CH         SYMBOL        L?0089
  -------         PROC          _ZSEC_SW_GETCIPHERANDMIC
BL51 BANKED LINKER/LOCATER V6.22                                                      07/18/2011  11:54:08  PAGE 343


  X:0E1AH         SYMBOL        pA
  X:0E1DH         SYMBOL        pC
  X:0E20H         SYMBOL        pB
  X:0E23H         SYMBOL        MsgBlockNum
  X:0E24H         SYMBOL        BlockCnt
  X:0E25H         SYMBOL        pTag
  X:0E28H         SYMBOL        M
  -------         DO            
  X:0E29H         SYMBOL        i
  X:0E2BH         SYMBOL        n
  X:0E2DH         SYMBOL        num
  -------         ENDDO         
  C:4E7BH         LINE#         104
  C:4E81H         LINE#         105
  C:4E81H         LINE#         109
  C:4E96H         LINE#         110
  C:4EA5H         LINE#         111
  C:4EA5H         LINE#         112
  C:4EBEH         LINE#         113
  C:4EC3H         LINE#         116
  C:4ED9H         LINE#         117
  C:4ED9H         LINE#         118
  C:4EEAH         LINE#         119
  C:4F0FH         LINE#         121
  C:4F1AH         LINE#         122
  C:4F1AH         LINE#         123
  C:4F6DH         LINE#         124
  C:4F72H         LINE#         125
  C:4F7BH         LINE#         126
  -------         ENDPROC       _ZSEC_SW_GETCIPHERANDMIC
  -------         PROC          _ZSEC_SW_MAKEKEYSTREAM
  X:0E1AH         SYMBOL        pA
  X:0E1DH         SYMBOL        pNonce
  X:0E20H         SYMBOL        BlockCnt
  -------         DO            
  X:0E21H         SYMBOL        i
  X:0E23H         SYMBOL        num
  -------         ENDDO         
  C:0ED7H         LINE#         128
  C:0EDDH         LINE#         129
  C:0EDDH         LINE#         133
  C:0EFEH         LINE#         134
  C:0EFEH         LINE#         135
  C:0F13H         LINE#         136
  C:0F27H         LINE#         137
  C:0F39H         LINE#         138
  C:0F44H         LINE#         139
  C:0F4FH         LINE#         140
  C:0F5AH         LINE#         141
  C:0F65H         LINE#         142
  C:0F70H         LINE#         143
  C:0F7BH         LINE#         144
  C:0F86H         LINE#         145
  C:0F91H         LINE#         146
  C:0F9CH         LINE#         147
  C:0FA7H         LINE#         148
  C:0FB2H         LINE#         149
BL51 BANKED LINKER/LOCATER V6.22                                                      07/18/2011  11:54:08  PAGE 344


  C:0FCCH         LINE#         150
  C:0FE0H         LINE#         151
  C:0FF3H         LINE#         152
  C:0FFCH         LINE#         153
  -------         ENDPROC       _ZSEC_SW_MAKEKEYSTREAM
  -------         PROC          _ZSEC_SW_ENCRYPTCCMBLOCK
  X:0E1AH         SYMBOL        pB
  X:0E1DH         SYMBOL        pX
  X:0E20H         SYMBOL        BlockCnt
  -------         DO            
  X:0E21H         SYMBOL        i
  X:0E23H         SYMBOL        n
  X:0E25H         SYMBOL        B_XOR_X
  X:0E35H         SYMBOL        BNum
  -------         ENDDO         
  C:5303H         LINE#         155
  C:5309H         LINE#         156
  C:5309H         LINE#         162
  C:5318H         LINE#         164
  C:532AH         LINE#         165
  C:532AH         LINE#         166
  C:5333H         LINE#         168
  C:5342H         LINE#         169
  C:5342H         LINE#         170
  C:537BH         LINE#         171
  C:5383H         LINE#         172
  C:539CH         LINE#         173
  C:53A5H         LINE#         174
  -------         ENDPROC       _ZSEC_SW_ENCRYPTCCMBLOCK
  -------         PROC          _ZSEC_SW_CCMMODEENCRYPT
  X:0AF9H         SYMBOL        pIn
  X:0AFCH         SYMBOL        pOut
  X:0AFFH         SYMBOL        pNonce
  X:0B02H         SYMBOL        La
  X:0B03H         SYMBOL        Lm
  X:0B04H         SYMBOL        M
  -------         DO            
  X:0B05H         SYMBOL        A
  X:0BC5H         SYMBOL        B
  X:0C85H         SYMBOL        C
  X:0D45H         SYMBOL        X
  D:0001H         SYMBOL        pBuf
  X:0E05H         SYMBOL        AuthenTag
  D:0007H         SYMBOL        BlockCnt_Total
  X:0E15H         SYMBOL        BlockSizeInByte
  X:0E16H         SYMBOL        BlockCnt_Auth
  D:0006H         SYMBOL        RemainCnt_Auth
  X:0E17H         SYMBOL        BlockCnt_Msg
  X:0E18H         SYMBOL        RemainCnt_Msg
  X:0E19H         SYMBOL        Len1
  -------         ENDDO         
  C:45E0H         LINE#         183
  C:45E6H         LINE#         184
  C:45E6H         LINE#         207
  C:45EDH         LINE#         208
  C:45F4H         LINE#         214
  C:4603H         LINE#         215
BL51 BANKED LINKER/LOCATER V6.22                                                      07/18/2011  11:54:08  PAGE 345


  C:4606H         LINE#         216
  C:460BH         LINE#         218
  C:4617H         LINE#         219
  C:461CH         LINE#         220
  C:4624H         LINE#         222
  C:4654H         LINE#         223
  C:4659H         LINE#         225
  C:4671H         LINE#         226
  C:4675H         LINE#         227
  C:4689H         LINE#         229
  C:46A1H         LINE#         230
  C:46DFH         LINE#         236
  C:46E9H         LINE#         237
  C:46E9H         LINE#         238
  C:46EDH         LINE#         239
  C:46EFH         LINE#         241
  C:46EFH         LINE#         242
  C:46F9H         LINE#         243
  C:46F9H         LINE#         245
  C:470CH         LINE#         246
  C:4723H         LINE#         247
  -------         ENDPROC       _ZSEC_SW_CCMMODEENCRYPT
  C:42D3H         SYMBOL        L?0067
  C:42DEH         SYMBOL        L?0071
  -------         PROC          _ZSEC_SW_CCMMODEDECRYPT
  X:0A95H         SYMBOL        pIn
  X:0A98H         SYMBOL        pOut
  X:0A9BH         SYMBOL        pNonce
  X:0A9EH         SYMBOL        La
  X:0A9FH         SYMBOL        Lm
  X:0AA0H         SYMBOL        M
  -------         DO            
  X:0AA1H         SYMBOL        B
  X:0B61H         SYMBOL        X
  X:0C21H         SYMBOL        A
  X:0CE1H         SYMBOL        C
  X:0DA1H         SYMBOL        BlockCnt_Auth
  D:0007H         SYMBOL        RemainCnt_Auth
  X:0DA2H         SYMBOL        BlockCnt_Msg
  D:0007H         SYMBOL        RemainCnt_Msg
  X:0DA3H         SYMBOL        BlockSizeInByte
  X:0DA4H         SYMBOL        BlockCnt_Total
  X:0DA5H         SYMBOL        RxMicCode
  X:0DB5H         SYMBOL        AuthenTag_Extract
  X:0DC5H         SYMBOL        AuthenTag_Rx
  X:0DD5H         SYMBOL        ERR
  -------         ENDDO         
  C:4148H         LINE#         251
  C:414EH         LINE#         252
  C:414EH         LINE#         271
  C:415CH         LINE#         272
  C:415FH         LINE#         273
  C:4164H         LINE#         275
  C:4170H         LINE#         276
  C:4174H         LINE#         277
  C:4179H         LINE#         279
  C:41ACH         LINE#         280
BL51 BANKED LINKER/LOCATER V6.22                                                      07/18/2011  11:54:08  PAGE 346


  C:41B3H         LINE#         282
  C:41CBH         LINE#         284
  C:41EEH         LINE#         285
  C:422CH         LINE#         286
  C:4237H         LINE#         287
  C:424EH         LINE#         289
  C:4269H         LINE#         290
  C:4285H         LINE#         292
  C:42A1H         LINE#         293
  C:42A1H         LINE#         294
  C:42A2H         LINE#         295
  C:42A4H         LINE#         297
  C:42A4H         LINE#         298
  C:42A7H         LINE#         299
  C:42A7H         LINE#         301
  C:42BDH         LINE#         302
  C:42CDH         LINE#         304
  C:42D2H         LINE#         305
  -------         ENDPROC       _ZSEC_SW_CCMMODEDECRYPT
  -------         ENDMOD        ZSEC_SW

  -------         MODULE        ?C?COPY
  C:0146H         PUBLIC        ?C?COPY
  -------         ENDMOD        ?C?COPY

  -------         MODULE        ?C?CLDPTR
  C:016CH         PUBLIC        ?C?CLDPTR
  -------         ENDMOD        ?C?CLDPTR

  -------         MODULE        ?C?CLDOPTR
  C:0185H         PUBLIC        ?C?CLDOPTR
  -------         ENDMOD        ?C?CLDOPTR

  -------         MODULE        ?C?CILDPTR
  C:01B2H         PUBLIC        ?C?CILDPTR
  -------         ENDMOD        ?C?CILDPTR

  -------         MODULE        ?C?CILDOPTR
  C:01D4H         PUBLIC        ?C?CILDOPTR
  -------         ENDMOD        ?C?CILDOPTR

  -------         MODULE        ?C?CSTPTR
  C:0207H         PUBLIC        ?C?CSTPTR
  -------         ENDMOD        ?C?CSTPTR

  -------         MODULE        ?C?CSTOPTR
  C:0219H         PUBLIC        ?C?CSTOPTR
  -------         ENDMOD        ?C?CSTOPTR

  -------         MODULE        ?C?IMUL
  C:023BH         PUBLIC        ?C?IMUL
  -------         ENDMOD        ?C?IMUL

  -------         MODULE        ?C?UIDIV
  C:024DH         PUBLIC        ?C?UIDIV
  -------         ENDMOD        ?C?UIDIV

BL51 BANKED LINKER/LOCATER V6.22                                                      07/18/2011  11:54:08  PAGE 347


  -------         MODULE        ?C?IILDX
  C:02A2H         PUBLIC        ?C?IILDX
  -------         ENDMOD        ?C?IILDX

  -------         MODULE        ?C?ILDIX
  C:02B8H         PUBLIC        ?C?ILDIX
  -------         ENDMOD        ?C?ILDIX

  -------         MODULE        ?C?ILDPTR
  C:02CEH         PUBLIC        ?C?ILDPTR
  -------         ENDMOD        ?C?ILDPTR

  -------         MODULE        ?C?ILDOPTR
  C:02F9H         PUBLIC        ?C?ILDOPTR
  -------         ENDMOD        ?C?ILDOPTR

  -------         MODULE        ?C?ISTPTR
  C:0331H         PUBLIC        ?C?ISTPTR
  -------         ENDMOD        ?C?ISTPTR

  -------         MODULE        ?C?ISTOPTR
  C:0350H         PUBLIC        ?C?ISTOPTR
  -------         ENDMOD        ?C?ISTOPTR

  -------         MODULE        ?C?LADD
  C:037DH         PUBLIC        ?C?LADD
  -------         ENDMOD        ?C?LADD

  -------         MODULE        ?C?LMUL
  C:038AH         PUBLIC        ?C?LMUL
  -------         ENDMOD        ?C?LMUL

  -------         MODULE        ?C?ULDIV
  C:0415H         PUBLIC        ?C?ULDIV
  -------         ENDMOD        ?C?ULDIV

  -------         MODULE        ?C?LAND
  C:04A7H         PUBLIC        ?C?LAND
  -------         ENDMOD        ?C?LAND

  -------         MODULE        ?C?LOR
  C:04B4H         PUBLIC        ?C?LOR
  -------         ENDMOD        ?C?LOR

  -------         MODULE        ?C?LXOR
  C:04C1H         PUBLIC        ?C?LXOR
  -------         ENDMOD        ?C?LXOR

  -------         MODULE        ?C?ULCMP
  C:04CEH         PUBLIC        ?C?ULCMP
  -------         ENDMOD        ?C?ULCMP

  -------         MODULE        ?C?ULSHR
  C:04DFH         PUBLIC        ?C?ULSHR
  -------         ENDMOD        ?C?ULSHR

  -------         MODULE        ?C?LSHL
BL51 BANKED LINKER/LOCATER V6.22                                                      07/18/2011  11:54:08  PAGE 348


  C:04F2H         PUBLIC        ?C?LSHL
  -------         ENDMOD        ?C?LSHL

  -------         MODULE        ?C?LLDPTR
  C:0505H         PUBLIC        ?C?LLDPTR
  -------         ENDMOD        ?C?LLDPTR

  -------         MODULE        ?C?LLDOPTR
  C:0525H         PUBLIC        ?C?LLDOPTR
  -------         ENDMOD        ?C?LLDOPTR

  -------         MODULE        ?C?LSTPTR
  C:0555H         PUBLIC        ?C?LSTPTR
  -------         ENDMOD        ?C?LSTPTR

  -------         MODULE        ?C?LSTOPTR
  C:056FH         PUBLIC        ?C?LSTOPTR
  -------         ENDMOD        ?C?LSTOPTR

  -------         MODULE        ?C?LLDXDATA
  C:0593H         PUBLIC        ?C?LLDXDATA
  -------         ENDMOD        ?C?LLDXDATA

  -------         MODULE        ?C?LLDXDATA0
  C:059FH         PUBLIC        ?C?LLDXDATA0
  -------         ENDMOD        ?C?LLDXDATA0

  -------         MODULE        ?C?LLDOPTR0
  C:05ABH         PUBLIC        ?C?LLDOPTR0
  -------         ENDMOD        ?C?LLDOPTR0

  -------         MODULE        ?C?LSTXDATA
  C:05DBH         PUBLIC        ?C?LSTXDATA
  -------         ENDMOD        ?C?LSTXDATA

  -------         MODULE        ?C?LSTKXDATA
  C:05E7H         PUBLIC        ?C?LSTKXDATA
  -------         ENDMOD        ?C?LSTKXDATA

  -------         MODULE        ?C?LSTKOPTR
  C:0618H         PUBLIC        ?C?LSTKOPTR
  -------         ENDMOD        ?C?LSTKOPTR

  -------         MODULE        ?C?OFFXADD
  C:063CH         PUBLIC        ?C?OFFXADD
  -------         ENDMOD        ?C?OFFXADD

  -------         MODULE        ?C?PLDXDATA
  C:0648H         PUBLIC        ?C?PLDXDATA
  -------         ENDMOD        ?C?PLDXDATA

  -------         MODULE        ?C?PSTXDATA
  C:0651H         PUBLIC        ?C?PSTXDATA
  -------         ENDMOD        ?C?PSTXDATA

  -------         MODULE        ?C?PLDOPTR
  C:065AH         PUBLIC        ?C?PLDOPTR
BL51 BANKED LINKER/LOCATER V6.22                                                      07/18/2011  11:54:08  PAGE 349


  -------         ENDMOD        ?C?PLDOPTR

  -------         MODULE        ?C?PSTOPTR
  C:068AH         PUBLIC        ?C?PSTOPTR
  -------         ENDMOD        ?C?PSTOPTR

  -------         MODULE        ?C?CCASE
  C:06E3H         PUBLIC        ?C?CCASE
  -------         ENDMOD        ?C?CCASE

  -------         MODULE        ?C?ICASE
  C:0709H         PUBLIC        ?C?ICASE
  -------         ENDMOD        ?C?ICASE

  -------         MODULE        ?C?LCASE
  C:0736H         PUBLIC        ?C?LCASE
  -------         ENDMOD        ?C?LCASE

  -------         MODULE        ?C_XBP
  D:000DH         PUBLIC        ?C_XBP
  -------         ENDMOD        ?C_XBP

  -------         MODULE        RAND
  X:17DCH         PUBLIC        ?SRAND?BYTE
  C:5EC2H         PUBLIC        RAND
  C:5F00H         PUBLIC        _SRAND
  -------         ENDMOD        RAND

  -------         MODULE        TOINT
  C:62CDH         PUBLIC        _TOINT
  -------         ENDMOD        TOINT

  -------         MODULE        TOUPPER
  C:63BDH         PUBLIC        _toupper
  -------         ENDMOD        TOUPPER

  -------         MODULE        ?C?MEMCMP
  C:08F6H         PUBLIC        ?C?MEMCMP
  -------         ENDMOD        ?C?MEMCMP

  -------         MODULE        ?C?MEMSET
  C:091AH         PUBLIC        ?C?MEMSET
  -------         ENDMOD        ?C?MEMSET

  -------         MODULE        VSPRINTF
  X:0ABAH         PUBLIC        ?_VSPRINTF?BYTE
  C:5F5BH         PUBLIC        _VSPRINTF
  -------         ENDMOD        VSPRINTF

  -------         MODULE        ?C?LLDIDATA
  C:0946H         PUBLIC        ?C?LLDIDATA
  -------         ENDMOD        ?C?LLDIDATA

  -------         MODULE        ?C?LLDPDATA
  C:0952H         PUBLIC        ?C?LLDPDATA
  -------         ENDMOD        ?C?LLDPDATA

BL51 BANKED LINKER/LOCATER V6.22                                                      07/18/2011  11:54:08  PAGE 350


  -------         MODULE        ?C?LLDCODE
  C:095EH         PUBLIC        ?C?LLDCODE
  -------         ENDMOD        ?C?LLDCODE

  -------         MODULE        ?C?LLDIDATA0
  C:096EH         PUBLIC        ?C?LLDIDATA0
  -------         ENDMOD        ?C?LLDIDATA0

  -------         MODULE        ?C?LLDPDATA0
  C:097BH         PUBLIC        ?C?LLDPDATA0
  -------         ENDMOD        ?C?LLDPDATA0

  -------         MODULE        ?C?LLDCODE0
  C:0988H         PUBLIC        ?C?LLDCODE0
  -------         ENDMOD        ?C?LLDCODE0

  -------         MODULE        ?C?LSTIDATA
  C:0998H         PUBLIC        ?C?LSTIDATA
  -------         ENDMOD        ?C?LSTIDATA

  -------         MODULE        ?C?LSTPDATA
  C:09A4H         PUBLIC        ?C?LSTPDATA
  -------         ENDMOD        ?C?LSTPDATA

  -------         MODULE        ?C?LSTKIDATA
  C:09B0H         PUBLIC        ?C?LSTKIDATA
  -------         ENDMOD        ?C?LSTKIDATA

  -------         MODULE        ?C?LSTKPDATA
  C:09C9H         PUBLIC        ?C?LSTKPDATA
  -------         ENDMOD        ?C?LSTKPDATA

  -------         MODULE        ?C?PLDIDATA
  C:09E2H         PUBLIC        ?C?PLDIDATA
  -------         ENDMOD        ?C?PLDIDATA

  -------         MODULE        ?C?PSTIDATA
  C:09EBH         PUBLIC        ?C?PSTIDATA
  -------         ENDMOD        ?C?PSTIDATA

  -------         MODULE        ?C?PLDPDATA
  C:09F4H         PUBLIC        ?C?PLDPDATA
  -------         ENDMOD        ?C?PLDPDATA

  -------         MODULE        ?C?PSTPDATA
  C:09FDH         PUBLIC        ?C?PSTPDATA
  -------         ENDMOD        ?C?PSTPDATA

  -------         MODULE        ?C?PLDCODE
  C:0A06H         PUBLIC        ?C?PLDCODE
  -------         ENDMOD        ?C?PLDCODE

  -------         MODULE        PRINTF
  X:0AC3H         PUBLIC        ?_PRINTF517?BYTE
  X:0AC3H         PUBLIC        ?_PRINTF?BYTE
  X:0AC3H         PUBLIC        ?_SPRINTF517?BYTE
  X:0AC3H         PUBLIC        ?_SPRINTF?BYTE
BL51 BANKED LINKER/LOCATER V6.22                                                      07/18/2011  11:54:08  PAGE 351


  C:2529H         PUBLIC        _PRINTF
  C:2529H         PUBLIC        _PRINTF517
  C:2523H         PUBLIC        _SPRINTF
  C:2523H         PUBLIC        _SPRINTF517
  -------         ENDMOD        PRINTF

  -------         MODULE        ?C?PLDIXDATA
  C:0A12H         PUBLIC        ?C?PLDIXDATA
  -------         ENDMOD        ?C?PLDIXDATA

  -------         MODULE        PUTCHAR
  C:62A6H         PUBLIC        _PUTCHAR
  -------         ENDMOD        PUTCHAR

Program Size: data=18.7 xdata=6127 code=86691
LINK/LOCATE RUN COMPLETE.  0 WARNING(S),  0 ERROR(S)
